Archive member included to satisfy reference by file (symbol)

c:/nxp/mcuxpressoide_11.6.0_8187/ide/plugins/com.nxp.mcuxpresso.tools.win32_11.6.0.202112161359/tools/bin/../lib/gcc/arm-none-eabi/10.3.1/../../../../arm-none-eabi/lib/thumb/v6-m/nofp\libm.a(lib_a-s_round.o)
                              ./framework/XCVR/MKW41Z4/fsl_xcvr.o (round)
c:/nxp/mcuxpressoide_11.6.0_8187/ide/plugins/com.nxp.mcuxpresso.tools.win32_11.6.0.202112161359/tools/bin/../lib/gcc/arm-none-eabi/10.3.1/../../../../arm-none-eabi/lib/thumb/v6-m/nofp\libm.a(lib_a-s_trunc.o)
                              ./framework/XCVR/MKW41Z4/fsl_xcvr.o (trunc)
c:/nxp/mcuxpressoide_11.6.0_8187/ide/plugins/com.nxp.mcuxpresso.tools.win32_11.6.0.202112161359/tools/bin/../lib/gcc/arm-none-eabi/10.3.1/../../../../arm-none-eabi/lib/thumb/v6-m/nofp\libm.a(lib_a-sf_round.o)
                              ./framework/XCVR/MKW41Z4/fsl_xcvr_trim.o (roundf)
c:/nxp/mcuxpressoide_11.6.0_8187/ide/plugins/com.nxp.mcuxpresso.tools.win32_11.6.0.202112161359/tools/bin/../lib/gcc/arm-none-eabi/10.3.1/../../../../arm-none-eabi/lib/thumb/v6-m/nofp\libc.a(lib_a-exit.o)
                              c:/nxp/mcuxpressoide_11.6.0_8187/ide/plugins/com.nxp.mcuxpresso.tools.win32_11.6.0.202112161359/tools/bin/../lib/gcc/arm-none-eabi/10.3.1/../../../../arm-none-eabi/lib/thumb/v6-m/nofp/crt0.o (exit)
c:/nxp/mcuxpressoide_11.6.0_8187/ide/plugins/com.nxp.mcuxpresso.tools.win32_11.6.0.202112161359/tools/bin/../lib/gcc/arm-none-eabi/10.3.1/../../../../arm-none-eabi/lib/thumb/v6-m/nofp\libc.a(lib_a-impure.o)
                              c:/nxp/mcuxpressoide_11.6.0_8187/ide/plugins/com.nxp.mcuxpresso.tools.win32_11.6.0.202112161359/tools/bin/../lib/gcc/arm-none-eabi/10.3.1/../../../../arm-none-eabi/lib/thumb/v6-m/nofp\libc.a(lib_a-exit.o) (_global_impure_ptr)
c:/nxp/mcuxpressoide_11.6.0_8187/ide/plugins/com.nxp.mcuxpresso.tools.win32_11.6.0.202112161359/tools/bin/../lib/gcc/arm-none-eabi/10.3.1/../../../../arm-none-eabi/lib/thumb/v6-m/nofp\libc.a(lib_a-init.o)
                              c:/nxp/mcuxpressoide_11.6.0_8187/ide/plugins/com.nxp.mcuxpresso.tools.win32_11.6.0.202112161359/tools/bin/../lib/gcc/arm-none-eabi/10.3.1/../../../../arm-none-eabi/lib/thumb/v6-m/nofp/crt0.o (__libc_init_array)
c:/nxp/mcuxpressoide_11.6.0_8187/ide/plugins/com.nxp.mcuxpresso.tools.win32_11.6.0.202112161359/tools/bin/../lib/gcc/arm-none-eabi/10.3.1/../../../../arm-none-eabi/lib/thumb/v6-m/nofp\libc.a(lib_a-memcpy-stub.o)
                              ./ieee_802.15.4/phy/source/MKW41Z/PhyTime.o (memcpy)
c:/nxp/mcuxpressoide_11.6.0_8187/ide/plugins/com.nxp.mcuxpresso.tools.win32_11.6.0.202112161359/tools/bin/../lib/gcc/arm-none-eabi/10.3.1/../../../../arm-none-eabi/lib/thumb/v6-m/nofp\libc.a(lib_a-memset.o)
                              c:/nxp/mcuxpressoide_11.6.0_8187/ide/plugins/com.nxp.mcuxpresso.tools.win32_11.6.0.202112161359/tools/bin/../lib/gcc/arm-none-eabi/10.3.1/../../../../arm-none-eabi/lib/thumb/v6-m/nofp/crt0.o (memset)
c:/nxp/mcuxpressoide_11.6.0_8187/ide/plugins/com.nxp.mcuxpresso.tools.win32_11.6.0.202112161359/tools/bin/../lib/gcc/arm-none-eabi/10.3.1/../../../../arm-none-eabi/lib/thumb/v6-m/nofp\libc.a(lib_a-strlen-stub.o)
                              ./utilities/fsl_debug_console.o (strlen)
c:/nxp/mcuxpressoide_11.6.0_8187/ide/plugins/com.nxp.mcuxpresso.tools.win32_11.6.0.202112161359/tools/bin/../lib/gcc/arm-none-eabi/10.3.1/../../../../arm-none-eabi/lib/thumb/v6-m/nofp\libc.a(lib_a-__call_atexit.o)
                              c:/nxp/mcuxpressoide_11.6.0_8187/ide/plugins/com.nxp.mcuxpresso.tools.win32_11.6.0.202112161359/tools/bin/../lib/gcc/arm-none-eabi/10.3.1/../../../../arm-none-eabi/lib/thumb/v6-m/nofp\libc.a(lib_a-exit.o) (__call_exitprocs)
c:/nxp/mcuxpressoide_11.6.0_8187/ide/plugins/com.nxp.mcuxpresso.tools.win32_11.6.0.202112161359/tools/bin/../lib/gcc/arm-none-eabi/10.3.1/../../../../arm-none-eabi/lib/thumb/v6-m/nofp\libc.a(lib_a-atexit.o)
                              c:/nxp/mcuxpressoide_11.6.0_8187/ide/plugins/com.nxp.mcuxpresso.tools.win32_11.6.0.202112161359/tools/bin/../lib/gcc/arm-none-eabi/10.3.1/../../../../arm-none-eabi/lib/thumb/v6-m/nofp\libc.a(lib_a-__call_atexit.o) (atexit)
c:/nxp/mcuxpressoide_11.6.0_8187/ide/plugins/com.nxp.mcuxpresso.tools.win32_11.6.0.202112161359/tools/bin/../lib/gcc/arm-none-eabi/10.3.1/../../../../arm-none-eabi/lib/thumb/v6-m/nofp\libc.a(lib_a-fini.o)
                              c:/nxp/mcuxpressoide_11.6.0_8187/ide/plugins/com.nxp.mcuxpresso.tools.win32_11.6.0.202112161359/tools/bin/../lib/gcc/arm-none-eabi/10.3.1/../../../../arm-none-eabi/lib/thumb/v6-m/nofp\libc.a(lib_a-__call_atexit.o) (__libc_fini_array)
c:/nxp/mcuxpressoide_11.6.0_8187/ide/plugins/com.nxp.mcuxpresso.tools.win32_11.6.0.202112161359/tools/bin/../lib/gcc/arm-none-eabi/10.3.1/../../../../arm-none-eabi/lib/thumb/v6-m/nofp\libc.a(lib_a-lock.o)
[...]
Memory Configuration

Name             Origin             Length             Attributes
TEXT_region1     0x00000000         0x00000400         xr
m_flash_config_region 0x00000400         0x00000010         xr
TEXT_region2     0x00000411         0x0007d3ee         xr
NVM_region       0x0007d800         0x00001fff         rw
DATA1_region     0x1fff8000         0x00008000         rw
DATA2_region     0x20000000         0x00018000         rw
PRODUCT_INFO_region 0x0007f800         0x000007ff         xr
*default*        0x00000000         0xffffffff

Linker script and memory map

LOAD c:/nxp/mcuxpressoide_11.6.0_8187/ide/plugins/com.nxp.mcuxpresso.tools.win32_11.6.0.202112161359/tools/bin/../lib/gcc/arm-none-eabi/10.3.1/thumb/v6-m/nofp/crti.o
LOAD c:/nxp/mcuxpressoide_11.6.0_8187/ide/plugins/com.nxp.mcuxpresso.tools.win32_11.6.0.202112161359/tools/bin/../lib/gcc/arm-none-eabi/10.3.1/thumb/v6-m/nofp/crtbegin.o
LOAD c:/nxp/mcuxpressoide_11.6.0_8187/ide/plugins/com.nxp.mcuxpresso.tools.win32_11.6.0.202112161359/tools/bin/../lib/gcc/arm-none-eabi/10.3.1/../../../../arm-none-eabi/lib/thumb/v6-m/nofp/crt0.o
LOAD ./utilities/fsl_debug_console.o
LOAD ./startup/startup_MKW41Z4.o
LOAD ./source/Purger.o
LOAD ./source/msn_coordinator.o
LOAD ./source/mtb.o
LOAD ./source/semihost_hardfault.o
LOAD ./ieee_802.15.4/phy/source/MKW41Z/ASP.o
LOAD ./ieee_802.15.4/phy/source/MKW41Z/MPM.o
LOAD ./ieee_802.15.4/phy/source/MKW41Z/PhyISR.o
LOAD ./ieee_802.15.4/phy/source/MKW41Z/PhyPacketProcessor.o
LOAD ./ieee_802.15.4/phy/source/MKW41Z/PhyPlmeData.o
LOAD ./ieee_802.15.4/phy/source/MKW41Z/PhyStateMachine.o
LOAD ./ieee_802.15.4/phy/source/MKW41Z/PhyTime.o
LOAD ./ieee_802.15.4/mac/source/App/FsciAspCommands.o
LOAD ./ieee_802.15.4/mac/source/App/FsciMacCommands.o
LOAD ./ieee_802.15.4/mac/source/App/MacGlobals.o
LOAD ./freertos/croutine.o
LOAD ./freertos/event_groups.o
LOAD ./freertos/fsl_tickless_lptmr.o
LOAD ./freertos/fsl_tickless_systick.o
LOAD ./freertos/heap_4.o
LOAD ./freertos/list.o
LOAD ./freertos/port.o
LOAD ./freertos/queue.o
LOAD ./freertos/tasks.o
LOAD ./freertos/timers.o
LOAD ./framework/XCVR/MKW41Z4/cfgs_kw4x_3x_2x/fsl_xcvr_ant_config.o
LOAD ./framework/XCVR/MKW41Z4/cfgs_kw4x_3x_2x/fsl_xcvr_ble_config.o
LOAD ./framework/XCVR/MKW41Z4/cfgs_kw4x_3x_2x/fsl_xcvr_common_config.o
LOAD ./framework/XCVR/MKW41Z4/cfgs_kw4x_3x_2x/fsl_xcvr_gfsk_bt_0p3_h_0p5_config.o
LOAD ./framework/XCVR/MKW41Z4/cfgs_kw4x_3x_2x/fsl_xcvr_gfsk_bt_0p5_h_0p32_config.o
LOAD ./framework/XCVR/MKW41Z4/cfgs_kw4x_3x_2x/fsl_xcvr_gfsk_bt_0p5_h_0p5_config.o
LOAD ./framework/XCVR/MKW41Z4/cfgs_kw4x_3x_2x/fsl_xcvr_gfsk_bt_0p5_h_0p7_config.o
LOAD ./framework/XCVR/MKW41Z4/cfgs_kw4x_3x_2x/fsl_xcvr_gfsk_bt_0p5_h_1p0_config.o
LOAD ./framework/XCVR/MKW41Z4/cfgs_kw4x_3x_2x/fsl_xcvr_gfsk_bt_0p7_h_0p5_config.o
LOAD ./framework/XCVR/MKW41Z4/cfgs_kw4x_3x_2x/fsl_xcvr_mode_datarate_config.o
LOAD ./framework/XCVR/MKW41Z4/cfgs_kw4x_3x_2x/fsl_xcvr_msk_config.o
LOAD ./framework/XCVR/MKW41Z4/cfgs_kw4x_3x_2x/fsl_xcvr_zgbe_config.o
LOAD ./framework/XCVR/MKW41Z4/dbg_ram_capture.o
LOAD ./framework/XCVR/MKW41Z4/fsl_xcvr.o
LOAD ./framework/XCVR/MKW41Z4/fsl_xcvr_trim.o
LOAD ./framework/XCVR/MKW41Z4/ifr_radio.o
LOAD ./framework/TimersManager/Source/TMR_Adapter.o
LOAD ./framework/TimersManager/Source/TimersManager.o
LOAD ./framework/SerialManager/Source/UART_Adapter/UART_Adapter.o
LOAD ./framework/SerialManager/Source/SPI_Adapter/SPI_Adapter.o
LOAD ./framework/SerialManager/Source/I2C_Adapter/I2C_Adapter.o
LOAD ./framework/SerialManager/Source/SerialManager.o
LOAD ./framework/SecLib/SecLib.o
LOAD ./framework/Reset/Reset.o
LOAD ./framework/RNG/Source/RNG.o
LOAD ./framework/Panic/Source/Panic.o
LOAD ./framework/OSAbstraction/Source/fsl_os_abstraction_free_rtos.o
LOAD ./framework/ModuleInfo/ModuleInfo.o
LOAD ./framework/Messaging/Source/Messaging.o
LOAD ./framework/MemManager/Source/MemManager.o
LOAD ./framework/MWSCoexistence/Source/MWS.o
LOAD ./framework/Lists/GenericList.o
LOAD ./framework/LED/Source/LED.o
LOAD ./framework/Keyboard/Source/Keyboard.o
LOAD ./framework/GPIO/GPIO_Adapter.o
LOAD ./framework/FunctionLib/FunctionLib.o
LOAD ./framework/Flash/Internal/Flash_Adapter.o
LOAD ./framework/DCDC/Source/DCDC.o
LOAD ./drivers/fsl_adc16.o
LOAD ./drivers/fsl_clock.o
LOAD ./drivers/fsl_common.o
LOAD ./drivers/fsl_dspi.o
LOAD ./drivers/fsl_dspi_freertos.o
LOAD ./drivers/fsl_flash.o
LOAD ./drivers/fsl_gpio.o
LOAD ./drivers/fsl_i2c.o
LOAD ./drivers/fsl_i2c_freertos.o
LOAD ./drivers/fsl_llwu.o
LOAD ./drivers/fsl_lptmr.o
LOAD ./drivers/fsl_lpuart.o
LOAD ./drivers/fsl_lpuart_freertos.o
LOAD ./drivers/fsl_ltc.o
LOAD ./drivers/fsl_pmc.o
LOAD ./drivers/fsl_rtc.o
LOAD ./drivers/fsl_smc.o
LOAD ./drivers/fsl_tpm.o
LOAD ./drivers/fsl_trng.o
LOAD ./drivers/fsl_tsi_v4.o
LOAD ./board/board.o
LOAD ./board/clock_config.o
LOAD ./board/gpio_pins.o
LOAD ./board/pin_mux.o
LOAD ./CMSIS/system_MKW41Z4.o
LOAD c:/nxp/mcuxpressoide_11.6.0_8187/ide/plugins/com.nxp.mcuxpresso.tools.win32_11.6.0.202112161359/tools/bin/../lib/gcc/arm-none-eabi/10.3.1/../../../../arm-none-eabi/lib/thumb/v6-m/nofp\libm.a
LOAD c:/nxp/mcuxpressoide_11.6.0_8187/ide/plugins/com.nxp.mcuxpresso.tools.win32_11.6.0.202112161359/tools/bin/../lib/gcc/arm-none-eabi/10.3.1/../../../../arm-none-eabi/lib/thumb/v6-m/nofp\libc.a
LOAD c:/nxp/mcuxpressoide_11.6.0_8187/ide/plugins/com.nxp.mcuxpresso.tools.win32_11.6.0.202112161359/tools/bin/../lib/gcc/arm-none-eabi/10.3.1/thumb/v6-m/nofp\libgcc.a
LOAD c:/nxp/mcuxpressoide_11.6.0_8187/ide/plugins/com.nxp.mcuxpresso.tools.win32_11.6.0.202112161359/tools/bin/../lib/gcc/arm-none-eabi/10.3.1/../../../../arm-none-eabi/lib/thumb/v6-m/nofp\libnosys.a
LOAD C:\Redes_Embebidos\frdmkw41z_wireless_examples_ieee_802_15_4_msn_coordinator_freertos\libs\lib_crypto_m0.a
LOAD C:\Redes_Embebidos\frdmkw41z_wireless_examples_ieee_802_15_4_msn_coordinator_freertos\libs\lib802.15.4_mac_06_cm0.a
START GROUP
LOAD c:/nxp/mcuxpressoide_11.6.0_8187/ide/plugins/com.nxp.mcuxpresso.tools.win32_11.6.0.202112161359/tools/bin/../lib/gcc/arm-none-eabi/10.3.1/thumb/v6-m/nofp\libgcc.a
LOAD c:/nxp/mcuxpressoide_11.6.0_8187/ide/plugins/com.nxp.mcuxpresso.tools.win32_11.6.0.202112161359/tools/bin/../lib/gcc/arm-none-eabi/10.3.1/../../../../arm-none-eabi/lib/thumb/v6-m/nofp\libc.a
END GROUP
LOAD c:/nxp/mcuxpressoide_11.6.0_8187/ide/plugins/com.nxp.mcuxpresso.tools.win32_11.6.0.202112161359/tools/bin/../lib/gcc/arm-none-eabi/10.3.1/thumb/v6-m/nofp/crtend.o
LOAD c:/nxp/mcuxpressoide_11.6.0_8187/ide/plugins/com.nxp.mcuxpresso.tools.win32_11.6.0.202112161359/tools/bin/../lib/gcc/arm-none-eabi/10.3.1/thumb/v6-m/nofp/crtn.o
                0x00000001                gUseNVMLink_d = DEFINED (gUseNVMLink_d)?gUseNVMLink_d:0x1
                0x00000004                gNVMSectorCountLink_d = DEFINED (gNVMSectorCountLink_d)?gNVMSectorCountLink_d:0x4
                0x00000001                __ram_vector_table__ = DEFINED (__ram_vector_table__)?__ram_vector_table__:0x1
                0x00000000                __region_ROM_start__ = 0x0
                0x0007ffff                __region_ROM_end__ = 0x7ffff
                0x1fff8000                __region_RAM1_start__ = 0x1fff8000
                0x1fffffff                __region_RAM1_end__ = 0x1fffffff
                0x20000000                __region_RAM2_start__ = 0x20000000
                0x20017fff                __region_RAM2_end__ = 0x20017fff
                0x000000c0                __vector_table_size__ = 0xc0
                0x000000c0                __ram_vector_table_size__ = DEFINED (__ram_vector_table__)?__vector_table_size__:0x0
                0x1fff8000                _RAM_START_ = __region_RAM1_start__
                0x20017fff                _RAM_END_ = __region_RAM2_end__
                0x00000000                m_interrupts_start = __region_ROM_start__
                0x000000bf                m_interrupts_end = ((m_interrupts_start + __vector_table_size__) - 0x1)
                0x00000400                m_flash_config_start = 0x400
                0x00000410                m_flash_config_end = 0x410
                0x00000800                m_sector_size = 0x800
                0x00000200                __size_cstack__ = DEFINED (__stack_size__)?__stack_size__:0x200
                0x00000000                __size_heap__ = DEFINED (__heap_size__)?__heap_size__:0x0
                0x0007f800                m_fsl_prodInfo_start = ((__region_ROM_end__ - m_sector_size) + 0x1)
                0x0007ffff                m_fsl_prodInfo_end = __region_ROM_end__
                0x0007f800                FREESCALE_PROD_DATA_BASE_ADDR = m_fsl_prodInfo_start
                0x00000800                NV_STORAGE_SECTOR_SIZE = m_sector_size
                0x00000004                NV_STORAGE_MAX_SECTORS = gNVMSectorCountLink_d
                0x0007f7ff                NV_STORAGE_START_ADDRESS = (m_fsl_prodInfo_start - 0x1)
                0x0007d800                NV_STORAGE_END_ADDRESS = ((NV_STORAGE_START_ADDRESS - (NV_STORAGE_MAX_SECTORS * NV_STORAGE_SECTOR_SIZE)) + 0x1)
                0x00000800                NV_STORAGE_SECTOR_SIZE_C = m_sector_size
                0x00000004                NV_STORAGE_MAX_SECTORS_C = gNVMSectorCountLink_d
                0x0007f7ff                NV_STORAGE_START_ADDRESS_C = (m_fsl_prodInfo_start - 0x1)
                0x0007d800                NV_STORAGE_END_ADDRESS_C = ((NV_STORAGE_START_ADDRESS_C - (NV_STORAGE_MAX_SECTORS_C * NV_STORAGE_SECTOR_SIZE_C)) + 0x1)
                0x00000000                m_text_start = m_interrupts_start
                0x0007d7ff                m_text_end = (NV_STORAGE_END_ADDRESS_C - 0x1)
                0x20000000                m_interrupts_ram_start = __region_RAM2_start__
                0x200000bf                m_interrupts_ram_end = ((m_interrupts_ram_start + __ram_vector_table_size__) - 0x1)
                0x20017fff                __CSTACK_end__ = __region_RAM2_end__
                0x20017dff                __CSTACK_start__ = (__CSTACK_end__ - __size_cstack__)
                0x20017dfe                __HEAP_end__ = (__CSTACK_start__ - 0x1)
                0x20017dfa                __HEAP_start__ = ((__HEAP_end__ - __size_heap__) - 0x4)
                0x1fff8000                m_data1_start = __region_RAM1_start__
                0x1fffffff                m_data1_end = __region_RAM1_end__
                0x20000000                m_data2_start = m_interrupts_ram_start
                0x20017df9                m_data2_end = (__HEAP_start__ - 0x1)
                0x000000c0                __RAM_VECTOR_TABLE_SIZE = __ram_vector_table_size__
                0x20017dea                __BOOT_STACK_ADDRESS = (m_data2_end - 0xf)

.interrupts     0x00000000       0xc0
                0x00000000                __VECTOR_TABLE = .
                0x00000000                . = ALIGN (0x4)
 *(SORT_BY_ALIGNMENT(.isr_vector))
 .isr_vector    0x00000000       0xc0 ./startup/startup_MKW41Z4.o
                0x00000000                __isr_vector
                0x000000c0                . = ALIGN (0x4)

.freescale_prod_data
                0x0007f800        0x0
                0x0007f800                . = ALIGN (0x4)
 *(SORT_BY_ALIGNMENT(.FREESCALE_PROD_DATA))
                0x0007f800                . = ALIGN (0x4)

.flash_config   0x00000400       0x10
                0x00000400                . = ALIGN (0x4)
 *(SORT_BY_ALIGNMENT(.FlashConfig))
 .FlashConfig   0x00000400       0x10 ./startup/startup_MKW41Z4.o
                0x00000410                . = ALIGN (0x4)

.text           0x00000420    0x1ab7c
                0x00000420                . = ALIGN (0x4)
 *(SORT_BY_ALIGNMENT(.text))
 .text          0x00000420       0x48 c:/nxp/mcuxpressoide_11.6.0_8187/ide/plugins/com.nxp.mcuxpresso.tools.win32_11.6.0.202112161359/tools/bin/../lib/gcc/arm-none-eabi/10.3.1/thumb/v6-m/nofp/crtbegin.o
 .text          0x00000468       0x80 c:/nxp/mcuxpressoide_11.6.0_8187/ide/plugins/com.nxp.mcuxpresso.tools.win32_11.6.0.202112161359/tools/bin/../lib/gcc/arm-none-eabi/10.3.1/../../../../arm-none-eabi/lib/thumb/v6-m/nofp/crt0.o
                0x00000468                _stack_init
                0x00000474                _start
                0x00000474                _mainCRTStartup
 .text          0x000004e8       0xc0 ./startup/startup_MKW41Z4.o
                0x000004e8                Reset_Handler
                0x00000530                Radio_0_IRQHandler
                0x00000530                DMA0_DriverIRQHandler
                0x00000530                CMP0_IRQHandler
                0x00000530                DMA2_DriverIRQHandler
                0x00000530                TPM0_IRQHandler
                0x00000530                Radio_1_IRQHandler
                0x00000530                LLWU_IRQHandler
                0x00000530                TSI0_IRQHandler
                0x00000530                ADC0_IRQHandler
                0x00000530                CMT_IRQHandler
                0x00000530                LPTMR0_IRQHandler
                0x00000530                DefaultISR
                0x00000530                PORTB_PORTC_IRQHandler
                0x00000530                TPM2_IRQHandler
                0x00000530                RTC_IRQHandler
                0x00000530                LVD_LVW_DCDC_IRQHandler
                0x00000530                DMA3_DriverIRQHandler
                0x00000530                RTC_Seconds_IRQHandler
                0x00000530                MCG_IRQHandler
                0x00000530                TRNG0_IRQHandler
                0x00000530                Reserved20_IRQHandler
                0x00000530                LTC0_IRQHandler
                0x00000530                PIT_IRQHandler
                0x00000530                DMA1_DriverIRQHandler
                0x00000530                FTFA_IRQHandler
                0x00000530                PORTA_IRQHandler
                0x00000530                TPM1_IRQHandler
                0x00000530                DAC0_IRQHandler
                0x00000548                DMA0_IRQHandler
                0x0000054c                DMA1_IRQHandler
                0x00000550                DMA2_IRQHandler
                0x00000554                DMA3_IRQHandler
                0x00000558                I2C0_IRQHandler
                0x0000055c                I2C1_IRQHandler
                0x00000560                SPI0_IRQHandler
                0x00000564                LPUART0_IRQHandler
                0x00000568                SPI1_IRQHandler
 .text          0x000005a8      0x114 c:/nxp/mcuxpressoide_11.6.0_8187/ide/plugins/com.nxp.mcuxpresso.tools.win32_11.6.0.202112161359/tools/bin/../lib/gcc/arm-none-eabi/10.3.1/thumb/v6-m/nofp\libgcc.a(_udivsi3.o)
                0x000005a8                __aeabi_uidiv
                0x000005a8                __udivsi3
                0x000006b4                __aeabi_uidivmod
 .text          0x000006bc      0x1d4 c:/nxp/mcuxpressoide_11.6.0_8187/ide/plugins/com.nxp.mcuxpresso.tools.win32_11.6.0.202112161359/tools/bin/../lib/gcc/arm-none-eabi/10.3.1/thumb/v6-m/nofp\libgcc.a(_divsi3.o)
                0x000006bc                __divsi3
                0x000006bc                __aeabi_idiv
                0x00000888                __aeabi_idivmod
 .text          0x00000890        0x4 c:/nxp/mcuxpressoide_11.6.0_8187/ide/plugins/com.nxp.mcuxpresso.tools.win32_11.6.0.202112161359/tools/bin/../lib/gcc/arm-none-eabi/10.3.1/thumb/v6-m/nofp\libgcc.a(_dvmd_tls.o)
                0x00000890                __aeabi_idiv0
                0x00000890                __aeabi_ldiv0
 .text          0x00000894       0x74 c:/nxp/mcuxpressoide_11.6.0_8187/ide/plugins/com.nxp.mcuxpresso.tools.win32_11.6.0.202112161359/tools/bin/../lib/gcc/arm-none-eabi/10.3.1/thumb/v6-m/nofp\libgcc.a(_arm_cmpsf2.o)
                0x00000894                __aeabi_cfrcmple
                0x0000089c                __aeabi_cfcmpeq
                0x0000089c                __aeabi_cfcmple
                0x000008ac                __aeabi_fcmpeq
                0x000008b8                __aeabi_fcmplt
                0x000008cc                __aeabi_fcmple
                0x000008e0                __aeabi_fcmpgt
                0x000008f4                __aeabi_fcmpge
 .text          0x00000908       0x40 c:/nxp/mcuxpressoide_11.6.0_8187/ide/plugins/com.nxp.mcuxpresso.tools.win32_11.6.0.202112161359/tools/bin/../lib/gcc/arm-none-eabi/10.3.1/thumb/v6-m/nofp\libgcc.a(_aeabi_uldivmod.o)
                0x00000908                __aeabi_uldivmod
 .text          0x00000948       0x5c c:/nxp/mcuxpressoide_11.6.0_8187/ide/plugins/com.nxp.mcuxpresso.tools.win32_11.6.0.202112161359/tools/bin/../lib/gcc/arm-none-eabi/10.3.1/thumb/v6-m/nofp\libgcc.a(_muldi3.o)
                0x00000948                __muldi3
                0x00000948                __aeabi_lmul
 .text          0x000009a4       0x30 c:/nxp/mcuxpressoide_11.6.0_8187/ide/plugins/com.nxp.mcuxpresso.tools.win32_11.6.0.202112161359/tools/bin/../lib/gcc/arm-none-eabi/10.3.1/thumb/v6-m/nofp\libgcc.a(_fixunssfsi.o)
                0x000009a4                __fixunssfsi
                0x000009a4                __aeabi_f2uiz
 .text          0x000009d4      0x198 c:/nxp/mcuxpressoide_11.6.0_8187/ide/plugins/com.nxp.mcuxpresso.tools.win32_11.6.0.202112161359/tools/bin/../lib/gcc/arm-none-eabi/10.3.1/thumb/v6-m/nofp\libgcc.a(_udivmoddi4.o)
                0x000009d4                __udivmoddi4
 .text          0x00000b6c      0x33c c:/nxp/mcuxpressoide_11.6.0_8187/ide/plugins/com.nxp.mcuxpresso.tools.win32_11.6.0.202112161359/tools/bin/../lib/gcc/arm-none-eabi/10.3.1/thumb/v6-m/nofp\libgcc.a(addsf3.o)
                0x00000b6c                __aeabi_fadd
 .text          0x00000ea8      0x230 c:/nxp/mcuxpressoide_11.6.0_8187/ide/plugins/com.nxp.mcuxpresso.tools.win32_11.6.0.202112161359/tools/bin/../lib/gcc/arm-none-eabi/10.3.1/thumb/v6-m/nofp\libgcc.a(divsf3.o)
                0x00000ea8                __aeabi_fdiv
 .text          0x000010d8       0x4c c:/nxp/mcuxpressoide_11.6.0_8187/ide/plugins/com.nxp.mcuxpresso.tools.win32_11.6.0.202112161359/tools/bin/../lib/gcc/arm-none-eabi/10.3.1/thumb/v6-m/nofp\libgcc.a(eqsf2.o)
                0x000010d8                __eqsf2
                0x000010d8                __nesf2
 .text          0x00001124       0x8c c:/nxp/mcuxpressoide_11.6.0_8187/ide/plugins/com.nxp.mcuxpresso.tools.win32_11.6.0.202112161359/tools/bin/../lib/gcc/arm-none-eabi/10.3.1/thumb/v6-m/nofp\libgcc.a(gesf2.o)
                0x00001124                __gesf2
                0x00001124                __gtsf2
 .text          0x000011b0       0x88 c:/nxp/mcuxpressoide_11.6.0_8187/ide/plugins/com.nxp.mcuxpresso.tools.win32_11.6.0.202112161359/tools/bin/../lib/gcc/arm-none-eabi/10.3.1/thumb/v6-m/nofp\libgcc.a(lesf2.o)
                0x000011b0                __ltsf2
                0x000011b0                __lesf2
 .text          0x00001238      0x24c c:/nxp/mcuxpressoide_11.6.0_8187/ide/plugins/com.nxp.mcuxpresso.tools.win32_11.6.0.202112161359/tools/bin/../lib/gcc/arm-none-eabi/10.3.1/thumb/v6-m/nofp\libgcc.a(mulsf3.o)
                0x00001238                __aeabi_fmul
 .text          0x00001484      0x35c c:/nxp/mcuxpressoide_11.6.0_8187/ide/plugins/com.nxp.mcuxpresso.tools.win32_11.6.0.202112161359/tools/bin/../lib/gcc/arm-none-eabi/10.3.1/thumb/v6-m/nofp\libgcc.a(subsf3.o)
                0x00001484                __aeabi_fsub
 .text          0x000017e0       0x40 c:/nxp/mcuxpressoide_11.6.0_8187/ide/plugins/com.nxp.mcuxpresso.tools.win32_11.6.0.202112161359/tools/bin/../lib/gcc/arm-none-eabi/10.3.1/thumb/v6-m/nofp\libgcc.a(fixsfsi.o)
                0x000017e0                __aeabi_f2iz
 .text          0x00001820       0x9c c:/nxp/mcuxpressoide_11.6.0_8187/ide/plugins/com.nxp.mcuxpresso.tools.win32_11.6.0.202112161359/tools/bin/../lib/gcc/arm-none-eabi/10.3.1/thumb/v6-m/nofp\libgcc.a(floatsisf.o)
                0x00001820                __aeabi_i2f
 .text          0x000018bc       0x84 c:/nxp/mcuxpressoide_11.6.0_8187/ide/plugins/com.nxp.mcuxpresso.tools.win32_11.6.0.202112161359/tools/bin/../lib/gcc/arm-none-eabi/10.3.1/thumb/v6-m/nofp\libgcc.a(floatunsisf.o)
                0x000018bc                __aeabi_ui2f
 .text          0x00001940       0x3c c:/nxp/mcuxpressoide_11.6.0_8187/ide/plugins/com.nxp.mcuxpresso.tools.win32_11.6.0.202112161359/tools/bin/../lib/gcc/arm-none-eabi/10.3.1/thumb/v6-m/nofp\libgcc.a(_clzsi2.o)
                0x00001940                __clzsi2
 .text          0x0000197c       0x18 c:/nxp/mcuxpressoide_11.6.0_8187/ide/plugins/com.nxp.mcuxpresso.tools.win32_11.6.0.202112161359/tools/bin/../lib/gcc/arm-none-eabi/10.3.1/thumb/v6-m/nofp\libgcc.a(_clzdi2.o)
                0x0000197c                __clzdi2
 .text          0x00001994       0x38 C:\Redes_Embebidos\frdmkw41z_wireless_examples_ieee_802_15_4_msn_coordinator_freertos\libs\lib_crypto_m0.a(SW_RNG.o)
                0x00001994                SecLib_set_rng_seed
                0x000019a4                SecLib_get_random
 .text          0x000019cc      0x530 C:\Redes_Embebidos\frdmkw41z_wireless_examples_ieee_802_15_4_msn_coordinator_freertos\libs\lib802.15.4_mac_06_cm0.a(MacMain.o)
                0x000019cc                BindToMAC
                0x000019f8                UnBindFromMAC
                0x00001a14                MAC_EventSet
                0x00001a3e                Mac_Task
                0x00001b30                Mac_InitializeData
                0x00001bd4                Mac_RegisterSapHandlers
                0x00001be6                PD_MAC_SapHandler
                0x00001c08                PLME_MAC_SapHandler
                0x00001c10                NWK_MCPS_SapHandler
                0x00001c6c                NWK_MLME_SapHandler
                0x00001d14                Mlme_VerifyNwkInput
                0x00001e20                Mac_GetState
                0x00001e88                Dumy_MCPS_NWK_SapHandler
                0x00001e8c                Dumy_MLME_NWK_SapHandler
                0x00001e96                Mac_SetTrxLowPowerMode
                0x00001eca                Mac_SetTrxActiveMode
 .text          0x00001efc      0xc88 C:\Redes_Embebidos\frdmkw41z_wireless_examples_ieee_802_15_4_msn_coordinator_freertos\libs\lib802.15.4_mac_06_cm0.a(MacPib.o)
                0x00001efc                macInitPIBs
                0x00002208                macVerifySetReq
                0x0000230c                mlmeGetSetReq
                0x00002894                mlmeGetSizeOfPIB
                0x000029e2                Mac_SetPhyPIBs
                0x00002b12                Mac_SetExtendedAddress
                0x00002b40                Mac_GetExtendedAddress
 .text          0x00002b84      0x5a0 C:\Redes_Embebidos\frdmkw41z_wireless_examples_ieee_802_15_4_msn_coordinator_freertos\libs\lib802.15.4_mac_06_cm0.a(MacStateMachine.o)
                0x00002b84                Mac_TransactionExpire
                0x00002b90                Mac_PhyMsgHandler
                0x00002c50                Mac_NwkMsgHandler
                0x00002e84                Mac_McpsDataReqHandle
 .text          0x00003124      0x290 C:\Redes_Embebidos\frdmkw41z_wireless_examples_ieee_802_15_4_msn_coordinator_freertos\libs\lib802.15.4_mac_06_cm0.a(Poll.o)
                0x00003124                Poll_VerifyParameters
                0x00003162                Poll_InitSeq
                0x000031ca                Poll_SendStatus
                0x00003204                Poll_DataRx
                0x000032c0                Poll_SendConfirm
                0x00003358                Poll_Timeout
 .text          0x000033b4       0xdc C:\Redes_Embebidos\frdmkw41z_wireless_examples_ieee_802_15_4_msn_coordinator_freertos\libs\lib802.15.4_mac_06_cm0.a(RxEnable.o)
                0x000033b4                RxEnable_InitSeq
                0x0000340e                RxEnable_SetRx
                0x0000344e                RxEnable_Deactivate
 .text          0x00003490      0x670 C:\Redes_Embebidos\frdmkw41z_wireless_examples_ieee_802_15_4_msn_coordinator_freertos\libs\lib802.15.4_mac_06_cm0.a(Scan.o)
                0x00003490                Mac_ScanMsgHandler
                0x0000351e                Scan_StartFastEDScan
                0x00003550                Scan_StartEDScan
                0x000035c8                Scan_StartActivePassiveScan
                0x00003622                Scan_StartOrphanScan
                0x00003652                Scan_Advance
                0x00003674                Scan_StartTimer
                0x000036a0                Scan_FastEdAcquire
                0x000036f6                Scan_EdAcquire
                0x0000374a                Scan_ActivePassiveAcquire
                0x00003888                Scan_OrphanAcquire
 .text          0x00003b00      0x1b6 C:\Redes_Embebidos\frdmkw41z_wireless_examples_ieee_802_15_4_msn_coordinator_freertos\libs\lib802.15.4_mac_06_cm0.a(Start.o)
                0x00003b00                Start_VerifyParameters
                0x00003bc0                Start_InitSeq
                0x00003c06                Start_SetPIBs
                0x00003c66                CoordRealignment_SendStatus
                0x00003c8e                Start_SeqTerminate
 *fill*         0x00003cb6        0x2 
 .text          0x00003cb8      0x3c6 C:\Redes_Embebidos\frdmkw41z_wireless_examples_ieee_802_15_4_msn_coordinator_freertos\libs\lib802.15.4_mac_06_cm0.a(Association.o)
                0x00003cb8                Association_VerifyParameters
                0x00003d08                Association_InitSeq
                0x00003d6c                Association_TriggerPoll
                0x00003da6                AssociationPoll_SendStatus
                0x00003e40                AssociationPoll_DataRx
                0x00003f40                AssociationReq_SendStatus
                0x00003ffc                AssociationRes_VerifyParameters
                0x00004030                AssociationRes_SendStatus
 *fill*         0x0000407e        0x2 
 .text          0x00004080      0x710 C:\Redes_Embebidos\frdmkw41z_wireless_examples_ieee_802_15_4_msn_coordinator_freertos\libs\lib802.15.4_mac_06_cm0.a(DataRx.o)
                0x00004080                Mac_PreProcessDataIndication
                0x0000410c                Mac_ProcessDataIndication
                0x0000432c                Mac_ProcessBeaconFrame
                0x000044e0                Mac_CreateMcpsDataInd
                0x00004592                Mac_CreateMlmeCommStatusInd
                0x00004634                Mac_CreateMlmeSyncLossInd
                0x0000468e                Mac_IsPanIdConflict
                0x000046ec                Mac_IsMyCoordinator
                0x0000473e                Mac_PostponeActiveSeq
 .text          0x00004790      0x5d8 C:\Redes_Embebidos\frdmkw41z_wireless_examples_ieee_802_15_4_msn_coordinator_freertos\libs\lib802.15.4_mac_06_cm0.a(DataTx.o)
                0x00004790                DataTx_VerifyParameters
                0x00004806                DataTx_InitSeq
                0x000049f4                DataTx_SendData
                0x00004a28                DataTx_SendDataConfirm
                0x00004ac2                DataTx_SendEmptyFrame
                0x00004afc                DataTx_SendStatus
                0x00004c28                DataTx_CheckForExpirePackets
                0x00004cb4                Mac_GetRandomBackoff
                0x00004cd4                DataTx_CsmaCaRetry
                0x00004cfc                DataTx_Backoff
                0x00004d0e                DataTx_SendDataWithBackoff
                0x00004d5c                Mac_InitCsmaCaVariables
 .text          0x00004d68      0x10c C:\Redes_Embebidos\frdmkw41z_wireless_examples_ieee_802_15_4_msn_coordinator_freertos\libs\lib802.15.4_mac_06_cm0.a(Disassociation.o)
                0x00004d68                Disassociation_VerifyParameters
                0x00004df2                Disassociation_InitSeq
                0x00004e34                Disassociation_SendStatus
 .text          0x00004e74      0xca4 C:\Redes_Embebidos\frdmkw41z_wireless_examples_ieee_802_15_4_msn_coordinator_freertos\libs\lib802.15.4_mac_06_cm0.a(MacFrames.o)
                0x00004e74                FrameBuild_AssociationRequest
                0x00004edc                FrameBuild_AssociationResponse
                0x00004f5c                FrameBuild_DisassociationNotification
                0x00004fcc                FrameBuild_DataRequest
                0x00005082                FrameBuild_PanIdConflictNotification
                0x000050b4                FrameBuild_OrphanNotification
                0x000050e6                FrameBuild_BeaconRequest
                0x00005124                FrameBuild_CoordinatorRealignment
                0x00005250                FrameBuild_Beacon
                0x00005410                FrameBuild_Data
                0x00005698                FrameBuild_ZeroLengthPayload
                0x00005760                Mac_GetMacHeader
                0x00005844                Mac_GetMaxMsduLength
                0x00005874                Mac_GetOverheadSize
                0x000058c0                FrameBuild_Command
                0x00005b14                addrModeFieldLengthTable
 .text          0x00005b18       0x4c C:\Redes_Embebidos\frdmkw41z_wireless_examples_ieee_802_15_4_msn_coordinator_freertos\libs\lib802.15.4_mac_06_cm0.a(MacMem.o)
                0x00005b18                Mac_MemAllocZero
                0x00005b38                FrameAlloc
 .text          0x00005b64      0xa28 C:\Redes_Embebidos\frdmkw41z_wireless_examples_ieee_802_15_4_msn_coordinator_freertos\libs\lib802.15.4_mac_06_cm0.a(MacSec.o)
                0x00005b9c                Sec_DetermineASHLength
                0x00005bcc                keyIdModeToAshLengthTable
                0x00005d32                Sec_CheckBeaconSecurityParameters
                0x00005df0                Sec_SecureTxFrame
                0x00005fa8                Sec_CreateAuxSecHeader
                0x00006030                Sec_CheckRxSecLevel
                0x00006038                Sec_UnsecureRxFrame
 .text          0x0000658c       0x7c c:/nxp/mcuxpressoide_11.6.0_8187/ide/plugins/com.nxp.mcuxpresso.tools.win32_11.6.0.202112161359/tools/bin/../lib/gcc/arm-none-eabi/10.3.1/thumb/v6-m/nofp\libgcc.a(unaligned-funcs.o)
                0x0000658c                __aeabi_uread4
                0x000065a4                __aeabi_uwrite4
                0x000065b8                __aeabi_uread8
                0x000065e8                __aeabi_uwrite8
 .text          0x00006608       0xce C:\Redes_Embebidos\frdmkw41z_wireless_examples_ieee_802_15_4_msn_coordinator_freertos\libs\lib802.15.4_mac_06_cm0.a(Orphan.o)
                0x00006608                Orphan_VerifyParameters
                0x00006640                Orphan_InitSeq
                0x00006682                Orphan_SendStatus
 .text          0x000066d6      0x11c C:\Redes_Embebidos\frdmkw41z_wireless_examples_ieee_802_15_4_msn_coordinator_freertos\libs\lib802.15.4_mac_06_cm0.a(Reset.o)
                0x000066d6                mlmeResetReq
 .text          0x000067f2       0xfa C:\Redes_Embebidos\frdmkw41z_wireless_examples_ieee_802_15_4_msn_coordinator_freertos\libs\lib802.15.4_mac_06_cm0.a(MacSequenceMngr.o)
                0x000067f2                getFirstSequenceByChecksum
                0x0000680c                getLastSequenceByChecksum
                0x0000682c                getSequenceByDestination
                0x00006856                getSequenceByMsduHandle
                0x00006876                createNewSeq
                0x0000688c                getChecksum
                0x000068b8                getFreeIndex
 .text          0x000068ec       0x68 C:\Redes_Embebidos\frdmkw41z_wireless_examples_ieee_802_15_4_msn_coordinator_freertos\libs\lib802.15.4_mac_06_cm0.a(SecurityLib.o)
                0x000068ec                AES_128_CCM_Star
 *(SORT_BY_ALIGNMENT(.text*))
 *fill*         0x00006954        0xc 
 .text.vPortStartFirstTask
                0x00006960       0x38 ./freertos/port.o
 *fill*         0x00006998        0x8 
 .text.PendSV_Handler
                0x000069a0       0x48 ./freertos/port.o
                0x000069a0                PendSV_Handler
 .text.DbgConsole_Printf
                0x000069e8       0x44 ./utilities/fsl_debug_console.o
                0x000069e8                DbgConsole_Printf
 .text.DbgConsole_Putchar
                0x00006a2c       0x34 ./utilities/fsl_debug_console.o
                0x00006a2c                DbgConsole_Putchar
 .text.Purger_Init
                0x00006a60       0x68 ./source/Purger.o
                0x00006a60                Purger_Init
 .text.Purger_Track
                0x00006ac8       0xf8 ./source/Purger.o
                0x00006ac8                Purger_Track
 .text.Purger_Remove
                0x00006bc0       0x7c ./source/Purger.o
                0x00006bc0                Purger_Remove
 .text.Purger_Check
                0x00006c3c      0x160 ./source/Purger.o
                0x00006c3c                Purger_Check
 .text.main_task
                0x00006d9c       0x78 ./source/msn_coordinator.o
                0x00006d9c                main_task
 .text.App_init
                0x00006e14       0xcc ./source/msn_coordinator.o
                0x00006e14                App_init
 .text.AppThread
                0x00006ee0      0x3b0 ./source/msn_coordinator.o
                0x00006ee0                AppThread
 .text.App_CommRxCallBack
                0x00007290       0x64 ./source/msn_coordinator.o
 .text.App_StartScan
                0x000072f4       0xc4 ./source/msn_coordinator.o
 .text.App_HandleScanEdConfirm
                0x000073b8      0x124 ./source/msn_coordinator.o
 .text.App_StartCoordinator
                0x000074dc      0x144 ./source/msn_coordinator.o
 .text.App_SendAssociateResponse
                0x00007620      0x170 ./source/msn_coordinator.o
 .text.App_HandleMlmeInput
                0x00007790      0x148 ./source/msn_coordinator.o
 .text.App_HandleMcpsInput
                0x000078d8      0x1f4 ./source/msn_coordinator.o
 .text.App_TransmitData
                0x00007acc      0x280 ./source/msn_coordinator.o
 .text.App_CommSendDeviceInfo
                0x00007d4c       0x8c ./source/msn_coordinator.o
 .text.App_RemoveDevice
                0x00007dd8       0x8c ./source/msn_coordinator.o
 .text.App_UpdateLEDs
                0x00007e64       0x88 ./source/msn_coordinator.o
 .text.App_IntervalTimeoutHandler
                0x00007eec       0x70 ./source/msn_coordinator.o
 .text.App_HandleGenericKey
                0x00007f5c       0x2c ./source/msn_coordinator.o
 .text.MLME_NWK_SapHandler
                0x00007f88       0x34 ./source/msn_coordinator.o
                0x00007f88                MLME_NWK_SapHandler
 .text.MCPS_NWK_SapHandler
                0x00007fbc       0x34 ./source/msn_coordinator.o
                0x00007fbc                MCPS_NWK_SapHandler
 .text.HardFault_Handler
                0x00007ff0       0x30 ./source/semihost_hardfault.o
                0x00007ff0                HardFault_Handler
 .text.NVIC_EnableIRQ
                0x00008020       0x2c ./ieee_802.15.4/phy/source/MKW41Z/PhyISR.o
 .text.NVIC_SetPendingIRQ
                0x0000804c       0x30 ./ieee_802.15.4/phy/source/MKW41Z/PhyISR.o
 .text.NVIC_ClearPendingIRQ
                0x0000807c       0x30 ./ieee_802.15.4/phy/source/MKW41Z/PhyISR.o
 .text.NVIC_SetPriority
                0x000080ac       0xdc ./ieee_802.15.4/phy/source/MKW41Z/PhyISR.o
 .text.ProtectFromXcvrInterrupt
                0x00008188       0x3c ./ieee_802.15.4/phy/source/MKW41Z/PhyISR.o
                0x00008188                ProtectFromXcvrInterrupt
 .text.UnprotectFromXcvrInterrupt
                0x000081c4       0x44 ./ieee_802.15.4/phy/source/MKW41Z/PhyISR.o
                0x000081c4                UnprotectFromXcvrInterrupt
 .text.PhyIsrPassRxParams
                0x00008208       0x1c ./ieee_802.15.4/phy/source/MKW41Z/PhyISR.o
                0x00008208                PhyIsrPassRxParams
 .text.PhyIsrSeqCleanup
                0x00008224       0x5c ./ieee_802.15.4/phy/source/MKW41Z/PhyISR.o
 .text.PhyIsrTimeoutCleanup
                0x00008280       0x60 ./ieee_802.15.4/phy/source/MKW41Z/PhyISR.o
 .text.Phy_GetEnergyLevel
                0x000082e0       0x58 ./ieee_802.15.4/phy/source/MKW41Z/PhyISR.o
                0x000082e0                Phy_GetEnergyLevel
 .text.PHY_InterruptHandler
                0x00008338      0x368 ./ieee_802.15.4/phy/source/MKW41Z/PhyISR.o
                0x00008338                PHY_InterruptHandler
 .text.PHY_InstallIsr
                0x000086a0       0x30 ./ieee_802.15.4/phy/source/MKW41Z/PhyISR.o
                0x000086a0                PHY_InstallIsr
 .text.Phy_GetRxParams
                0x000086d0       0x74 ./ieee_802.15.4/phy/source/MKW41Z/PhyISR.o
 .text.PhyHwInit
                0x00008744      0x13c ./ieee_802.15.4/phy/source/MKW41Z/PhyPacketProcessor.o
                0x00008744                PhyHwInit
 .text.PhyAbort
                0x00008880       0xb4 ./ieee_802.15.4/phy/source/MKW41Z/PhyPacketProcessor.o
                0x00008880                PhyAbort
 .text.PhyPpGetState
                0x00008934       0x1c ./ieee_802.15.4/phy/source/MKW41Z/PhyPacketProcessor.o
                0x00008934                PhyPpGetState
 .text.PhyPpSetPanId
                0x00008950       0x70 ./ieee_802.15.4/phy/source/MKW41Z/PhyPacketProcessor.o
                0x00008950                PhyPpSetPanId
 .text.PhyPpSetShortAddr
                0x000089c0       0x70 ./ieee_802.15.4/phy/source/MKW41Z/PhyPacketProcessor.o
                0x000089c0                PhyPpSetShortAddr
 .text.PhyPpSetLongAddr
                0x00008a30       0x60 ./ieee_802.15.4/phy/source/MKW41Z/PhyPacketProcessor.o
                0x00008a30                PhyPpSetLongAddr
 .text.PhyPpSetMacRole
                0x00008a90       0x90 ./ieee_802.15.4/phy/source/MKW41Z/PhyPacketProcessor.o
                0x00008a90                PhyPpSetMacRole
 .text.PhyPpSetPromiscuous
                0x00008b20       0x5c ./ieee_802.15.4/phy/source/MKW41Z/PhyPacketProcessor.o
                0x00008b20                PhyPpSetPromiscuous
 .text.PhyPp_IndirectQueueInsert
                0x00008b7c       0x6c ./ieee_802.15.4/phy/source/MKW41Z/PhyPacketProcessor.o
                0x00008b7c                PhyPp_IndirectQueueInsert
 .text.PhyPp_RemoveFromIndirect
                0x00008be8       0x60 ./ieee_802.15.4/phy/source/MKW41Z/PhyPacketProcessor.o
                0x00008be8                PhyPp_RemoveFromIndirect
 .text.PhyPpIsTxAckDataPending
                0x00008c48       0x4c ./ieee_802.15.4/phy/source/MKW41Z/PhyPacketProcessor.o
                0x00008c48                PhyPpIsTxAckDataPending
 .text.PhyPlmeSetPwrState
                0x00008c94      0x128 ./ieee_802.15.4/phy/source/MKW41Z/PhyPacketProcessor.o
                0x00008c94                PhyPlmeSetPwrState
 .text.PhyPdDataRequest
                0x00008dbc      0x1b0 ./ieee_802.15.4/phy/source/MKW41Z/PhyPlmeData.o
                0x00008dbc                PhyPdDataRequest
 .text.PhyPlmeRxRequest
                0x00008f6c      0x16c ./ieee_802.15.4/phy/source/MKW41Z/PhyPlmeData.o
                0x00008f6c                PhyPlmeRxRequest
 .text.PhyPlmeCcaEdRequest
                0x000090d8      0x11c ./ieee_802.15.4/phy/source/MKW41Z/PhyPlmeData.o
                0x000090d8                PhyPlmeCcaEdRequest
 .text.PhyPlmeSetCurrentChannelRequest
                0x000091f4       0x8c ./ieee_802.15.4/phy/source/MKW41Z/PhyPlmeData.o
                0x000091f4                PhyPlmeSetCurrentChannelRequest
 .text.PhyPlmeGetCurrentChannelRequest
                0x00009280       0x3c ./ieee_802.15.4/phy/source/MKW41Z/PhyPlmeData.o
                0x00009280                PhyPlmeGetCurrentChannelRequest
 .text.PhyPlmeSetPwrLevelRequest
                0x000092bc       0x7c ./ieee_802.15.4/phy/source/MKW41Z/PhyPlmeData.o
                0x000092bc                PhyPlmeSetPwrLevelRequest
 .text.PhyPlmeGetPwrLevelRequest
                0x00009338       0x34 ./ieee_802.15.4/phy/source/MKW41Z/PhyPlmeData.o
                0x00009338                PhyPlmeGetPwrLevelRequest
 .text.PhyPlmeSetPIBRequest
                0x0000936c      0x1d0 ./ieee_802.15.4/phy/source/MKW41Z/PhyPlmeData.o
                0x0000936c                PhyPlmeSetPIBRequest
 .text.PhyPlmeGetPIBRequest
                0x0000953c      0x3c0 ./ieee_802.15.4/phy/source/MKW41Z/PhyPlmeData.o
                0x0000953c                PhyPlmeGetPIBRequest
 .text.PhyRxRetry
                0x000098fc       0x74 ./ieee_802.15.4/phy/source/MKW41Z/PhyPlmeData.o
 .text.Phy_Init
                0x00009970       0x40 ./ieee_802.15.4/phy/source/MKW41Z/PhyStateMachine.o
                0x00009970                Phy_Init
 .text.Phy_RegisterSapHandlers
                0x000099b0       0x24 ./ieee_802.15.4/phy/source/MKW41Z/PhyStateMachine.o
                0x000099b0                Phy_RegisterSapHandlers
 .text.Phy24Task
                0x000099d4      0x260 ./ieee_802.15.4/phy/source/MKW41Z/PhyStateMachine.o
 .text.MAC_PD_SapHandler
                0x00009c34       0xb0 ./ieee_802.15.4/phy/source/MKW41Z/PhyStateMachine.o
                0x00009c34                MAC_PD_SapHandler
 .text.MAC_PLME_SapHandler
                0x00009ce4      0x194 ./ieee_802.15.4/phy/source/MKW41Z/PhyStateMachine.o
                0x00009ce4                MAC_PLME_SapHandler
 .text.Phy_HandlePdDataReq
                0x00009e78      0x188 ./ieee_802.15.4/phy/source/MKW41Z/PhyStateMachine.o
 .text.Phy_EnterIdle
                0x0000a000       0x88 ./ieee_802.15.4/phy/source/MKW41Z/PhyStateMachine.o
 .text.PhyPlmeSetFrameWaitTime
                0x0000a088       0x1c ./ieee_802.15.4/phy/source/MKW41Z/PhyStateMachine.o
                0x0000a088                PhyPlmeSetFrameWaitTime
 .text.PhyPlmeSetRxOnWhenIdle
                0x0000a0a4       0x88 ./ieee_802.15.4/phy/source/MKW41Z/PhyStateMachine.o
                0x0000a0a4                PhyPlmeSetRxOnWhenIdle
 .text.PhyIsIdleRx
                0x0000a12c       0x4c ./ieee_802.15.4/phy/source/MKW41Z/PhyStateMachine.o
                0x0000a12c                PhyIsIdleRx
 .text.Radio_Phy_PdDataConfirm
                0x0000a178       0x94 ./ieee_802.15.4/phy/source/MKW41Z/PhyStateMachine.o
                0x0000a178                Radio_Phy_PdDataConfirm
 .text.Radio_Phy_PdDataIndication
                0x0000a20c       0x24 ./ieee_802.15.4/phy/source/MKW41Z/PhyStateMachine.o
                0x0000a20c                Radio_Phy_PdDataIndication
 .text.Radio_Phy_PlmeCcaConfirm
                0x0000a230       0x34 ./ieee_802.15.4/phy/source/MKW41Z/PhyStateMachine.o
                0x0000a230                Radio_Phy_PlmeCcaConfirm
 .text.Radio_Phy_PlmeEdConfirm
                0x0000a264       0x34 ./ieee_802.15.4/phy/source/MKW41Z/PhyStateMachine.o
                0x0000a264                Radio_Phy_PlmeEdConfirm
 .text.Radio_Phy_TimeRxTimeoutIndication
                0x0000a298       0x30 ./ieee_802.15.4/phy/source/MKW41Z/PhyStateMachine.o
                0x0000a298                Radio_Phy_TimeRxTimeoutIndication
 .text.Radio_Phy_PlmeRxWatermark
                0x0000a2c8       0xb8 ./ieee_802.15.4/phy/source/MKW41Z/PhyStateMachine.o
                0x0000a2c8                Radio_Phy_PlmeRxWatermark
 .text.Radio_Phy_PlmeFilterFailRx
                0x0000a380       0x54 ./ieee_802.15.4/phy/source/MKW41Z/PhyStateMachine.o
                0x0000a380                Radio_Phy_PlmeFilterFailRx
 .text.PLME_SendMessage
                0x0000a3d4       0xd4 ./ieee_802.15.4/phy/source/MKW41Z/PhyStateMachine.o
 .text.PD_SendMessage
                0x0000a4a8      0x268 ./ieee_802.15.4/phy/source/MKW41Z/PhyStateMachine.o
 .text.Phy_SendLatePLME
                0x0000a710       0x24 ./ieee_802.15.4/phy/source/MKW41Z/PhyStateMachine.o
 .text.Phy_SendLatePD
                0x0000a734       0x24 ./ieee_802.15.4/phy/source/MKW41Z/PhyStateMachine.o
 .text.Radio_Phy_Notify
                0x0000a758       0x18 ./ieee_802.15.4/phy/source/MKW41Z/PhyStateMachine.o
                0x0000a758                Radio_Phy_Notify
 .text.PhyTimeSetEventTrigger
                0x0000a770       0x68 ./ieee_802.15.4/phy/source/MKW41Z/PhyTime.o
                0x0000a770                PhyTimeSetEventTrigger
 .text.PhyTimeDisableEventTrigger
                0x0000a7d8       0x5c ./ieee_802.15.4/phy/source/MKW41Z/PhyTime.o
                0x0000a7d8                PhyTimeDisableEventTrigger
 .text.PhyTimeSetEventTimeout
                0x0000a834       0x74 ./ieee_802.15.4/phy/source/MKW41Z/PhyTime.o
                0x0000a834                PhyTimeSetEventTimeout
 .text.PhyTimeGetEventTimeout
                0x0000a8a8       0x20 ./ieee_802.15.4/phy/source/MKW41Z/PhyTime.o
                0x0000a8a8                PhyTimeGetEventTimeout
 .text.PhyTimeDisableEventTimeout
                0x0000a8c8       0x60 ./ieee_802.15.4/phy/source/MKW41Z/PhyTime.o
                0x0000a8c8                PhyTimeDisableEventTimeout
 .text.PhyTimeReadClock
                0x0000a928       0x28 ./ieee_802.15.4/phy/source/MKW41Z/PhyTime.o
                0x0000a928                PhyTimeReadClock
 .text.PhyTimeSetWaitTimeout
                0x0000a950       0x6c ./ieee_802.15.4/phy/source/MKW41Z/PhyTime.o
                0x0000a950                PhyTimeSetWaitTimeout
 .text.PhyTimeDisableWaitTimeout
                0x0000a9bc       0x50 ./ieee_802.15.4/phy/source/MKW41Z/PhyTime.o
                0x0000a9bc                PhyTimeDisableWaitTimeout
 .text.PhyTime_ISR
                0x0000aa0c       0x54 ./ieee_802.15.4/phy/source/MKW41Z/PhyTime.o
                0x0000aa0c                PhyTime_ISR
 .text.PhyTime_TimerInit
                0x0000aa60       0x90 ./ieee_802.15.4/phy/source/MKW41Z/PhyTime.o
                0x0000aa60                PhyTime_TimerInit
 .text.PhyTime_GetTimestamp
                0x0000aaf0       0x80 ./ieee_802.15.4/phy/source/MKW41Z/PhyTime.o
                0x0000aaf0                PhyTime_GetTimestamp
 .text.PhyTime_ScheduleEvent
                0x0000ab70       0xe8 ./ieee_802.15.4/phy/source/MKW41Z/PhyTime.o
                0x0000ab70                PhyTime_ScheduleEvent
 .text.PhyTime_CancelEvent
                0x0000ac58       0xa4 ./ieee_802.15.4/phy/source/MKW41Z/PhyTime.o
                0x0000ac58                PhyTime_CancelEvent
 .text.PhyTime_CancelEventsWithParam
                0x0000acfc       0xac ./ieee_802.15.4/phy/source/MKW41Z/PhyTime.o
                0x0000acfc                PhyTime_CancelEventsWithParam
 .text.PhyTime_RunCallback
                0x0000ada8       0x70 ./ieee_802.15.4/phy/source/MKW41Z/PhyTime.o
                0x0000ada8                PhyTime_RunCallback
 .text.PhyTime_Maintenance
                0x0000ae18       0xa8 ./ieee_802.15.4/phy/source/MKW41Z/PhyTime.o
                0x0000ae18                PhyTime_Maintenance
 .text.PhyTime_OverflowCB
                0x0000aec0       0x50 ./ieee_802.15.4/phy/source/MKW41Z/PhyTime.o
 .text.PhyTime_GetNextEvent
                0x0000af10       0x74 ./ieee_802.15.4/phy/source/MKW41Z/PhyTime.o
 .text.MAC_Init
                0x0000af84       0x68 ./ieee_802.15.4/mac/source/App/MacGlobals.o
                0x0000af84                MAC_Init
 .text.xEventGroupSetBitsFromISR
                0x0000afec       0x2c ./freertos/event_groups.o
                0x0000afec                xEventGroupSetBitsFromISR
 .text.prvSetupTimerInterrupt
                0x0000b018       0x40 ./freertos/fsl_tickless_lptmr.o
                0x0000b018                prvSetupTimerInterrupt
 .text.pvPortMalloc
                0x0000b058      0x14c ./freertos/heap_4.o
                0x0000b058                pvPortMalloc
 .text.vPortFree
                0x0000b1a4       0x90 ./freertos/heap_4.o
                0x0000b1a4                vPortFree
 .text.prvHeapInit
                0x0000b234       0xc0 ./freertos/heap_4.o
 .text.prvInsertBlockIntoFreeList
                0x0000b2f4       0xb0 ./freertos/heap_4.o
 .text.pxPortInitialiseStack
                0x0000b3a4       0x54 ./freertos/port.o
                0x0000b3a4                pxPortInitialiseStack
 .text.prvTaskExitError
                0x0000b3f8       0x18 ./freertos/port.o
 .text.xPortStartScheduler
                0x0000b410       0x44 ./freertos/port.o
                0x0000b410                xPortStartScheduler
 .text.vPortYield
                0x0000b454       0x20 ./freertos/port.o
                0x0000b454                vPortYield
 .text.vPortEnterCritical
                0x0000b474       0x24 ./freertos/port.o
                0x0000b474                vPortEnterCritical
 .text.vPortExitCritical
                0x0000b498       0x30 ./freertos/port.o
                0x0000b498                vPortExitCritical
 .text.SysTick_Handler
                0x0000b4c8       0x34 ./freertos/port.o
                0x0000b4c8                SysTick_Handler
 .text.vQueueAddToRegistry
                0x0000b4fc       0x50 ./freertos/queue.o
                0x0000b4fc                vQueueAddToRegistry
 .text.prvInitialiseNewTask
                0x0000b54c      0x12c ./freertos/tasks.o
 .text.prvAddNewTaskToReadyList
                0x0000b678       0xd0 ./freertos/tasks.o
 .text.vTaskStartScheduler
                0x0000b748       0x78 ./freertos/tasks.o
                0x0000b748                vTaskStartScheduler
 .text.vTaskSuspendAll
                0x0000b7c0       0x18 ./freertos/tasks.o
                0x0000b7c0                vTaskSuspendAll
 .text.xTaskResumeAll
                0x0000b7d8      0x118 ./freertos/tasks.o
                0x0000b7d8                xTaskResumeAll
 .text.xTaskGetTickCount
                0x0000b8f0       0x1c ./freertos/tasks.o
                0x0000b8f0                xTaskGetTickCount
 .text.xTaskIncrementTick
                0x0000b90c      0x14c ./freertos/tasks.o
                0x0000b90c                xTaskIncrementTick
 .text.vTaskSwitchContext
                0x0000ba58       0xa4 ./freertos/tasks.o
                0x0000ba58                vTaskSwitchContext
 .text.vTaskPlaceOnEventList
                0x0000bafc       0x3c ./freertos/tasks.o
                0x0000bafc                vTaskPlaceOnEventList
 .text.vTaskPlaceOnUnorderedEventList
                0x0000bb38       0x5c ./freertos/tasks.o
                0x0000bb38                vTaskPlaceOnUnorderedEventList
 .text.vTaskPlaceOnEventListRestricted
                0x0000bb94       0x4c ./freertos/tasks.o
                0x0000bb94                vTaskPlaceOnEventListRestricted
 .text.xTaskRemoveFromEventList
                0x0000bbe0       0xb8 ./freertos/tasks.o
                0x0000bbe0                xTaskRemoveFromEventList
 .text.xTaskRemoveFromUnorderedEventList
                0x0000bc98       0xb0 ./freertos/tasks.o
                0x0000bc98                xTaskRemoveFromUnorderedEventList
 .text.vTaskSetTimeOutState
                0x0000bd48       0x34 ./freertos/tasks.o
                0x0000bd48                vTaskSetTimeOutState
 .text.xTaskCheckForTimeOut
                0x0000bd7c       0x9c ./freertos/tasks.o
                0x0000bd7c                xTaskCheckForTimeOut
 .text.vTaskMissedYield
                0x0000be18       0x14 ./freertos/tasks.o
                0x0000be18                vTaskMissedYield
 .text.prvIdleTask
                0x0000be2c       0x20 ./freertos/tasks.o
 .text.prvInitialiseTaskLists
                0x0000be4c       0x88 ./freertos/tasks.o
 .text.prvCheckTasksWaitingTermination
                0x0000bed4       0x78 ./freertos/tasks.o
 .text.prvResetNextTaskUnblockTime
                0x0000bf4c       0x48 ./freertos/tasks.o
 .text.xTaskGetCurrentTaskHandle
                0x0000bf94       0x1c ./freertos/tasks.o
                0x0000bf94                xTaskGetCurrentTaskHandle
 .text.xTaskGetSchedulerState
                0x0000bfb0       0x38 ./freertos/tasks.o
                0x0000bfb0                xTaskGetSchedulerState
 .text.vTaskPriorityInherit
                0x0000bfe8       0xbc ./freertos/tasks.o
                0x0000bfe8                vTaskPriorityInherit
 .text.xTaskPriorityDisinherit
                0x0000c0a4       0xb8 ./freertos/tasks.o
                0x0000c0a4                xTaskPriorityDisinherit
 .text.uxTaskResetEventItemValue
                0x0000c15c       0x2c ./freertos/tasks.o
                0x0000c15c                uxTaskResetEventItemValue
 .text.pvTaskIncrementMutexHeldCount
                0x0000c188       0x24 ./freertos/tasks.o
                0x0000c188                pvTaskIncrementMutexHeldCount
 .text.prvAddCurrentTaskToDelayedList
                0x0000c1ac       0xa8 ./freertos/tasks.o
 .text.xTimerCreateTimerTask
                0x0000c254       0x54 ./freertos/timers.o
                0x0000c254                xTimerCreateTimerTask
 .text.xTimerGenericCommand
                0x0000c2a8       0x94 ./freertos/timers.o
                0x0000c2a8                xTimerGenericCommand
 .text.prvProcessExpiredTimer
                0x0000c33c       0x70 ./freertos/timers.o
 .text.prvProcessTimerOrBlockTask
                0x0000c3ac       0x8c ./freertos/timers.o
 .text.prvGetNextExpireTime
                0x0000c438       0x40 ./freertos/timers.o
 .text.prvSampleTimeNow
                0x0000c478       0x40 ./freertos/timers.o
 .text.prvInsertTimerInActiveList
                0x0000c4b8       0x84 ./freertos/timers.o
 .text.prvProcessReceivedCommands
                0x0000c53c      0x128 ./freertos/timers.o
 .text.prvSwitchTimerLists
                0x0000c664       0xb4 ./freertos/timers.o
 .text.prvCheckForValidListAndQueue
                0x0000c718       0x74 ./freertos/timers.o
 .text.xTimerPendFunctionCallFromISR
                0x0000c78c       0x4c ./freertos/timers.o
                0x0000c78c                xTimerPendFunctionCallFromISR
 .text.XCVR_Init
                0x0000c7d8      0x128 ./framework/XCVR/MKW41Z4/fsl_xcvr.o
                0x0000c7d8                XCVR_Init
 .text.XCVR_GetDefaultConfig
                0x0000c900      0x174 ./framework/XCVR/MKW41Z4/fsl_xcvr.o
                0x0000c900                XCVR_GetDefaultConfig
 .text.XCVR_Configure
                0x0000ca74      0x98c ./framework/XCVR/MKW41Z4/fsl_xcvr.o
                0x0000ca74                XCVR_Configure
 .text.XcvrPanic
                0x0000d400       0x40 ./framework/XCVR/MKW41Z4/fsl_xcvr.o
                0x0000d400                XcvrPanic
 .text.XCVR_SetXtalTrim
                0x0000d440       0x64 ./framework/XCVR/MKW41Z4/fsl_xcvr.o
                0x0000d440                XCVR_SetXtalTrim
 .text.XCVR_OverrideChannel
                0x0000d4a4      0x140 ./framework/XCVR/MKW41Z4/fsl_xcvr.o
                0x0000d4a4                XCVR_OverrideChannel
 .text.XCVR_ForceRxWu
                0x0000d5e4       0x1c ./framework/XCVR/MKW41Z4/fsl_xcvr.o
                0x0000d5e4                XCVR_ForceRxWu
 .text.XCVR_ForceRxWd
                0x0000d600       0x1c ./framework/XCVR/MKW41Z4/fsl_xcvr.o
                0x0000d600                XCVR_ForceRxWd
 .text.calc_dcoc_dac_step
                0x0000d61c       0x88 ./framework/XCVR/MKW41Z4/fsl_xcvr_trim.o
                0x0000d61c                calc_dcoc_dac_step
 .text.rx_dc_est_average
                0x0000d6a4      0x1a0 ./framework/XCVR/MKW41Z4/fsl_xcvr_trim.o
                0x0000d6a4                rx_dc_est_average
 .text.rx_bba_dcoc_dac_trim_DCest
                0x0000d844      0x7bc ./framework/XCVR/MKW41Z4/fsl_xcvr_trim.o
                0x0000d844                rx_bba_dcoc_dac_trim_DCest
 .text.DCOC_DAC_INIT_Cal
                0x0000e000      0x5f0 ./framework/XCVR/MKW41Z4/fsl_xcvr_trim.o
                0x0000e000                DCOC_DAC_INIT_Cal
 .text.read_first_ifr_word
                0x0000e5f0       0x20 ./framework/XCVR/MKW41Z4/ifr_radio.o
                0x0000e5f0                read_first_ifr_word
 .text.read_another_ifr_word
                0x0000e610       0x2c ./framework/XCVR/MKW41Z4/ifr_radio.o
                0x0000e610                read_another_ifr_word
 .text.read_resource_ifr
                0x0000e63c       0xd4 ./framework/XCVR/MKW41Z4/ifr_radio.o
                0x0000e63c                read_resource_ifr
 .text.handle_ifr
                0x0000e710      0x184 ./framework/XCVR/MKW41Z4/ifr_radio.o
                0x0000e710                handle_ifr
 .text.NVIC_EnableIRQ
                0x0000e894       0x2c ./framework/TimersManager/Source/TMR_Adapter.o
 .text.NVIC_ClearPendingIRQ
                0x0000e8c0       0x30 ./framework/TimersManager/Source/TMR_Adapter.o
 .text.NVIC_SetPriority
                0x0000e8f0       0xdc ./framework/TimersManager/Source/TMR_Adapter.o
 .text.StackTimer_Init
                0x0000e9cc       0x98 ./framework/TimersManager/Source/TMR_Adapter.o
                0x0000e9cc                StackTimer_Init
 .text.StackTimer_Enable
                0x0000ea64       0x1c ./framework/TimersManager/Source/TMR_Adapter.o
                0x0000ea64                StackTimer_Enable
 .text.StackTimer_Disable
                0x0000ea80       0x18 ./framework/TimersManager/Source/TMR_Adapter.o
                0x0000ea80                StackTimer_Disable
 .text.StackTimer_GetCounterValue
                0x0000ea98       0x14 ./framework/TimersManager/Source/TMR_Adapter.o
                0x0000ea98                StackTimer_GetCounterValue
 .text.StackTimer_SetOffsetTicks
                0x0000eaac       0x24 ./framework/TimersManager/Source/TMR_Adapter.o
                0x0000eaac                StackTimer_SetOffsetTicks
 .text.StackTimer_ClearIntFlag
                0x0000ead0       0x30 ./framework/TimersManager/Source/TMR_Adapter.o
                0x0000ead0                StackTimer_ClearIntFlag
 .text.TMR_GetTimerStatus
                0x0000eb00       0x28 ./framework/TimersManager/Source/TimersManager.o
 .text.TMR_SetTimerStatus
                0x0000eb28       0x44 ./framework/TimersManager/Source/TimersManager.o
 .text.TMR_GetTimerType
                0x0000eb6c       0x28 ./framework/TimersManager/Source/TimersManager.o
 .text.TMR_SetTimerType
                0x0000eb94       0x44 ./framework/TimersManager/Source/TimersManager.o
 .text.TmrTicksFromMilliseconds
                0x0000ebd8       0x48 ./framework/TimersManager/Source/TimersManager.o
                0x0000ebd8                TmrTicksFromMilliseconds
 .text.TMR_Init
                0x0000ec20       0x80 ./framework/TimersManager/Source/TimersManager.o
                0x0000ec20                TMR_Init
 .text.TMR_NotifyClkChanged
                0x0000eca0       0x44 ./framework/TimersManager/Source/TimersManager.o
                0x0000eca0                TMR_NotifyClkChanged
 .text.TMR_AllocateTimer
                0x0000ece4       0x50 ./framework/TimersManager/Source/TimersManager.o
                0x0000ece4                TMR_AllocateTimer
 .text.StackTimer_ISR
                0x0000ed34       0x24 ./framework/TimersManager/Source/TimersManager.o
 .text.TMR_StartTimer
                0x0000ed58       0xe8 ./framework/TimersManager/Source/TimersManager.o
                0x0000ed58                TMR_StartTimer
 .text.TMR_StopTimer
                0x0000ee40       0xe8 ./framework/TimersManager/Source/TimersManager.o
                0x0000ee40                TMR_StopTimer
 .text.TMR_Task
                0x0000ef28      0x4fc ./framework/TimersManager/Source/TimersManager.o
                0x0000ef28                TMR_Task
 .text.TMR_EnableTimer
                0x0000f424       0x84 ./framework/TimersManager/Source/TimersManager.o
                0x0000f424                TMR_EnableTimer
 .text.NVIC_EnableIRQ
                0x0000f4a8       0x2c ./framework/SerialManager/Source/UART_Adapter/UART_Adapter.o
 .text.NVIC_SetPriority
                0x0000f4d4       0xdc ./framework/SerialManager/Source/UART_Adapter/UART_Adapter.o
 .text.LPUART_Initialize
                0x0000f5b0       0xe8 ./framework/SerialManager/Source/UART_Adapter/UART_Adapter.o
                0x0000f5b0                LPUART_Initialize
 .text.LPUART_SetBaudrate
                0x0000f698       0x44 ./framework/SerialManager/Source/UART_Adapter/UART_Adapter.o
                0x0000f698                LPUART_SetBaudrate
 .text.LPUART_SendData
                0x0000f6dc       0xc0 ./framework/SerialManager/Source/UART_Adapter/UART_Adapter.o
                0x0000f6dc                LPUART_SendData
 .text.LPUART_InstallRxCalback
                0x0000f79c       0x44 ./framework/SerialManager/Source/UART_Adapter/UART_Adapter.o
                0x0000f79c                LPUART_InstallRxCalback
 .text.LPUART_InstallTxCalback
                0x0000f7e0       0x44 ./framework/SerialManager/Source/UART_Adapter/UART_Adapter.o
                0x0000f7e0                LPUART_InstallTxCalback
 .text.LPUART_IsTxActive
                0x0000f824       0x58 ./framework/SerialManager/Source/UART_Adapter/UART_Adapter.o
                0x0000f824                LPUART_IsTxActive
 .text.LPUART_ISR
                0x0000f87c      0x17c ./framework/SerialManager/Source/UART_Adapter/UART_Adapter.o
 .text.SerialManager_Init
                0x0000f9f8       0x80 ./framework/SerialManager/Source/SerialManager.o
                0x0000f9f8                SerialManager_Init
 .text.SerialManagerTask
                0x0000fa78      0x1c4 ./framework/SerialManager/Source/SerialManager.o
                0x0000fa78                SerialManagerTask
 .text.Serial_InitInterface
                0x0000fc3c      0x190 ./framework/SerialManager/Source/SerialManager.o
                0x0000fc3c                Serial_InitInterface
 .text.Serial_AsyncWrite
                0x0000fdcc      0x1bc ./framework/SerialManager/Source/SerialManager.o
                0x0000fdcc                Serial_AsyncWrite
 .text.Serial_SyncWrite
                0x0000ff88       0xe0 ./framework/SerialManager/Source/SerialManager.o
                0x0000ff88                Serial_SyncWrite
 .text.Serial_Read
                0x00010068      0x124 ./framework/SerialManager/Source/SerialManager.o
                0x00010068                Serial_Read
 .text.Serial_RxBufferByteCount
                0x0001018c      0x10c ./framework/SerialManager/Source/SerialManager.o
                0x0001018c                Serial_RxBufferByteCount
 .text.Serial_SetRxCallBack
                0x00010298       0x78 ./framework/SerialManager/Source/SerialManager.o
                0x00010298                Serial_SetRxCallBack
 .text.Serial_SetBaudRate
                0x00010310       0x94 ./framework/SerialManager/Source/SerialManager.o
                0x00010310                Serial_SetBaudRate
 .text.Serial_WriteInternal
                0x000103a4      0x12c ./framework/SerialManager/Source/SerialManager.o
 .text.SerialManager_RxNotify
                0x000104d0       0xc8 ./framework/SerialManager/Source/SerialManager.o
                0x000104d0                SerialManager_RxNotify
 .text.SerialManager_TxNotify
                0x00010598       0xf4 ./framework/SerialManager/Source/SerialManager.o
                0x00010598                SerialManager_TxNotify
 .text.Serial_TxQueueMaintenance
                0x0001068c      0x15c ./framework/SerialManager/Source/SerialManager.o
 .text.Serial_UartRxCb
                0x000107e8       0x5c ./framework/SerialManager/Source/SerialManager.o
 .text.SecLib_Init
                0x00010844       0x3c ./framework/SecLib/SecLib.o
                0x00010844                SecLib_Init
 .text.AES_128_CCM
                0x00010880       0xec ./framework/SecLib/SecLib.o
                0x00010880                AES_128_CCM
 .text.NVIC_EnableIRQ
                0x0001096c       0x2c ./framework/RNG/Source/RNG.o
 .text.RNG_Init
                0x00010998       0xe0 ./framework/RNG/Source/RNG.o
                0x00010998                RNG_Init
 .text.TRNG_ISR
                0x00010a78       0x3c ./framework/RNG/Source/RNG.o
 .text.OSA_SemaphorePost
                0x00010ab4       0x9c ./framework/OSAbstraction/Source/fsl_os_abstraction_free_rtos.o
                0x00010ab4                OSA_SemaphorePost
 .text.OSA_EventCreate
                0x00010b50       0x70 ./framework/OSAbstraction/Source/fsl_os_abstraction_free_rtos.o
                0x00010b50                OSA_EventCreate
 .text.OSA_EventSet
                0x00010bc0       0xa0 ./framework/OSAbstraction/Source/fsl_os_abstraction_free_rtos.o
                0x00010bc0                OSA_EventSet
 .text.OSA_EventWait
                0x00010c60       0xa4 ./framework/OSAbstraction/Source/fsl_os_abstraction_free_rtos.o
                0x00010c60                OSA_EventWait
 .text.OSA_InterruptEnable
                0x00010d04       0x4c ./framework/OSAbstraction/Source/fsl_os_abstraction_free_rtos.o
                0x00010d04                OSA_InterruptEnable
 .text.OSA_InterruptDisable
                0x00010d50       0x4c ./framework/OSAbstraction/Source/fsl_os_abstraction_free_rtos.o
                0x00010d50                OSA_InterruptDisable
 .text.main     0x00010d9c       0x24 ./framework/OSAbstraction/Source/fsl_os_abstraction_free_rtos.o
                0x00010d9c                main
 .text.MEM_Init
                0x00010dc0       0xc4 ./framework/MemManager/Source/MemManager.o
                0x00010dc0                MEM_Init
 .text.MEM_BufferAllocWithId
                0x00010e84       0xb8 ./framework/MemManager/Source/MemManager.o
                0x00010e84                MEM_BufferAllocWithId
 .text.MEM_BufferFree
                0x00010f3c       0xb0 ./framework/MemManager/Source/MemManager.o
                0x00010f3c                MEM_BufferFree
 .text.LED_Init
                0x00010fec       0x2c ./framework/LED/Source/LED.o
                0x00010fec                LED_Init
 .text.LED_Operate
                0x00011018       0x8c ./framework/LED/Source/LED.o
                0x00011018                LED_Operate
 .text.LED_StartBlip
                0x000110a4       0x64 ./framework/LED/Source/LED.o
                0x000110a4                LED_StartBlip
 .text.LED_StopFlash
                0x00011108       0x4c ./framework/LED/Source/LED.o
                0x00011108                LED_StopFlash
 .text.LED_SetLed
                0x00011154       0xb8 ./framework/LED/Source/LED.o
                0x00011154                LED_SetLed
 .text.LED_StartFlashWithPeriod
                0x0001120c       0x58 ./framework/LED/Source/LED.o
                0x0001120c                LED_StartFlashWithPeriod
 .text.LED_StartSerialFlashWithPeriod
                0x00011264       0x74 ./framework/LED/Source/LED.o
                0x00011264                LED_StartSerialFlashWithPeriod
 .text.LED_StopSerialFlash
                0x000112d8       0x44 ./framework/LED/Source/LED.o
                0x000112d8                LED_StopSerialFlash
 .text.LED_DecrementBlip
                0x0001131c       0x8c ./framework/LED/Source/LED.o
 .text.LED_FlashTimeout
                0x000113a8       0x74 ./framework/LED/Source/LED.o
 .text.KbGpioInit
                0x0001141c       0x58 ./framework/Keyboard/Source/Keyboard.o
 .text.KBD_KeySwitchPortGet
                0x00011474       0x7c ./framework/Keyboard/Source/Keyboard.o
 .text.KBD_KeyCheck
                0x000114f0       0xa0 ./framework/Keyboard/Source/Keyboard.o
 .text.KeyScan  0x00011590      0x154 ./framework/Keyboard/Source/Keyboard.o
 .text.Switch_CheckIRQ
                0x000116e4       0x50 ./framework/Keyboard/Source/Keyboard.o
 .text.KBD_Init
                0x00011734       0xdc ./framework/Keyboard/Source/Keyboard.o
                0x00011734                KBD_Init
 .text.Switch_Press_ISR
                0x00011810       0x70 ./framework/Keyboard/Source/Keyboard.o
                0x00011810                Switch_Press_ISR
 .text.NVIC_EnableIRQ
                0x00011880       0x2c ./framework/GPIO/GPIO_Adapter.o
 .text.NVIC_ClearPendingIRQ
                0x000118ac       0x30 ./framework/GPIO/GPIO_Adapter.o
 .text.NVIC_SetPriority
                0x000118dc       0xdc ./framework/GPIO/GPIO_Adapter.o
 .text.NVIC_GetPriority
                0x000119b8       0x7c ./framework/GPIO/GPIO_Adapter.o
 .text.PORT_SetPinConfig
                0x00011a34       0x38 ./framework/GPIO/GPIO_Adapter.o
 .text.PORT_SetPinMux
                0x00011a6c       0x40 ./framework/GPIO/GPIO_Adapter.o
 .text.PORT_SetPinInterruptConfig
                0x00011aac       0x40 ./framework/GPIO/GPIO_Adapter.o
 .text.GpioSetPinMux
                0x00011aec       0x44 ./framework/GPIO/GPIO_Adapter.o
                0x00011aec                GpioSetPinMux
 .text.GpioClearPinIntFlag
                0x00011b30       0x34 ./framework/GPIO/GPIO_Adapter.o
                0x00011b30                GpioClearPinIntFlag
 .text.GpioIsPinIntPending
                0x00011b64       0x38 ./framework/GPIO/GPIO_Adapter.o
                0x00011b64                GpioIsPinIntPending
 .text.GpioSetPinOutput
                0x00011b9c       0x34 ./framework/GPIO/GPIO_Adapter.o
                0x00011b9c                GpioSetPinOutput
 .text.GpioClearPinOutput
                0x00011bd0       0x34 ./framework/GPIO/GPIO_Adapter.o
                0x00011bd0                GpioClearPinOutput
 .text.GpioTogglePinOutput
                0x00011c04       0x34 ./framework/GPIO/GPIO_Adapter.o
                0x00011c04                GpioTogglePinOutput
 .text.GpioReadPinInput
                0x00011c38       0x30 ./framework/GPIO/GPIO_Adapter.o
                0x00011c38                GpioReadPinInput
 .text.GpioInputPinInit
                0x00011c68      0x104 ./framework/GPIO/GPIO_Adapter.o
                0x00011c68                GpioInputPinInit
 .text.GpioOutputPinInit
                0x00011d6c      0x100 ./framework/GPIO/GPIO_Adapter.o
                0x00011d6c                GpioOutputPinInit
 .text.GpioInstallIsr
                0x00011e6c      0x2c4 ./framework/GPIO/GPIO_Adapter.o
                0x00011e6c                GpioInstallIsr
 .text.Gpio_CommonIsr
                0x00012130       0xb0 ./framework/GPIO/GPIO_Adapter.o
 .text.Gpio_InstallPortISR
                0x000121e0       0x60 ./framework/GPIO/GPIO_Adapter.o
 .text.NV_ComputeCrcOverHWParameters
                0x00012240       0xd0 ./framework/Flash/Internal/Flash_Adapter.o
 .text.NV_ReadHWParameters
                0x00012310       0x68 ./framework/Flash/Internal/Flash_Adapter.o
                0x00012310                NV_ReadHWParameters
 .text.CLOCK_EnableClock
                0x00012378       0x34 ./framework/DCDC/Source/DCDC.o
 .text.ADC16_GetChannelConversionValue
                0x000123ac       0x30 ./framework/DCDC/Source/DCDC.o
 .text.DCDC_MakeADCConversion
                0x000123dc       0x44 ./framework/DCDC/Source/DCDC.o
 .text.DCDC_AdjustVbatDiv
                0x00012420       0x68 ./framework/DCDC/Source/DCDC.o
 .text.DCDC_Get1P8VOutputTargetAndVBatInmV
                0x00012488       0xf4 ./framework/DCDC/Source/DCDC.o
 .text.DCDC_mVTo1P8OutputTargetBoost
                0x0001257c      0x168 ./framework/DCDC/Source/DCDC.o
 .text.DCDC_mVTo1P8OutputTargetBuck
                0x000126e4       0xe4 ./framework/DCDC/Source/DCDC.o
 .text.DCDC_mVToMcuVOutputTargetBoost
                0x000127c8       0x8c ./framework/DCDC/Source/DCDC.o
                0x000127c8                DCDC_mVToMcuVOutputTargetBoost
 .text.DCDC_GetOutputTargetsBoost
                0x00012854       0xcc ./framework/DCDC/Source/DCDC.o
 .text.DCDC_GetOutputTargetsBuck
                0x00012920       0x88 ./framework/DCDC/Source/DCDC.o
 .text.DCDC_VBatMonitorBoost
                0x000129a8      0x1b8 ./framework/DCDC/Source/DCDC.o
 .text.DCDC_VBatMonitorBuck
                0x00012b60      0x1bc ./framework/DCDC/Source/DCDC.o
 .text.DCDC_Init
                0x00012d1c      0x218 ./framework/DCDC/Source/DCDC.o
                0x00012d1c                DCDC_Init
 .text.CLOCK_EnableClock
                0x00012f34       0x34 ./drivers/fsl_adc16.o
 .text.ADC16_GetInstance
                0x00012f68       0x48 ./drivers/fsl_adc16.o
 .text.ADC16_Init
                0x00012fb0      0x114 ./drivers/fsl_adc16.o
                0x00012fb0                ADC16_Init
 .text.ADC16_SetChannelConfig
                0x000130c4       0x6c ./drivers/fsl_adc16.o
                0x000130c4                ADC16_SetChannelConfig
 .text.ADC16_GetChannelStatusFlags
                0x00013130       0x40 ./drivers/fsl_adc16.o
                0x00013130                ADC16_GetChannelStatusFlags
 .text.CLOCK_SetEr32kClock
                0x00013170       0x34 ./drivers/fsl_clock.o
 .text.CLOCK_GetMcgExtClkFreq
                0x000131a4       0x70 ./drivers/fsl_clock.o
 .text.CLOCK_GetFllExtRefClkFreq
                0x00013214       0xc0 ./drivers/fsl_clock.o
 .text.CLOCK_GetInternalRefClkSelectFreq
                0x000132d4       0x40 ./drivers/fsl_clock.o
 .text.CLOCK_GetFllRefClkFreq
                0x00013314       0x2c ./drivers/fsl_clock.o
 .text.CLOCK_GetOscRangeFromFreq
                0x00013340       0x4c ./drivers/fsl_clock.o
 .text.CLOCK_GetOsc0ErClkFreq
                0x0001338c       0x28 ./drivers/fsl_clock.o
                0x0001338c                CLOCK_GetOsc0ErClkFreq
 .text.CLOCK_SetSimConfig
                0x000133b4       0x2c ./drivers/fsl_clock.o
                0x000133b4                CLOCK_SetSimConfig
 .text.CLOCK_GetFllFreq
                0x000133e0       0x78 ./drivers/fsl_clock.o
                0x000133e0                CLOCK_GetFllFreq
 .text.CLOCK_GetInternalRefClkFreq
                0x00013458       0x28 ./drivers/fsl_clock.o
                0x00013458                CLOCK_GetInternalRefClkFreq
 .text.CLOCK_SetExternalRefClkConfig
                0x00013480       0x80 ./drivers/fsl_clock.o
                0x00013480                CLOCK_SetExternalRefClkConfig
 .text.CLOCK_SetInternalRefClkConfig
                0x00013500      0x124 ./drivers/fsl_clock.o
                0x00013500                CLOCK_SetInternalRefClkConfig
 .text.CLOCK_InitOsc0
                0x00013624       0x68 ./drivers/fsl_clock.o
                0x00013624                CLOCK_InitOsc0
 .text.CLOCK_SetFeeMode
                0x0001368c      0x138 ./drivers/fsl_clock.o
                0x0001368c                CLOCK_SetFeeMode
 .text.__assertion_failed
                0x000137c4       0x1c ./drivers/fsl_common.o
                0x000137c4                __assertion_failed
 .text.InstallIRQHandler
                0x000137e0       0x98 ./drivers/fsl_common.o
                0x000137e0                InstallIRQHandler
 .text.DSPI_CommonIRQHandler
                0x00013878       0x40 ./drivers/fsl_dspi.o
 .text.SPI0_DriverIRQHandler
                0x000138b8       0x34 ./drivers/fsl_dspi.o
                0x000138b8                SPI0_DriverIRQHandler
 .text.SPI1_DriverIRQHandler
                0x000138ec       0x34 ./drivers/fsl_dspi.o
                0x000138ec                SPI1_DriverIRQHandler
 .text.GPIO_PinInit
                0x00013920       0x64 ./drivers/fsl_gpio.o
                0x00013920                GPIO_PinInit
 .text.I2C_TransferCommonIRQHandler
                0x00013984       0x58 ./drivers/fsl_i2c.o
 .text.I2C0_DriverIRQHandler
                0x000139dc       0x20 ./drivers/fsl_i2c.o
                0x000139dc                I2C0_DriverIRQHandler
 .text.I2C1_DriverIRQHandler
                0x000139fc       0x20 ./drivers/fsl_i2c.o
                0x000139fc                I2C1_DriverIRQHandler
 .text.CLOCK_EnableClock
                0x00013a1c       0x34 ./drivers/fsl_lpuart.o
 .text.LPUART_GetInstance
                0x00013a50       0x48 ./drivers/fsl_lpuart.o
                0x00013a50                LPUART_GetInstance
 .text.LPUART_Init
                0x00013a98      0x284 ./drivers/fsl_lpuart.o
                0x00013a98                LPUART_Init
 .text.LPUART_GetDefaultConfig
                0x00013d1c       0x50 ./drivers/fsl_lpuart.o
                0x00013d1c                LPUART_GetDefaultConfig
 .text.LPUART_SetBaudRate
                0x00013d6c      0x188 ./drivers/fsl_lpuart.o
                0x00013d6c                LPUART_SetBaudRate
 .text.LPUART_GetEnabledInterrupts
                0x00013ef4       0x30 ./drivers/fsl_lpuart.o
                0x00013ef4                LPUART_GetEnabledInterrupts
 .text.LPUART_ClearStatusFlags
                0x00013f24       0x88 ./drivers/fsl_lpuart.o
                0x00013f24                LPUART_ClearStatusFlags
 .text.LPUART0_DriverIRQHandler
                0x00013fac       0x24 ./drivers/fsl_lpuart.o
                0x00013fac                LPUART0_DriverIRQHandler
 .text.CLOCK_EnableClock
                0x00013fd0       0x34 ./drivers/fsl_ltc.o
 .text.ltc_clear_all
                0x00014004       0x20 ./drivers/fsl_ltc.o
                0x00014004                ltc_clear_all
 .text.ltc_symmetric_alg_state
                0x00014024       0x74 ./drivers/fsl_ltc.o
 .text.LTC_Init
                0x00014098       0x1c ./drivers/fsl_ltc.o
                0x00014098                LTC_Init
 .text.ltc_aes_ccm_process_aad
                0x000140b4      0x1b4 ./drivers/fsl_ltc.o
 .text.ltc_aes_ccm_process
                0x00014268      0x160 ./drivers/fsl_ltc.o
 .text.CLOCK_EnableClock
                0x000143c8       0x34 ./drivers/fsl_tpm.o
 .text.TPM_GetInstance
                0x000143fc       0x54 ./drivers/fsl_tpm.o
 .text.TPM_Init
                0x00014450       0xec ./drivers/fsl_tpm.o
                0x00014450                TPM_Init
 .text.TPM_SetupOutputCompare
                0x0001453c      0x130 ./drivers/fsl_tpm.o
                0x0001453c                TPM_SetupOutputCompare
 .text.CLOCK_EnableClock
                0x0001466c       0x34 ./drivers/fsl_trng.o
 .text.trng_GetInstance
                0x000146a0       0x48 ./drivers/fsl_trng.o
 .text.TRNG_GetDefaultConfig
                0x000146e8       0xe0 ./drivers/fsl_trng.o
                0x000146e8                TRNG_GetDefaultConfig
 .text.trng_SetRetryCount
                0x000147c8       0x50 ./drivers/fsl_trng.o
 .text.trng_SetStatisticalCheckLimit
                0x00014818      0x320 ./drivers/fsl_trng.o
 .text.trng_ApplyUserConfig
                0x00014b38      0x1c4 ./drivers/fsl_trng.o
 .text.TRNG_Init
                0x00014cfc       0xb8 ./drivers/fsl_trng.o
                0x00014cfc                TRNG_Init
 .text.CLOCK_EnableClock
                0x00014db4       0x34 ./board/board.o
 .text.hardware_init
                0x00014de8      0x15c ./board/board.o
                0x00014de8                hardware_init
 .text.NMI_Handler
                0x00014f44       0x20 ./board/board.o
                0x00014f44                NMI_Handler
 .text.BOARD_DCDCInit
                0x00014f64       0x18 ./board/board.o
                0x00014f64                BOARD_DCDCInit
 .text.BOARD_GetLpuartClock
                0x00014f7c       0x68 ./board/board.o
                0x00014f7c                BOARD_GetLpuartClock
 .text.BOARD_GetTpmClock
                0x00014fe4       0x68 ./board/board.o
                0x00014fe4                BOARD_GetTpmClock
 .text.CLOCK_EnableClock
                0x0001504c       0x34 ./board/clock_config.o
 .text.CLOCK_DisableClock
                0x00015080       0x38 ./board/clock_config.o
 .text.CLOCK_SetLpuartClock
                0x000150b8       0x38 ./board/clock_config.o
 .text.CLOCK_SetTpmClock
                0x000150f0       0x38 ./board/clock_config.o
 .text.CLOCK_SetSimSafeDivs
                0x00015128       0x1c ./board/clock_config.o
 .text.CLOCK_SetXtal0Freq
                0x00015144       0x1c ./board/clock_config.o
 .text.CLOCK_SetXtal32Freq
                0x00015160       0x1c ./board/clock_config.o
 .text.RTC_SetOscCapLoad
                0x0001517c       0x34 ./board/clock_config.o
 .text.CLOCK_CONFIG_FllStableDelay
                0x000151b0       0x28 ./board/clock_config.o
 .text.CLOCK_CONFIG_SetRtcClock
                0x000151d8       0x4c ./board/clock_config.o
 .text.CLOCK_CONFIG_EnableRtcOsc
                0x00015224       0x50 ./board/clock_config.o
 .text.BOARD_RfOscInit
                0x00015274       0xc8 ./board/clock_config.o
                0x00015274                BOARD_RfOscInit
 .text.BOARD_InitOsc0
                0x0001533c       0x30 ./board/clock_config.o
                0x0001533c                BOARD_InitOsc0
 .text.BOARD_BootClockRUN
                0x0001536c       0x6c ./board/clock_config.o
                0x0001536c                BOARD_BootClockRUN
 .text.CLOCK_EnableClock
                0x000153d8       0x34 ./board/pin_mux.o
 .text.PORT_SetPinMux
                0x0001540c       0x40 ./board/pin_mux.o
 .text.BOARD_InitButtons
                0x0001544c       0x34 ./board/pin_mux.o
                0x0001544c                BOARD_InitButtons
 .text.BOARD_InitLEDs
                0x00015480       0x78 ./board/pin_mux.o
                0x00015480                BOARD_InitLEDs
 .text.BOARD_InitLPUART
                0x000154f8       0x4c ./board/pin_mux.o
                0x000154f8                BOARD_InitLPUART
 .text.SystemInit
                0x00015544       0x18 ./CMSIS/system_MKW41Z4.o
                0x00015544                SystemInit
 .text.roundf   0x0001555c       0x48 c:/nxp/mcuxpressoide_11.6.0_8187/ide/plugins/com.nxp.mcuxpresso.tools.win32_11.6.0.202112161359/tools/bin/../lib/gcc/arm-none-eabi/10.3.1/../../../../arm-none-eabi/lib/thumb/v6-m/nofp\libm.a(lib_a-sf_round.o)
                0x0001555c                roundf
 .text.exit     0x000155a4       0x20 c:/nxp/mcuxpressoide_11.6.0_8187/ide/plugins/com.nxp.mcuxpresso.tools.win32_11.6.0.202112161359/tools/bin/../lib/gcc/arm-none-eabi/10.3.1/../../../../arm-none-eabi/lib/thumb/v6-m/nofp\libc.a(lib_a-exit.o)
                0x000155a4                exit
 .text.__libc_init_array
                0x000155c4       0x44 c:/nxp/mcuxpressoide_11.6.0_8187/ide/plugins/com.nxp.mcuxpresso.tools.win32_11.6.0.202112161359/tools/bin/../lib/gcc/arm-none-eabi/10.3.1/../../../../arm-none-eabi/lib/thumb/v6-m/nofp\libc.a(lib_a-init.o)
                0x000155c4                __libc_init_array
 .text.memcpy   0x00015608       0xa4 c:/nxp/mcuxpressoide_11.6.0_8187/ide/plugins/com.nxp.mcuxpresso.tools.win32_11.6.0.202112161359/tools/bin/../lib/gcc/arm-none-eabi/10.3.1/../../../../arm-none-eabi/lib/thumb/v6-m/nofp\libc.a(lib_a-memcpy-stub.o)
                0x00015608                memcpy
 .text.memset   0x000156ac       0xa8 c:/nxp/mcuxpressoide_11.6.0_8187/ide/plugins/com.nxp.mcuxpresso.tools.win32_11.6.0.202112161359/tools/bin/../lib/gcc/arm-none-eabi/10.3.1/../../../../arm-none-eabi/lib/thumb/v6-m/nofp\libc.a(lib_a-memset.o)
                0x000156ac                memset
 .text.strlen   0x00015754       0x5c c:/nxp/mcuxpressoide_11.6.0_8187/ide/plugins/com.nxp.mcuxpresso.tools.win32_11.6.0.202112161359/tools/bin/../lib/gcc/arm-none-eabi/10.3.1/../../../../arm-none-eabi/lib/thumb/v6-m/nofp\libc.a(lib_a-strlen-stub.o)
                0x00015754                strlen
 .text.startup.register_fini
                0x000157b0       0x18 c:/nxp/mcuxpressoide_11.6.0_8187/ide/plugins/com.nxp.mcuxpresso.tools.win32_11.6.0.202112161359/tools/bin/../lib/gcc/arm-none-eabi/10.3.1/../../../../arm-none-eabi/lib/thumb/v6-m/nofp\libc.a(lib_a-__call_atexit.o)
 .text.__call_exitprocs
                0x000157c8       0xf8 c:/nxp/mcuxpressoide_11.6.0_8187/ide/plugins/com.nxp.mcuxpresso.tools.win32_11.6.0.202112161359/tools/bin/../lib/gcc/arm-none-eabi/10.3.1/../../../../arm-none-eabi/lib/thumb/v6-m/nofp\libc.a(lib_a-__call_atexit.o)
                0x000157c8                __call_exitprocs
 .text.atexit   0x000158c0       0x10 c:/nxp/mcuxpressoide_11.6.0_8187/ide/plugins/com.nxp.mcuxpresso.tools.win32_11.6.0.202112161359/tools/bin/../lib/gcc/arm-none-eabi/10.3.1/../../../../arm-none-eabi/lib/thumb/v6-m/nofp\libc.a(lib_a-atexit.o)
                0x000158c0                atexit
 .text.__libc_fini_array
                0x000158d0       0x28 c:/nxp/mcuxpressoide_11.6.0_8187/ide/plugins/com.nxp.mcuxpresso.tools.win32_11.6.0.202112161359/tools/bin/../lib/gcc/arm-none-eabi/10.3.1/../../../../arm-none-eabi/lib/thumb/v6-m/nofp\libc.a(lib_a-fini.o)
                0x000158d0                __libc_fini_array
 .text.__retarget_lock_acquire_recursive
                0x000158f8        0x4 c:/nxp/mcuxpressoide_11.6.0_8187/ide/plugins/com.nxp.mcuxpresso.tools.win32_11.6.0.202112161359/tools/bin/../lib/gcc/arm-none-eabi/10.3.1/../../../../arm-none-eabi/lib/thumb/v6-m/nofp\libc.a(lib_a-lock.o)
                0x000158f8                __retarget_lock_acquire_recursive
 .text.__retarget_lock_release_recursive
                0x000158fc        0x4 c:/nxp/mcuxpressoide_11.6.0_8187/ide/plugins/com.nxp.mcuxpresso.tools.win32_11.6.0.202112161359/tools/bin/../lib/gcc/arm-none-eabi/10.3.1/../../../../arm-none-eabi/lib/thumb/v6-m/nofp\libc.a(lib_a-lock.o)
                0x000158fc                __retarget_lock_release_recursive
 .text.__register_exitproc
                0x00015900       0xac c:/nxp/mcuxpressoide_11.6.0_8187/ide/plugins/com.nxp.mcuxpresso.tools.win32_11.6.0.202112161359/tools/bin/../lib/gcc/arm-none-eabi/10.3.1/../../../../arm-none-eabi/lib/thumb/v6-m/nofp\libc.a(lib_a-__atexit.o)
                0x00015900                __register_exitproc
 .text._exit    0x000159ac        0x4 c:/nxp/mcuxpressoide_11.6.0_8187/ide/plugins/com.nxp.mcuxpresso.tools.win32_11.6.0.202112161359/tools/bin/../lib/gcc/arm-none-eabi/10.3.1/../../../../arm-none-eabi/lib/thumb/v6-m/nofp\libnosys.a(_exit.o)
                0x000159ac                _exit
 .text.DbgConsole_PrintfPaddingCharacter
                0x000159b0       0x48 ./utilities/fsl_debug_console.o
 .text.DbgConsole_ConvertRadixNumToString
                0x000159f8      0x114 ./utilities/fsl_debug_console.o
 .text.DbgConsole_PrintfFormattedData
                0x00015b0c      0x33a ./utilities/fsl_debug_console.o
 .text.App_WaitMsg
                0x00015e46       0x32 ./source/msn_coordinator.o
 .text.App_HandleKeys
                0x00015e78       0x26 ./source/msn_coordinator.o
 .text.MPM_AcquirePAN
                0x00015e9e       0x12 ./ieee_802.15.4/phy/source/MKW41Z/MPM.o
                0x00015e9e                MPM_AcquirePAN
 .text.MPM_ReleasePAN
                0x00015eb0       0x12 ./ieee_802.15.4/phy/source/MKW41Z/MPM.o
                0x00015eb0                MPM_ReleasePAN
 .text.PHY_ForceIrqPending
                0x00015ec2       0x10 ./ieee_802.15.4/phy/source/MKW41Z/PhyISR.o
                0x00015ec2                PHY_ForceIrqPending
 .text.Phy_LqiConvert
                0x00015ed2       0x46 ./ieee_802.15.4/phy/source/MKW41Z/PhyISR.o
 .text.BindToPHY
                0x00015f18       0x12 ./ieee_802.15.4/phy/source/MKW41Z/PhyStateMachine.o
                0x00015f18                BindToPHY
 .text.Phy_SetSequenceTiming
                0x00015f2a       0x9e ./ieee_802.15.4/phy/source/MKW41Z/PhyStateMachine.o
                0x00015f2a                Phy_SetSequenceTiming
 .text.Radio_Phy_TimeWaitTimeoutIndication
                0x00015fc8       0x14 ./ieee_802.15.4/phy/source/MKW41Z/PhyStateMachine.o
                0x00015fc8                Radio_Phy_TimeWaitTimeoutIndication
 .text.Radio_Phy_TimeStartEventIndication
                0x00015fdc       0x10 ./ieee_802.15.4/phy/source/MKW41Z/PhyStateMachine.o
                0x00015fdc                Radio_Phy_TimeStartEventIndication
 .text.Radio_Phy_PlmeSyncLossIndication
                0x00015fec       0x1c ./ieee_802.15.4/phy/source/MKW41Z/PhyStateMachine.o
                0x00015fec                Radio_Phy_PlmeSyncLossIndication
 .text.MAC_Monitor
                0x00016008       0x24 ./ieee_802.15.4/mac/source/App/FsciMacCommands.o
                0x00016008                MAC_Monitor
 .text.xEventGroupCreate
                0x0001602c       0x30 ./freertos/event_groups.o
                0x0001602c                xEventGroupCreate
 .text.xEventGroupWaitBits
                0x0001605c      0x148 ./freertos/event_groups.o
                0x0001605c                xEventGroupWaitBits
 .text.xEventGroupSetBits
                0x000161a4       0xf2 ./freertos/event_groups.o
                0x000161a4                xEventGroupSetBits
 .text.vEventGroupSetBitsCallback
                0x00016296       0x1e ./freertos/event_groups.o
                0x00016296                vEventGroupSetBitsCallback
 .text.prvTestWaitCondition
                0x000162b4       0x3e ./freertos/event_groups.o
 .text.vListInitialise
                0x000162f2       0x3c ./freertos/list.o
                0x000162f2                vListInitialise
 .text.vListInitialiseItem
                0x0001632e       0x16 ./freertos/list.o
                0x0001632e                vListInitialiseItem
 .text.vListInsertEnd
                0x00016344       0x44 ./freertos/list.o
                0x00016344                vListInsertEnd
 .text.vListInsert
                0x00016388       0x6c ./freertos/list.o
                0x00016388                vListInsert
 .text.uxListRemove
                0x000163f4       0x50 ./freertos/list.o
                0x000163f4                uxListRemove
 .text.SVC_Handler
                0x00016444        0xa ./freertos/port.o
                0x00016444                SVC_Handler
 .text.ulSetInterruptMaskFromISR
                0x0001644e        0xc ./freertos/port.o
                0x0001644e                ulSetInterruptMaskFromISR
 .text.vClearInterruptMaskFromISR
                0x0001645a        0x8 ./freertos/port.o
                0x0001645a                vClearInterruptMaskFromISR
 .text.xQueueGenericReset
                0x00016462       0xa8 ./freertos/queue.o
                0x00016462                xQueueGenericReset
 .text.xQueueGenericCreate
                0x0001650a       0x64 ./freertos/queue.o
                0x0001650a                xQueueGenericCreate
 .text.prvInitialiseNewQueue
                0x0001656e       0x4e ./freertos/queue.o
 .text.prvInitialiseMutex
                0x000165bc       0x34 ./freertos/queue.o
 .text.xQueueCreateMutex
                0x000165f0       0x38 ./freertos/queue.o
                0x000165f0                xQueueCreateMutex
 .text.xQueueGetMutexHolder
                0x00016628       0x2e ./freertos/queue.o
                0x00016628                xQueueGetMutexHolder
 .text.xQueueCreateCountingSemaphore
                0x00016656       0x46 ./freertos/queue.o
                0x00016656                xQueueCreateCountingSemaphore
 .text.xQueueGenericSend
                0x0001669c      0x188 ./freertos/queue.o
                0x0001669c                xQueueGenericSend
 .text.xQueueGenericSendFromISR
                0x00016824       0xe2 ./freertos/queue.o
                0x00016824                xQueueGenericSendFromISR
 .text.xQueueGiveFromISR
                0x00016906       0xca ./freertos/queue.o
                0x00016906                xQueueGiveFromISR
 .text.xQueueGenericReceive
                0x000169d0      0x1c8 ./freertos/queue.o
                0x000169d0                xQueueGenericReceive
 .text.prvCopyDataToQueue
                0x00016b98       0xd6 ./freertos/queue.o
 .text.prvCopyDataFromQueue
                0x00016c6e       0x4c ./freertos/queue.o
 .text.prvUnlockQueue
                0x00016cba       0xbc ./freertos/queue.o
 .text.prvIsQueueEmpty
                0x00016d76       0x2c ./freertos/queue.o
 .text.prvIsQueueFull
                0x00016da2       0x30 ./freertos/queue.o
 .text.vQueueWaitForMessageRestricted
                0x00016dd2       0x66 ./freertos/queue.o
                0x00016dd2                vQueueWaitForMessageRestricted
 .text.xTaskCreate
                0x00016e38       0x90 ./freertos/tasks.o
                0x00016e38                xTaskCreate
 .text.prvDeleteTCB
                0x00016ec8       0x22 ./freertos/tasks.o
 .text.prvTimerTask
                0x00016eea       0x28 ./freertos/timers.o
 .text.XcvrCalDelay
                0x00016f12       0x20 ./framework/XCVR/MKW41Z4/fsl_xcvr_trim.o
                0x00016f12                XcvrCalDelay
 .text.store_sw_trim
                0x00016f32       0x96 ./framework/XCVR/MKW41Z4/ifr_radio.o
                0x00016f32                store_sw_trim
 .text.TPM_GetStatusFlags
                0x00016fc8       0x14 ./framework/TimersManager/Source/TMR_Adapter.o
 .text.TPM_ClearStatusFlags
                0x00016fdc       0x18 ./framework/TimersManager/Source/TMR_Adapter.o
 .text.TPM_StartTimer
                0x00016ff4       0x3a ./framework/TimersManager/Source/TMR_Adapter.o
 .text.TPM_StopTimer
                0x0001702e       0x2c ./framework/TimersManager/Source/TMR_Adapter.o
 .text.StackTimer_GetInputFrequency
                0x0001705a       0x24 ./framework/TimersManager/Source/TMR_Adapter.o
                0x0001705a                StackTimer_GetInputFrequency
 .text.TMR_IsTimerActive
                0x0001707e       0x28 ./framework/TimersManager/Source/TimersManager.o
                0x0001707e                TMR_IsTimerActive
 .text.TMR_StartLowPowerTimer
                0x000170a6       0x40 ./framework/TimersManager/Source/TimersManager.o
                0x000170a6                TMR_StartLowPowerTimer
 .text.TMR_StartIntervalTimer
                0x000170e6       0x32 ./framework/TimersManager/Source/TimersManager.o
                0x000170e6                TMR_StartIntervalTimer
 .text.LPUART_WriteByte
                0x00017118       0x1e ./framework/SerialManager/Source/UART_Adapter/UART_Adapter.o
 .text.LPUART_ReadByte
                0x00017136       0x16 ./framework/SerialManager/Source/UART_Adapter/UART_Adapter.o
 .text.Serial_Print
                0x0001714c       0x78 ./framework/SerialManager/Source/SerialManager.o
                0x0001714c                Serial_Print
 .text.Serial_PrintHex
                0x000171c4      0x196 ./framework/SerialManager/Source/SerialManager.o