D:\Proyects\REDES191023\frdmkw41z_wireless_examples_ieee_802_15_4_mwa_end_device_freertos\drivers/fsl_clock.h:580:20:CLOCK_EnableClock	24	static
D:\Proyects\REDES191023\frdmkw41z_wireless_examples_ieee_802_15_4_mwa_end_device_freertos\drivers/fsl_adc16.h:500:24:ADC16_GetChannelConversionValue	16	static
../board/board.c:172:6:hardware_init	16	static
../board/board.c:219:6:NMI_Handler	8	static
../board/board.c:226:6:BOARD_InitAdc	8	static
../board/board.c:238:9:BOARD_GetBatteryLevel	32	static
../board/board.c:252:10:BOARD_GetPotentiometerLevel	16	static
../board/board.c:260:9:BOARD_GetTemperature	48	static
../board/board.c:287:6:BOARD_DCDCInit	8	static
../board/board.c:296:6:BOARD_GetMCUUid	40	static
../board/board.c:322:6:ADC16_CalibrateParams	16	static
../board/board.c:354:24:ADC16_BatLvl	8	static
../board/board.c:366:24:ADC16_BgLvl	8	static
../board/board.c:377:17:ADC16_ReadValue	24	static
../board/board.c:405:13:DCDC_AdjustVbatDiv4	16	static
../board/board.c:411:6:BOARD_InstallLowPowerCallbacks	8	static
../board/board.c:419:6:BOARD_SetPinsLowPower	24	static
../board/board.c:443:6:BOARD_EnterLowPowerCb	8	static
../board/board.c:456:6:BOARD_ExitLowPowerCb	8	static
../board/board.c:468:10:BOARD_GetLpuartClock	24	static
../board/board.c:494:10:BOARD_GetTpmClock	24	static
../board/board.c:520:10:BOARD_GetSpiClock	16	static
../board/board.c:526:10:BOARD_GetI2cClock	24	static
../board/board.c:544:6:BOARD_BLPEtoBLPI	8	static
../board/board.c:548:6:BOARD_BLPItoBLPE	8	static
