D:\Proyects\REDES191023\frdmkw41z_wireless_examples_ieee_802_15_4_mwa_end_device_freertos\drivers/fsl_clock.h:580:20:CLOCK_EnableClock	24	static
D:\Proyects\REDES191023\frdmkw41z_wireless_examples_ieee_802_15_4_mwa_end_device_freertos\drivers/fsl_port.h:256:20:PORT_SetPinConfig	32	static
D:\Proyects\REDES191023\frdmkw41z_wireless_examples_ieee_802_15_4_mwa_end_device_freertos\drivers/fsl_port.h:321:20:PORT_SetPinMux	24	static
../board/pin_mux.c:39:6:BOARD_InitPins	16	static
../board/pin_mux.c:74:6:BOARD_InitButtons	8	static
../board/pin_mux.c:106:6:BOARD_InitLEDs	8	static
../board/pin_mux.c:141:6:BOARD_InitRGB	8	static
../board/pin_mux.c:182:6:BOARD_InitSPI	8	static
../board/pin_mux.c:217:6:BOARD_InitLPUART	8	static
../board/pin_mux.c:257:6:BOARD_InitI2C	8	static
