D:\Proyects\REDES191023\frdmkw41z_wireless_examples_ieee_802_15_4_mwa_end_device_freertos\CMSIS/core_cm0plus.h:745:22:NVIC_EnableIRQ	16	static
D:\Proyects\REDES191023\frdmkw41z_wireless_examples_ieee_802_15_4_mwa_end_device_freertos\CMSIS/core_cm0plus.h:804:22:NVIC_SetPriority	24	static
D:\Proyects\REDES191023\frdmkw41z_wireless_examples_ieee_802_15_4_mwa_end_device_freertos\drivers/fsl_common.h:212:20:EnableIRQ	16	static
D:\Proyects\REDES191023\frdmkw41z_wireless_examples_ieee_802_15_4_mwa_end_device_freertos\drivers/fsl_port.h:389:20:PORT_SetPinInterruptConfig	24	static
../source/mwa_end_device.c:204:6:PORTB_PORTC_IRQHandler	16	static
../source/mwa_end_device.c:214:6:main_task	32	static
../source/mwa_end_device.c:285:6:App_Idle_Task	32	static
../source/mwa_end_device.c:337:6:App_init	8	static
../source/mwa_end_device.c:400:6:AppThread	104	static
../source/mwa_end_device.c:694:13:UartRxCallBack	32	static
../source/mwa_end_device.c:730:16:App_StartScan	32	static
../source/mwa_end_device.c:793:16:App_HandleScanActiveConfirm	48	static
../source/mwa_end_device.c:859:16:App_SendAssociateRequest	24	static
../source/mwa_end_device.c:922:16:App_HandleAssociateConfirm	16	static
../source/mwa_end_device.c:958:16:App_HandleMlmeInput	16	static
../source/mwa_end_device.c:1016:13:App_HandleMcpsInput	16	static
../source/mwa_end_device.c:1054:16:App_WaitMsg	16	static
../source/mwa_end_device.c:1084:13:App_TransmitUartData	24	static
../source/mwa_end_device.c:1166:16:AppPollWaitTimeout	32	static
../source/mwa_end_device.c:1206:13:App_HandleKeys	16	static
../source/mwa_end_device.c:1262:14:MLME_NWK_SapHandler	16	static
../source/mwa_end_device.c:1270:14:MCPS_NWK_SapHandler	16	static
