../source/mwa_coordinator.c:147:6:main_task	16	static
../source/mwa_coordinator.c:187:6:App_init	8	static
../source/mwa_coordinator.c:225:6:AppThread	48	static
../source/mwa_coordinator.c:421:13:UartRxCallBack	32	static
../source/mwa_coordinator.c:456:16:App_StartScan	32	static
../source/mwa_coordinator.c:517:13:App_HandleScanEdConfirm	32	static
../source/mwa_coordinator.c:607:16:App_StartCoordinator	40	static
../source/mwa_coordinator.c:710:16:App_SendAssociateResponse	32	static
../source/mwa_coordinator.c:783:16:App_HandleMlmeInput	16	static
../source/mwa_coordinator.c:811:13:App_HandleMcpsInput	16	static
../source/mwa_coordinator.c:845:16:App_WaitMsg	16	static
../source/mwa_coordinator.c:874:13:App_TransmitUartData	24	static
../source/mwa_coordinator.c:956:13:App_HandleKeys	16	static
../source/mwa_coordinator.c:988:14:MLME_NWK_SapHandler	16	static
../source/mwa_coordinator.c:996:14:MCPS_NWK_SapHandler	16	static
