../source/msn_end_device.c:223:6:main_task	16	static
../source/msn_end_device.c:265:6:App_init	8	static
../source/msn_end_device.c:308:6:AppThread	48	static
../source/msn_end_device.c:579:13:App_CommRxCallBack	32	static
../source/msn_end_device.c:610:16:App_StartScan	32	static
../source/msn_end_device.c:674:16:App_HandleScanActiveConfirm	48	static
../source/msn_end_device.c:736:16:App_SendAssociateRequest	24	static
../source/msn_end_device.c:802:16:App_HandleAssociateConfirm	16	static
../source/msn_end_device.c:826:16:App_HandleMlmeInput	16	static
../source/msn_end_device.c:858:13:App_HandleMcpsInput	16	static
../source/msn_end_device.c:892:13:App_HandleMessage	32	static
../source/msn_end_device.c:924:16:App_WaitMsg	16	static
../source/msn_end_device.c:960:13:App_SendPredefinedMessage	8	static
../source/msn_end_device.c:1009:6:App_SendSensorStatus	16	static
../source/msn_end_device.c:1127:13:App_ReceiveData	16	static
../source/msn_end_device.c:1165:15:App_Idle	8	static
../source/msn_end_device.c:1185:13:App_UpdateLEDs	16	static
../source/msn_end_device.c:1199:13:App_IntervalTimeoutHandler	16	static
../source/msn_end_device.c:1210:13:App_PollIntervalTimeoutHandler	16	static
../source/msn_end_device.c:1221:13:App_SensorIntervalTimeoutHandler	16	static
../source/msn_end_device.c:1230:13:App_HandleGenericKey	8	static
../source/msn_end_device.c:1264:13:App_HandleKeys	16	static
../source/msn_end_device.c:1298:14:MLME_NWK_SapHandler	16	static
../source/msn_end_device.c:1306:14:MCPS_NWK_SapHandler	16	static
