../source/msn_coordinator.c:206:6:main_task	16	static
../source/msn_coordinator.c:246:6:App_init	8	static
../source/msn_coordinator.c:293:6:AppThread	48	static
../source/msn_coordinator.c:504:13:App_CommRxCallBack	32	static
../source/msn_coordinator.c:538:16:App_StartScan	32	static
../source/msn_coordinator.c:596:13:App_HandleScanEdConfirm	32	static
../source/msn_coordinator.c:684:16:App_StartCoordinator	32	static
../source/msn_coordinator.c:781:16:App_SendAssociateResponse	40	static
../source/msn_coordinator.c:927:16:App_HandleMlmeInput	16	static
../source/msn_coordinator.c:990:13:App_HandleMcpsInput	32	static
../source/msn_coordinator.c:1105:16:App_WaitMsg	16	static
../source/msn_coordinator.c:1138:13:App_TransmitData	40	static
../source/msn_coordinator.c:1243:13:App_CommSendDeviceInfo	8	static
../source/msn_coordinator.c:1260:13:App_RemoveDevice	24	static
../source/msn_coordinator.c:1282:13:App_UpdateLEDs	8	static
../source/msn_coordinator.c:1304:13:App_IntervalTimeoutHandler	24	static
../source/msn_coordinator.c:1326:13:App_HandleGenericKey	8	static
../source/msn_coordinator.c:1347:13:App_HandleKeys	16	static
../source/msn_coordinator.c:1382:14:MLME_NWK_SapHandler	16	static
../source/msn_coordinator.c:1390:14:MCPS_NWK_SapHandler	16	static
