../source/msn_coordinator.c:193:6:main_task	16	static
../source/msn_coordinator.c:233:6:App_init	8	static
../source/msn_coordinator.c:280:6:AppThread	48	static
../source/msn_coordinator.c:491:13:App_CommRxCallBack	32	static
../source/msn_coordinator.c:525:16:App_StartScan	32	static
../source/msn_coordinator.c:583:13:App_HandleScanEdConfirm	32	static
../source/msn_coordinator.c:671:16:App_StartCoordinator	32	static
../source/msn_coordinator.c:768:16:App_SendAssociateResponse	40	static
../source/msn_coordinator.c:860:16:App_HandleMlmeInput	16	static
../source/msn_coordinator.c:922:13:App_HandleMcpsInput	32	static
../source/msn_coordinator.c:1037:16:App_WaitMsg	16	static
../source/msn_coordinator.c:1070:13:App_TransmitData	40	static
../source/msn_coordinator.c:1175:13:App_CommSendDeviceInfo	8	static
../source/msn_coordinator.c:1192:13:App_RemoveDevice	24	static
../source/msn_coordinator.c:1214:13:App_UpdateLEDs	8	static
../source/msn_coordinator.c:1236:13:App_IntervalTimeoutHandler	24	static
../source/msn_coordinator.c:1258:13:App_HandleGenericKey	8	static
../source/msn_coordinator.c:1279:13:App_HandleKeys	16	static
../source/msn_coordinator.c:1314:14:MLME_NWK_SapHandler	16	static
../source/msn_coordinator.c:1322:14:MCPS_NWK_SapHandler	16	static
