12:19:16 **** Incremental Build of configuration Debug for project frdmkw41z_wireless_examples_ieee_802_15_4_mwa_end_device_freertos ****
make -r -j8 all 
Building file: ../source/mwa_end_device.c
Invoking: MCU C Compiler
arm-none-eabi-gcc -std=gnu99 -D__REDLIB__ -DCPU_MKW41Z512VHT4 -DCPU_MKW41Z512VHT4_cm0plus -DFSL_RTOS_FREE_RTOS -DFRDM_KW41Z -DFREEDOM -DSDK_DEBUGCONSOLE=1 -DCR_INTEGER_PRINTF -DPRINTF_FLOAT_ENABLE=0 -D__MCUXPRESSO -D__USE_CMSIS -DDEBUG -I"D:\Proyects\REDES191023\frdmkw41z_wireless_examples_ieee_802_15_4_mwa_end_device_freertos\source" -I"D:\Proyects\REDES191023\frdmkw41z_wireless_examples_ieee_802_15_4_mwa_end_device_freertos" -I"D:\Proyects\REDES191023\frdmkw41z_wireless_examples_ieee_802_15_4_mwa_end_device_freertos\framework\OSAbstraction\Interface" -I"D:\Proyects\REDES191023\frdmkw41z_wireless_examples_ieee_802_15_4_mwa_end_device_freertos\freertos" -I"D:\Proyects\REDES191023\frdmkw41z_wireless_examples_ieee_802_15_4_mwa_end_device_freertos\ieee_802.15.4\mac\source\App" -I"D:\Proyects\REDES191023\frdmkw41z_wireless_examples_ieee_802_15_4_mwa_end_device_freertos\ieee_802.15.4\mac\interface" -I"D:\Proyects\REDES191023\frdmkw41z_wireless_examples_ieee_802_15_4_mwa_end_device_freertos\ieee_802.15.4\phy\interface" -I"D:\Proyects\REDES191023\frdmkw41z_wireless_examples_ieee_802_15_4_mwa_end_device_freertos\framework\GPIO" -I"D:\Proyects\REDES191023\frdmkw41z_wireless_examples_ieee_802_15_4_mwa_end_device_freertos\framework\Keyboard\Interface" -I"D:\Proyects\REDES191023\frdmkw41z_wireless_examples_ieee_802_15_4_mwa_end_device_freertos\framework\LED\Interface" -I"D:\Proyects\REDES191023\frdmkw41z_wireless_examples_ieee_802_15_4_mwa_end_device_freertos\framework\SerialManager\Source\SPI_Adapter" -I"D:\Proyects\REDES191023\frdmkw41z_wireless_examples_ieee_802_15_4_mwa_end_device_freertos\framework\SerialManager\Source\UART_Adapter" -I"D:\Proyects\REDES191023\frdmkw41z_wireless_examples_ieee_802_15_4_mwa_end_device_freertos\framework\SerialManager\Source\I2C_Adapter" -I"D:\Proyects\REDES191023\frdmkw41z_wireless_examples_ieee_802_15_4_mwa_end_device_freertos\framework\Flash\Internal" -I"D:\Proyects\REDES191023\frdmkw41z_wireless_examples_ieee_802_15_4_mwa_end_device_freertos\framework\common" -I"D:\Proyects\REDES191023\frdmkw41z_wireless_examples_ieee_802_15_4_mwa_end_device_freertos\framework\MemManager\Interface" -I"D:\Proyects\REDES191023\frdmkw41z_wireless_examples_ieee_802_15_4_mwa_end_device_freertos\framework\Messaging\Interface" -I"D:\Proyects\REDES191023\frdmkw41z_wireless_examples_ieee_802_15_4_mwa_end_device_freertos\framework\Panic\Interface" -I"D:\Proyects\REDES191023\frdmkw41z_wireless_examples_ieee_802_15_4_mwa_end_device_freertos\framework\RNG\Interface" -I"D:\Proyects\REDES191023\frdmkw41z_wireless_examples_ieee_802_15_4_mwa_end_device_freertos\framework\SerialManager\Interface" -I"D:\Proyects\REDES191023\frdmkw41z_wireless_examples_ieee_802_15_4_mwa_end_device_freertos\framework\TimersManager\Interface" -I"D:\Proyects\REDES191023\frdmkw41z_wireless_examples_ieee_802_15_4_mwa_end_device_freertos\framework\TimersManager\Source" -I"D:\Proyects\REDES191023\frdmkw41z_wireless_examples_ieee_802_15_4_mwa_end_device_freertos\framework\ModuleInfo" -I"D:\Proyects\REDES191023\frdmkw41z_wireless_examples_ieee_802_15_4_mwa_end_device_freertos\framework\FunctionLib" -I"D:\Proyects\REDES191023\frdmkw41z_wireless_examples_ieee_802_15_4_mwa_end_device_freertos\framework\Lists" -I"D:\Proyects\REDES191023\frdmkw41z_wireless_examples_ieee_802_15_4_mwa_end_device_freertos\framework\SecLib" -I"D:\Proyects\REDES191023\frdmkw41z_wireless_examples_ieee_802_15_4_mwa_end_device_freertos\framework\NVM\Interface" -I"D:\Proyects\REDES191023\frdmkw41z_wireless_examples_ieee_802_15_4_mwa_end_device_freertos\framework\NVM\Source" -I"D:\Proyects\REDES191023\frdmkw41z_wireless_examples_ieee_802_15_4_mwa_end_device_freertos\framework\LowPower\Interface\MKW41Z" -I"D:\Proyects\REDES191023\frdmkw41z_wireless_examples_ieee_802_15_4_mwa_end_device_freertos\framework\LowPower\Source\MKW41Z" -I"D:\Proyects\REDES191023\frdmkw41z_wireless_examples_ieee_802_15_4_mwa_end_device_freertos\framework\MWSCoexistence\Interface" -I"D:\Proyects\REDES191023\frdmkw41z_wireless_examples_ieee_802_15_4_mwa_end_device_freertos\drivers" -I"D:\Proyects\REDES191023\frdmkw41z_wireless_examples_ieee_802_15_4_mwa_end_device_freertos\framework\DCDC\Interface" -I"D:\Proyects\REDES191023\frdmkw41z_wireless_examples_ieee_802_15_4_mwa_end_device_freertos\framework\XCVR\MKW41Z4" -I"D:\Proyects\REDES191023\frdmkw41z_wireless_examples_ieee_802_15_4_mwa_end_device_freertos\ieee_802.15.4\phy\source\MKW41Z" -I"D:\Proyects\REDES191023\frdmkw41z_wireless_examples_ieee_802_15_4_mwa_end_device_freertos\CMSIS" -I"D:\Proyects\REDES191023\frdmkw41z_wireless_examples_ieee_802_15_4_mwa_end_device_freertos\utilities" -I"D:\Proyects\REDES191023\frdmkw41z_wireless_examples_ieee_802_15_4_mwa_end_device_freertos\board" -O0 -fno-common -g -Wall -c  -ffunction-sections  -fdata-sections  -ffreestanding  -fno-builtin -imacros "D:/Proyects/REDES191023/frdmkw41z_wireless_examples_ieee_802_15_4_mwa_end_device_freertos/source/app_preinclude.h" -fmerge-constants -fmacro-prefix-map="../source/"= -mcpu=cortex-m0plus -mthumb -D__REDLIB__ -fstack-usage -specs=redlib.specs -MMD -MP -MF"source/mwa_end_device.d" -MT"source/mwa_end_device.o" -MT"source/mwa_end_device.d" -o "source/mwa_end_device.o" "../source/mwa_end_device.c"
In file included from ../source/mwa_end_device.c:30:
../source/MyNewTask.h:30:13: warning: 'myTaskTimerCallback' declared 'static' but never defined [-Wunused-function]
   30 | static void myTaskTimerCallback(void *param);
      |             ^~~~~~~~~~~~~~~~~~~
Finished building: ../source/mwa_end_device.c
 
Building target: frdmkw41z_wireless_examples_ieee_802_15_4_mwa_end_device_freertos.axf
Invoking: MCU Linker
arm-none-eabi-gcc -L"D:\Proyects\REDES191023\frdmkw41z_wireless_examples_ieee_802_15_4_mwa_end_device_freertos\libs" -Xlinker -Map="frdmkw41z_wireless_examples_ieee_802_15_4_mwa_end_device_freertos.map" -Xlinker --gc-sections -Xlinker -print-memory-usage -Xlinker --sort-section=alignment -Xlinker --cref -mcpu=cortex-m0plus -mthumb -T MKW41Z512xxx4_connectivity.ld -L ../source -o "frdmkw41z_wireless_examples_ieee_802_15_4_mwa_end_device_freertos.axf" ./utilities/fsl_debug_console.o  ./startup/startup_MKW41Z4.o  ./source/MyNewTask.o ./source/mtb.o ./source/mwa_end_device.o ./source/semihost_hardfault.o  ./ieee_802.15.4/phy/source/MKW41Z/ASP.o ./ieee_802.15.4/phy/source/MKW41Z/MPM.o ./ieee_802.15.4/phy/source/MKW41Z/PhyISR.o ./ieee_802.15.4/phy/source/MKW41Z/PhyPacketProcessor.o ./ieee_802.15.4/phy/source/MKW41Z/PhyPlmeData.o ./ieee_802.15.4/phy/source/MKW41Z/PhyStateMachine.o ./ieee_802.15.4/phy/source/MKW41Z/PhyTime.o  ./ieee_802.15.4/mac/source/App/FsciAspCommands.o ./ieee_802.15.4/mac/source/App/FsciMacCommands.o ./ieee_802.15.4/mac/source/App/MacGlobals.o  ./freertos/croutine.o ./freertos/event_groups.o ./freertos/fsl_tickless_lptmr.o ./freertos/fsl_tickless_systick.o ./freertos/heap_4.o ./freertos/list.o ./freertos/port.o ./freertos/queue.o ./freertos/tasks.o ./freertos/timers.o  ./framework/XCVR/MKW41Z4/cfgs_kw4x_3x_2x/fsl_xcvr_ant_config.o ./framework/XCVR/MKW41Z4/cfgs_kw4x_3x_2x/fsl_xcvr_ble_config.o ./framework/XCVR/MKW41Z4/cfgs_kw4x_3x_2x/fsl_xcvr_common_config.o ./framework/XCVR/MKW41Z4/cfgs_kw4x_3x_2x/fsl_xcvr_gfsk_bt_0p3_h_0p5_config.o ./framework/XCVR/MKW41Z4/cfgs_kw4x_3x_2x/fsl_xcvr_gfsk_bt_0p5_h_0p32_config.o ./framework/XCVR/MKW41Z4/cfgs_kw4x_3x_2x/fsl_xcvr_gfsk_bt_0p5_h_0p5_config.o ./framework/XCVR/MKW41Z4/cfgs_kw4x_3x_2x/fsl_xcvr_gfsk_bt_0p5_h_0p7_config.o ./framework/XCVR/MKW41Z4/cfgs_kw4x_3x_2x/fsl_xcvr_gfsk_bt_0p5_h_1p0_config.o ./framework/XCVR/MKW41Z4/cfgs_kw4x_3x_2x/fsl_xcvr_gfsk_bt_0p7_h_0p5_config.o ./framework/XCVR/MKW41Z4/cfgs_kw4x_3x_2x/fsl_xcvr_mode_datarate_config.o ./framework/XCVR/MKW41Z4/cfgs_kw4x_3x_2x/fsl_xcvr_msk_config.o ./framework/XCVR/MKW41Z4/cfgs_kw4x_3x_2x/fsl_xcvr_zgbe_config.o  ./framework/XCVR/MKW41Z4/dbg_ram_capture.o ./framework/XCVR/MKW41Z4/fsl_xcvr.o ./framework/XCVR/MKW41Z4/fsl_xcvr_trim.o ./framework/XCVR/MKW41Z4/ifr_radio.o  ./framework/TimersManager/Source/TMR_Adapter.o ./framework/TimersManager/Source/TimersManager.o  ./framework/SerialManager/Source/UART_Adapter/UART_Adapter.o  ./framework/SerialManager/Source/SPI_Adapter/SPI_Adapter.o  ./framework/SerialManager/Source/I2C_Adapter/I2C_Adapter.o  ./framework/SerialManager/Source/SerialManager.o  ./framework/SecLib/SecLib.o  ./framework/Reset/Reset.o  ./framework/RNG/Source/RNG.o  ./framework/Panic/Source/Panic.o  ./framework/OSAbstraction/Source/fsl_os_abstraction_free_rtos.o  ./framework/NVM/Source/NV_Flash.o ./framework/NVM/Source/NV_FsciCommands.o  ./framework/ModuleInfo/ModuleInfo.o  ./framework/Messaging/Source/Messaging.o  ./framework/MemManager/Source/MemManager.o  ./framework/MWSCoexistence/Source/MWS.o  ./framework/LowPower/Source/MKW41Z/PWR.o ./framework/LowPower/Source/MKW41Z/PWRLib.o  ./framework/Lists/GenericList.o  ./framework/LED/Source/LED.o  ./framework/Keyboard/Source/Keyboard.o  ./framework/GPIO/GPIO_Adapter.o  ./framework/FunctionLib/FunctionLib.o  ./framework/Flash/Internal/Flash_Adapter.o  ./framework/DCDC/Source/DCDC.o  ./drivers/fsl_adc16.o ./drivers/fsl_clock.o ./drivers/fsl_common.o ./drivers/fsl_dspi.o ./drivers/fsl_dspi_freertos.o ./drivers/fsl_flash.o ./drivers/fsl_gpio.o ./drivers/fsl_i2c.o ./drivers/fsl_i2c_freertos.o ./drivers/fsl_llwu.o ./drivers/fsl_lptmr.o ./drivers/fsl_lpuart.o ./drivers/fsl_lpuart_freertos.o ./drivers/fsl_ltc.o ./drivers/fsl_pmc.o ./drivers/fsl_rtc.o ./drivers/fsl_smc.o ./drivers/fsl_tpm.o ./drivers/fsl_trng.o ./drivers/fsl_tsi_v4.o  ./board/board.o ./board/clock_config.o ./board/gpio_pins.o ./board/pin_mux.o  ./CMSIS/system_MKW41Z4.o   -lm -lc -lgcc -lnosys -l_crypto_m0 -l802.15.4_mac_06_cm0
Memory region         Used Size  Region Size  %age Used
    TEXT_region1:         192 B         1 KB     18.75%
m_flash_config_region:          16 B         16 B    100.00%
    TEXT_region2:      129967 B     513006 B     25.33%
      NVM_region:        8191 B       8191 B    100.00%
    DATA1_region:          0 GB        32 KB      0.00%
    DATA2_region:       20488 B        96 KB     20.84%
PRODUCT_INFO_region:          0 GB       2047 B      0.00%
Finished building target: frdmkw41z_wireless_examples_ieee_802_15_4_mwa_end_device_freertos.axf
 
Performing post-build steps
arm-none-eabi-size "frdmkw41z_wireless_examples_ieee_802_15_4_mwa_end_device_freertos.axf"; # arm-none-eabi-objcopy -v -O binary "frdmkw41z_wireless_examples_ieee_802_15_4_mwa_end_device_freertos.axf" "frdmkw41z_wireless_examples_ieee_802_15_4_mwa_end_device_freertos.bin" ; # checksum -p MKW41Z512xxx4 -d "frdmkw41z_wireless_examples_ieee_802_15_4_mwa_end_device_freertos.bin";
   text	   data	    bss	    dec	    hex	filename
 130148	   9759	  18928	 158835	  26c73	frdmkw41z_wireless_examples_ieee_802_15_4_mwa_end_device_freertos.axf
 
12:19:53 **** Incremental Build of configuration Debug for project frdmkw41z_wireless_examples_ieee_802_15_4_mwa_end_device_freertos ****
make -r -j8 all 
make[1]: Nothing to be done for 'main-build'.
Performing post-build steps
arm-none-eabi-size "frdmkw41z_wireless_examples_ieee_802_15_4_mwa_end_device_freertos.axf"; # arm-none-eabi-objcopy -v -O binary "frdmkw41z_wireless_examples_ieee_802_15_4_mwa_end_device_freertos.axf" "frdmkw41z_wireless_examples_ieee_802_15_4_mwa_end_device_freertos.bin" ; # checksum -p MKW41Z512xxx4 -d "frdmkw41z_wireless_examples_ieee_802_15_4_mwa_end_device_freertos.bin";
   text	   data	    bss	    dec	    hex	filename
 130148	   9759	  18928	 158835	  26c73	frdmkw41z_wireless_examples_ieee_802_15_4_mwa_end_device_freertos.axf
 
12:22:57 **** Incremental Build of configuration Debug for project frdmkw41z_wireless_examples_ieee_802_15_4_mwa_end_device_freertos ****
make -r -j8 all 
Building file: ../source/mwa_end_device.c
Invoking: MCU C Compiler
arm-none-eabi-gcc -std=gnu99 -D__REDLIB__ -DCPU_MKW41Z512VHT4 -DCPU_MKW41Z512VHT4_cm0plus -DFSL_RTOS_FREE_RTOS -DFRDM_KW41Z -DFREEDOM -DSDK_DEBUGCONSOLE=1 -DCR_INTEGER_PRINTF -DPRINTF_FLOAT_ENABLE=0 -D__MCUXPRESSO -D__USE_CMSIS -DDEBUG -I"D:\Proyects\REDES191023\frdmkw41z_wireless_examples_ieee_802_15_4_mwa_end_device_freertos\source" -I"D:\Proyects\REDES191023\frdmkw41z_wireless_examples_ieee_802_15_4_mwa_end_device_freertos" -I"D:\Proyects\REDES191023\frdmkw41z_wireless_examples_ieee_802_15_4_mwa_end_device_freertos\framework\OSAbstraction\Interface" -I"D:\Proyects\REDES191023\frdmkw41z_wireless_examples_ieee_802_15_4_mwa_end_device_freertos\freertos" -I"D:\Proyects\REDES191023\frdmkw41z_wireless_examples_ieee_802_15_4_mwa_end_device_freertos\ieee_802.15.4\mac\source\App" -I"D:\Proyects\REDES191023\frdmkw41z_wireless_examples_ieee_802_15_4_mwa_end_device_freertos\ieee_802.15.4\mac\interface" -I"D:\Proyects\REDES191023\frdmkw41z_wireless_examples_ieee_802_15_4_mwa_end_device_freertos\ieee_802.15.4\phy\interface" -I"D:\Proyects\REDES191023\frdmkw41z_wireless_examples_ieee_802_15_4_mwa_end_device_freertos\framework\GPIO" -I"D:\Proyects\REDES191023\frdmkw41z_wireless_examples_ieee_802_15_4_mwa_end_device_freertos\framework\Keyboard\Interface" -I"D:\Proyects\REDES191023\frdmkw41z_wireless_examples_ieee_802_15_4_mwa_end_device_freertos\framework\LED\Interface" -I"D:\Proyects\REDES191023\frdmkw41z_wireless_examples_ieee_802_15_4_mwa_end_device_freertos\framework\SerialManager\Source\SPI_Adapter" -I"D:\Proyects\REDES191023\frdmkw41z_wireless_examples_ieee_802_15_4_mwa_end_device_freertos\framework\SerialManager\Source\UART_Adapter" -I"D:\Proyects\REDES191023\frdmkw41z_wireless_examples_ieee_802_15_4_mwa_end_device_freertos\framework\SerialManager\Source\I2C_Adapter" -I"D:\Proyects\REDES191023\frdmkw41z_wireless_examples_ieee_802_15_4_mwa_end_device_freertos\framework\Flash\Internal" -I"D:\Proyects\REDES191023\frdmkw41z_wireless_examples_ieee_802_15_4_mwa_end_device_freertos\framework\common" -I"D:\Proyects\REDES191023\frdmkw41z_wireless_examples_ieee_802_15_4_mwa_end_device_freertos\framework\MemManager\Interface" -I"D:\Proyects\REDES191023\frdmkw41z_wireless_examples_ieee_802_15_4_mwa_end_device_freertos\framework\Messaging\Interface" -I"D:\Proyects\REDES191023\frdmkw41z_wireless_examples_ieee_802_15_4_mwa_end_device_freertos\framework\Panic\Interface" -I"D:\Proyects\REDES191023\frdmkw41z_wireless_examples_ieee_802_15_4_mwa_end_device_freertos\framework\RNG\Interface" -I"D:\Proyects\REDES191023\frdmkw41z_wireless_examples_ieee_802_15_4_mwa_end_device_freertos\framework\SerialManager\Interface" -I"D:\Proyects\REDES191023\frdmkw41z_wireless_examples_ieee_802_15_4_mwa_end_device_freertos\framework\TimersManager\Interface" -I"D:\Proyects\REDES191023\frdmkw41z_wireless_examples_ieee_802_15_4_mwa_end_device_freertos\framework\TimersManager\Source" -I"D:\Proyects\REDES191023\frdmkw41z_wireless_examples_ieee_802_15_4_mwa_end_device_freertos\framework\ModuleInfo" -I"D:\Proyects\REDES191023\frdmkw41z_wireless_examples_ieee_802_15_4_mwa_end_device_freertos\framework\FunctionLib" -I"D:\Proyects\REDES191023\frdmkw41z_wireless_examples_ieee_802_15_4_mwa_end_device_freertos\framework\Lists" -I"D:\Proyects\REDES191023\frdmkw41z_wireless_examples_ieee_802_15_4_mwa_end_device_freertos\framework\SecLib" -I"D:\Proyects\REDES191023\frdmkw41z_wireless_examples_ieee_802_15_4_mwa_end_device_freertos\framework\NVM\Interface" -I"D:\Proyects\REDES191023\frdmkw41z_wireless_examples_ieee_802_15_4_mwa_end_device_freertos\framework\NVM\Source" -I"D:\Proyects\REDES191023\frdmkw41z_wireless_examples_ieee_802_15_4_mwa_end_device_freertos\framework\LowPower\Interface\MKW41Z" -I"D:\Proyects\REDES191023\frdmkw41z_wireless_examples_ieee_802_15_4_mwa_end_device_freertos\framework\LowPower\Source\MKW41Z" -I"D:\Proyects\REDES191023\frdmkw41z_wireless_examples_ieee_802_15_4_mwa_end_device_freertos\framework\MWSCoexistence\Interface" -I"D:\Proyects\REDES191023\frdmkw41z_wireless_examples_ieee_802_15_4_mwa_end_device_freertos\drivers" -I"D:\Proyects\REDES191023\frdmkw41z_wireless_examples_ieee_802_15_4_mwa_end_device_freertos\framework\DCDC\Interface" -I"D:\Proyects\REDES191023\frdmkw41z_wireless_examples_ieee_802_15_4_mwa_end_device_freertos\framework\XCVR\MKW41Z4" -I"D:\Proyects\REDES191023\frdmkw41z_wireless_examples_ieee_802_15_4_mwa_end_device_freertos\ieee_802.15.4\phy\source\MKW41Z" -I"D:\Proyects\REDES191023\frdmkw41z_wireless_examples_ieee_802_15_4_mwa_end_device_freertos\CMSIS" -I"D:\Proyects\REDES191023\frdmkw41z_wireless_examples_ieee_802_15_4_mwa_end_device_freertos\utilities" -I"D:\Proyects\REDES191023\frdmkw41z_wireless_examples_ieee_802_15_4_mwa_end_device_freertos\board" -O0 -fno-common -g -Wall -c  -ffunction-sections  -fdata-sections  -ffreestanding  -fno-builtin -imacros "D:/Proyects/REDES191023/frdmkw41z_wireless_examples_ieee_802_15_4_mwa_end_device_freertos/source/app_preinclude.h" -fmerge-constants -fmacro-prefix-map="../source/"= -mcpu=cortex-m0plus -mthumb -D__REDLIB__ -fstack-usage -specs=redlib.specs -MMD -MP -MF"source/mwa_end_device.d" -MT"source/mwa_end_device.o" -MT"source/mwa_end_device.d" -o "source/mwa_end_device.o" "../source/mwa_end_device.c"
../source/mwa_end_device.c: In function 'App_HandleKeys':
../source/mwa_end_device.c:1226:5: error: duplicate case value
 1226 |     case gKBD_EventSW1_c:
      |     ^~~~
../source/mwa_end_device.c:1214:5: note: previously used here
 1214 |     case 1:
      |     ^~~~
../source/mwa_end_device.c:1227:5: error: duplicate case value
 1227 |     case gKBD_EventSW2_c:
      |     ^~~~
../source/mwa_end_device.c:1217:5: note: previously used here
 1217 |     case 2:
      |     ^~~~
In file included from ../source/mwa_end_device.c:30:
../source/mwa_end_device.c: At top level:
../source/MyNewTask.h:30:13: warning: 'myTaskTimerCallback' declared 'static' but never defined [-Wunused-function]
   30 | static void myTaskTimerCallback(void *param);
      |             ^~~~~~~~~~~~~~~~~~~
make[1]: *** [source/subdir.mk:29: source/mwa_end_device.o] Error 1
make: *** [makefile:70: all] Error 2
"make -r -j8 all" terminated with exit code 2. Build might be incomplete.
12:23:56 **** Incremental Build of configuration Debug for project frdmkw41z_wireless_examples_ieee_802_15_4_mwa_end_device_freertos ****
make -r -j8 all 
Building file: ../source/mwa_end_device.c
Invoking: MCU C Compiler
arm-none-eabi-gcc -std=gnu99 -D__REDLIB__ -DCPU_MKW41Z512VHT4 -DCPU_MKW41Z512VHT4_cm0plus -DFSL_RTOS_FREE_RTOS -DFRDM_KW41Z -DFREEDOM -DSDK_DEBUGCONSOLE=1 -DCR_INTEGER_PRINTF -DPRINTF_FLOAT_ENABLE=0 -D__MCUXPRESSO -D__USE_CMSIS -DDEBUG -I"D:\Proyects\REDES191023\frdmkw41z_wireless_examples_ieee_802_15_4_mwa_end_device_freertos\source" -I"D:\Proyects\REDES191023\frdmkw41z_wireless_examples_ieee_802_15_4_mwa_end_device_freertos" -I"D:\Proyects\REDES191023\frdmkw41z_wireless_examples_ieee_802_15_4_mwa_end_device_freertos\framework\OSAbstraction\Interface" -I"D:\Proyects\REDES191023\frdmkw41z_wireless_examples_ieee_802_15_4_mwa_end_device_freertos\freertos" -I"D:\Proyects\REDES191023\frdmkw41z_wireless_examples_ieee_802_15_4_mwa_end_device_freertos\ieee_802.15.4\mac\source\App" -I"D:\Proyects\REDES191023\frdmkw41z_wireless_examples_ieee_802_15_4_mwa_end_device_freertos\ieee_802.15.4\mac\interface" -I"D:\Proyects\REDES191023\frdmkw41z_wireless_examples_ieee_802_15_4_mwa_end_device_freertos\ieee_802.15.4\phy\interface" -I"D:\Proyects\REDES191023\frdmkw41z_wireless_examples_ieee_802_15_4_mwa_end_device_freertos\framework\GPIO" -I"D:\Proyects\REDES191023\frdmkw41z_wireless_examples_ieee_802_15_4_mwa_end_device_freertos\framework\Keyboard\Interface" -I"D:\Proyects\REDES191023\frdmkw41z_wireless_examples_ieee_802_15_4_mwa_end_device_freertos\framework\LED\Interface" -I"D:\Proyects\REDES191023\frdmkw41z_wireless_examples_ieee_802_15_4_mwa_end_device_freertos\framework\SerialManager\Source\SPI_Adapter" -I"D:\Proyects\REDES191023\frdmkw41z_wireless_examples_ieee_802_15_4_mwa_end_device_freertos\framework\SerialManager\Source\UART_Adapter" -I"D:\Proyects\REDES191023\frdmkw41z_wireless_examples_ieee_802_15_4_mwa_end_device_freertos\framework\SerialManager\Source\I2C_Adapter" -I"D:\Proyects\REDES191023\frdmkw41z_wireless_examples_ieee_802_15_4_mwa_end_device_freertos\framework\Flash\Internal" -I"D:\Proyects\REDES191023\frdmkw41z_wireless_examples_ieee_802_15_4_mwa_end_device_freertos\framework\common" -I"D:\Proyects\REDES191023\frdmkw41z_wireless_examples_ieee_802_15_4_mwa_end_device_freertos\framework\MemManager\Interface" -I"D:\Proyects\REDES191023\frdmkw41z_wireless_examples_ieee_802_15_4_mwa_end_device_freertos\framework\Messaging\Interface" -I"D:\Proyects\REDES191023\frdmkw41z_wireless_examples_ieee_802_15_4_mwa_end_device_freertos\framework\Panic\Interface" -I"D:\Proyects\REDES191023\frdmkw41z_wireless_examples_ieee_802_15_4_mwa_end_device_freertos\framework\RNG\Interface" -I"D:\Proyects\REDES191023\frdmkw41z_wireless_examples_ieee_802_15_4_mwa_end_device_freertos\framework\SerialManager\Interface" -I"D:\Proyects\REDES191023\frdmkw41z_wireless_examples_ieee_802_15_4_mwa_end_device_freertos\framework\TimersManager\Interface" -I"D:\Proyects\REDES191023\frdmkw41z_wireless_examples_ieee_802_15_4_mwa_end_device_freertos\framework\TimersManager\Source" -I"D:\Proyects\REDES191023\frdmkw41z_wireless_examples_ieee_802_15_4_mwa_end_device_freertos\framework\ModuleInfo" -I"D:\Proyects\REDES191023\frdmkw41z_wireless_examples_ieee_802_15_4_mwa_end_device_freertos\framework\FunctionLib" -I"D:\Proyects\REDES191023\frdmkw41z_wireless_examples_ieee_802_15_4_mwa_end_device_freertos\framework\Lists" -I"D:\Proyects\REDES191023\frdmkw41z_wireless_examples_ieee_802_15_4_mwa_end_device_freertos\framework\SecLib" -I"D:\Proyects\REDES191023\frdmkw41z_wireless_examples_ieee_802_15_4_mwa_end_device_freertos\framework\NVM\Interface" -I"D:\Proyects\REDES191023\frdmkw41z_wireless_examples_ieee_802_15_4_mwa_end_device_freertos\framework\NVM\Source" -I"D:\Proyects\REDES191023\frdmkw41z_wireless_examples_ieee_802_15_4_mwa_end_device_freertos\framework\LowPower\Interface\MKW41Z" -I"D:\Proyects\REDES191023\frdmkw41z_wireless_examples_ieee_802_15_4_mwa_end_device_freertos\framework\LowPower\Source\MKW41Z" -I"D:\Proyects\REDES191023\frdmkw41z_wireless_examples_ieee_802_15_4_mwa_end_device_freertos\framework\MWSCoexistence\Interface" -I"D:\Proyects\REDES191023\frdmkw41z_wireless_examples_ieee_802_15_4_mwa_end_device_freertos\drivers" -I"D:\Proyects\REDES191023\frdmkw41z_wireless_examples_ieee_802_15_4_mwa_end_device_freertos\framework\DCDC\Interface" -I"D:\Proyects\REDES191023\frdmkw41z_wireless_examples_ieee_802_15_4_mwa_end_device_freertos\framework\XCVR\MKW41Z4" -I"D:\Proyects\REDES191023\frdmkw41z_wireless_examples_ieee_802_15_4_mwa_end_device_freertos\ieee_802.15.4\phy\source\MKW41Z" -I"D:\Proyects\REDES191023\frdmkw41z_wireless_examples_ieee_802_15_4_mwa_end_device_freertos\CMSIS" -I"D:\Proyects\REDES191023\frdmkw41z_wireless_examples_ieee_802_15_4_mwa_end_device_freertos\utilities" -I"D:\Proyects\REDES191023\frdmkw41z_wireless_examples_ieee_802_15_4_mwa_end_device_freertos\board" -O0 -fno-common -g -Wall -c  -ffunction-sections  -fdata-sections  -ffreestanding  -fno-builtin -imacros "D:/Proyects/REDES191023/frdmkw41z_wireless_examples_ieee_802_15_4_mwa_end_device_freertos/source/app_preinclude.h" -fmerge-constants -fmacro-prefix-map="../source/"= -mcpu=cortex-m0plus -mthumb -D__REDLIB__ -fstack-usage -specs=redlib.specs -MMD -MP -MF"source/mwa_end_device.d" -MT"source/mwa_end_device.o" -MT"source/mwa_end_device.d" -o "source/mwa_end_device.o" "../source/mwa_end_device.c"
In file included from ../source/mwa_end_device.c:30:
../source/MyNewTask.h:30:13: warning: 'myTaskTimerCallback' declared 'static' but never defined [-Wunused-function]
   30 | static void myTaskTimerCallback(void *param);
      |             ^~~~~~~~~~~~~~~~~~~
Finished building: ../source/mwa_end_device.c
 
Building target: frdmkw41z_wireless_examples_ieee_802_15_4_mwa_end_device_freertos.axf
Invoking: MCU Linker
arm-none-eabi-gcc -L"D:\Proyects\REDES191023\frdmkw41z_wireless_examples_ieee_802_15_4_mwa_end_device_freertos\libs" -Xlinker -Map="frdmkw41z_wireless_examples_ieee_802_15_4_mwa_end_device_freertos.map" -Xlinker --gc-sections -Xlinker -print-memory-usage -Xlinker --sort-section=alignment -Xlinker --cref -mcpu=cortex-m0plus -mthumb -T MKW41Z512xxx4_connectivity.ld -L ../source -o "frdmkw41z_wireless_examples_ieee_802_15_4_mwa_end_device_freertos.axf" ./utilities/fsl_debug_console.o  ./startup/startup_MKW41Z4.o  ./source/MyNewTask.o ./source/mtb.o ./source/mwa_end_device.o ./source/semihost_hardfault.o  ./ieee_802.15.4/phy/source/MKW41Z/ASP.o ./ieee_802.15.4/phy/source/MKW41Z/MPM.o ./ieee_802.15.4/phy/source/MKW41Z/PhyISR.o ./ieee_802.15.4/phy/source/MKW41Z/PhyPacketProcessor.o ./ieee_802.15.4/phy/source/MKW41Z/PhyPlmeData.o ./ieee_802.15.4/phy/source/MKW41Z/PhyStateMachine.o ./ieee_802.15.4/phy/source/MKW41Z/PhyTime.o  ./ieee_802.15.4/mac/source/App/FsciAspCommands.o ./ieee_802.15.4/mac/source/App/FsciMacCommands.o ./ieee_802.15.4/mac/source/App/MacGlobals.o  ./freertos/croutine.o ./freertos/event_groups.o ./freertos/fsl_tickless_lptmr.o ./freertos/fsl_tickless_systick.o ./freertos/heap_4.o ./freertos/list.o ./freertos/port.o ./freertos/queue.o ./freertos/tasks.o ./freertos/timers.o  ./framework/XCVR/MKW41Z4/cfgs_kw4x_3x_2x/fsl_xcvr_ant_config.o ./framework/XCVR/MKW41Z4/cfgs_kw4x_3x_2x/fsl_xcvr_ble_config.o ./framework/XCVR/MKW41Z4/cfgs_kw4x_3x_2x/fsl_xcvr_common_config.o ./framework/XCVR/MKW41Z4/cfgs_kw4x_3x_2x/fsl_xcvr_gfsk_bt_0p3_h_0p5_config.o ./framework/XCVR/MKW41Z4/cfgs_kw4x_3x_2x/fsl_xcvr_gfsk_bt_0p5_h_0p32_config.o ./framework/XCVR/MKW41Z4/cfgs_kw4x_3x_2x/fsl_xcvr_gfsk_bt_0p5_h_0p5_config.o ./framework/XCVR/MKW41Z4/cfgs_kw4x_3x_2x/fsl_xcvr_gfsk_bt_0p5_h_0p7_config.o ./framework/XCVR/MKW41Z4/cfgs_kw4x_3x_2x/fsl_xcvr_gfsk_bt_0p5_h_1p0_config.o ./framework/XCVR/MKW41Z4/cfgs_kw4x_3x_2x/fsl_xcvr_gfsk_bt_0p7_h_0p5_config.o ./framework/XCVR/MKW41Z4/cfgs_kw4x_3x_2x/fsl_xcvr_mode_datarate_config.o ./framework/XCVR/MKW41Z4/cfgs_kw4x_3x_2x/fsl_xcvr_msk_config.o ./framework/XCVR/MKW41Z4/cfgs_kw4x_3x_2x/fsl_xcvr_zgbe_config.o  ./framework/XCVR/MKW41Z4/dbg_ram_capture.o ./framework/XCVR/MKW41Z4/fsl_xcvr.o ./framework/XCVR/MKW41Z4/fsl_xcvr_trim.o ./framework/XCVR/MKW41Z4/ifr_radio.o  ./framework/TimersManager/Source/TMR_Adapter.o ./framework/TimersManager/Source/TimersManager.o  ./framework/SerialManager/Source/UART_Adapter/UART_Adapter.o  ./framework/SerialManager/Source/SPI_Adapter/SPI_Adapter.o  ./framework/SerialManager/Source/I2C_Adapter/I2C_Adapter.o  ./framework/SerialManager/Source/SerialManager.o  ./framework/SecLib/SecLib.o  ./framework/Reset/Reset.o  ./framework/RNG/Source/RNG.o  ./framework/Panic/Source/Panic.o  ./framework/OSAbstraction/Source/fsl_os_abstraction_free_rtos.o  ./framework/NVM/Source/NV_Flash.o ./framework/NVM/Source/NV_FsciCommands.o  ./framework/ModuleInfo/ModuleInfo.o  ./framework/Messaging/Source/Messaging.o  ./framework/MemManager/Source/MemManager.o  ./framework/MWSCoexistence/Source/MWS.o  ./framework/LowPower/Source/MKW41Z/PWR.o ./framework/LowPower/Source/MKW41Z/PWRLib.o  ./framework/Lists/GenericList.o  ./framework/LED/Source/LED.o  ./framework/Keyboard/Source/Keyboard.o  ./framework/GPIO/GPIO_Adapter.o  ./framework/FunctionLib/FunctionLib.o  ./framework/Flash/Internal/Flash_Adapter.o  ./framework/DCDC/Source/DCDC.o  ./drivers/fsl_adc16.o ./drivers/fsl_clock.o ./drivers/fsl_common.o ./drivers/fsl_dspi.o ./drivers/fsl_dspi_freertos.o ./drivers/fsl_flash.o ./drivers/fsl_gpio.o ./drivers/fsl_i2c.o ./drivers/fsl_i2c_freertos.o ./drivers/fsl_llwu.o ./drivers/fsl_lptmr.o ./drivers/fsl_lpuart.o ./drivers/fsl_lpuart_freertos.o ./drivers/fsl_ltc.o ./drivers/fsl_pmc.o ./drivers/fsl_rtc.o ./drivers/fsl_smc.o ./drivers/fsl_tpm.o ./drivers/fsl_trng.o ./drivers/fsl_tsi_v4.o  ./board/board.o ./board/clock_config.o ./board/gpio_pins.o ./board/pin_mux.o  ./CMSIS/system_MKW41Z4.o   -lm -lc -lgcc -lnosys -l_crypto_m0 -l802.15.4_mac_06_cm0
Memory region         Used Size  Region Size  %age Used
    TEXT_region1:         192 B         1 KB     18.75%
m_flash_config_region:          16 B         16 B    100.00%
    TEXT_region2:      129939 B     513006 B     25.33%
      NVM_region:        8191 B       8191 B    100.00%
    DATA1_region:          0 GB        32 KB      0.00%
    DATA2_region:       20488 B        96 KB     20.84%
PRODUCT_INFO_region:          0 GB       2047 B      0.00%
Finished building target: frdmkw41z_wireless_examples_ieee_802_15_4_mwa_end_device_freertos.axf
 
Performing post-build steps
arm-none-eabi-size "frdmkw41z_wireless_examples_ieee_802_15_4_mwa_end_device_freertos.axf"; # arm-none-eabi-objcopy -v -O binary "frdmkw41z_wireless_examples_ieee_802_15_4_mwa_end_device_freertos.axf" "frdmkw41z_wireless_examples_ieee_802_15_4_mwa_end_device_freertos.bin" ; # checksum -p MKW41Z512xxx4 -d "frdmkw41z_wireless_examples_ieee_802_15_4_mwa_end_device_freertos.bin";
   text	   data	    bss	    dec	    hex	filename
 130120	   9759	  18928	 158807	  26c57	frdmkw41z_wireless_examples_ieee_802_15_4_mwa_end_device_freertos.axf
 
12:25:12 **** Incremental Build of configuration Debug for project frdmkw41z_wireless_examples_ieee_802_15_4_mwa_end_device_freertos ****
make -r -j8 all 
Building file: ../source/mwa_end_device.c
Invoking: MCU C Compiler
arm-none-eabi-gcc -std=gnu99 -D__REDLIB__ -DCPU_MKW41Z512VHT4 -DCPU_MKW41Z512VHT4_cm0plus -DFSL_RTOS_FREE_RTOS -DFRDM_KW41Z -DFREEDOM -DSDK_DEBUGCONSOLE=1 -DCR_INTEGER_PRINTF -DPRINTF_FLOAT_ENABLE=0 -D__MCUXPRESSO -D__USE_CMSIS -DDEBUG -I"D:\Proyects\REDES191023\frdmkw41z_wireless_examples_ieee_802_15_4_mwa_end_device_freertos\source" -I"D:\Proyects\REDES191023\frdmkw41z_wireless_examples_ieee_802_15_4_mwa_end_device_freertos" -I"D:\Proyects\REDES191023\frdmkw41z_wireless_examples_ieee_802_15_4_mwa_end_device_freertos\framework\OSAbstraction\Interface" -I"D:\Proyects\REDES191023\frdmkw41z_wireless_examples_ieee_802_15_4_mwa_end_device_freertos\freertos" -I"D:\Proyects\REDES191023\frdmkw41z_wireless_examples_ieee_802_15_4_mwa_end_device_freertos\ieee_802.15.4\mac\source\App" -I"D:\Proyects\REDES191023\frdmkw41z_wireless_examples_ieee_802_15_4_mwa_end_device_freertos\ieee_802.15.4\mac\interface" -I"D:\Proyects\REDES191023\frdmkw41z_wireless_examples_ieee_802_15_4_mwa_end_device_freertos\ieee_802.15.4\phy\interface" -I"D:\Proyects\REDES191023\frdmkw41z_wireless_examples_ieee_802_15_4_mwa_end_device_freertos\framework\GPIO" -I"D:\Proyects\REDES191023\frdmkw41z_wireless_examples_ieee_802_15_4_mwa_end_device_freertos\framework\Keyboard\Interface" -I"D:\Proyects\REDES191023\frdmkw41z_wireless_examples_ieee_802_15_4_mwa_end_device_freertos\framework\LED\Interface" -I"D:\Proyects\REDES191023\frdmkw41z_wireless_examples_ieee_802_15_4_mwa_end_device_freertos\framework\SerialManager\Source\SPI_Adapter" -I"D:\Proyects\REDES191023\frdmkw41z_wireless_examples_ieee_802_15_4_mwa_end_device_freertos\framework\SerialManager\Source\UART_Adapter" -I"D:\Proyects\REDES191023\frdmkw41z_wireless_examples_ieee_802_15_4_mwa_end_device_freertos\framework\SerialManager\Source\I2C_Adapter" -I"D:\Proyects\REDES191023\frdmkw41z_wireless_examples_ieee_802_15_4_mwa_end_device_freertos\framework\Flash\Internal" -I"D:\Proyects\REDES191023\frdmkw41z_wireless_examples_ieee_802_15_4_mwa_end_device_freertos\framework\common" -I"D:\Proyects\REDES191023\frdmkw41z_wireless_examples_ieee_802_15_4_mwa_end_device_freertos\framework\MemManager\Interface" -I"D:\Proyects\REDES191023\frdmkw41z_wireless_examples_ieee_802_15_4_mwa_end_device_freertos\framework\Messaging\Interface" -I"D:\Proyects\REDES191023\frdmkw41z_wireless_examples_ieee_802_15_4_mwa_end_device_freertos\framework\Panic\Interface" -I"D:\Proyects\REDES191023\frdmkw41z_wireless_examples_ieee_802_15_4_mwa_end_device_freertos\framework\RNG\Interface" -I"D:\Proyects\REDES191023\frdmkw41z_wireless_examples_ieee_802_15_4_mwa_end_device_freertos\framework\SerialManager\Interface" -I"D:\Proyects\REDES191023\frdmkw41z_wireless_examples_ieee_802_15_4_mwa_end_device_freertos\framework\TimersManager\Interface" -I"D:\Proyects\REDES191023\frdmkw41z_wireless_examples_ieee_802_15_4_mwa_end_device_freertos\framework\TimersManager\Source" -I"D:\Proyects\REDES191023\frdmkw41z_wireless_examples_ieee_802_15_4_mwa_end_device_freertos\framework\ModuleInfo" -I"D:\Proyects\REDES191023\frdmkw41z_wireless_examples_ieee_802_15_4_mwa_end_device_freertos\framework\FunctionLib" -I"D:\Proyects\REDES191023\frdmkw41z_wireless_examples_ieee_802_15_4_mwa_end_device_freertos\framework\Lists" -I"D:\Proyects\REDES191023\frdmkw41z_wireless_examples_ieee_802_15_4_mwa_end_device_freertos\framework\SecLib" -I"D:\Proyects\REDES191023\frdmkw41z_wireless_examples_ieee_802_15_4_mwa_end_device_freertos\framework\NVM\Interface" -I"D:\Proyects\REDES191023\frdmkw41z_wireless_examples_ieee_802_15_4_mwa_end_device_freertos\framework\NVM\Source" -I"D:\Proyects\REDES191023\frdmkw41z_wireless_examples_ieee_802_15_4_mwa_end_device_freertos\framework\LowPower\Interface\MKW41Z" -I"D:\Proyects\REDES191023\frdmkw41z_wireless_examples_ieee_802_15_4_mwa_end_device_freertos\framework\LowPower\Source\MKW41Z" -I"D:\Proyects\REDES191023\frdmkw41z_wireless_examples_ieee_802_15_4_mwa_end_device_freertos\framework\MWSCoexistence\Interface" -I"D:\Proyects\REDES191023\frdmkw41z_wireless_examples_ieee_802_15_4_mwa_end_device_freertos\drivers" -I"D:\Proyects\REDES191023\frdmkw41z_wireless_examples_ieee_802_15_4_mwa_end_device_freertos\framework\DCDC\Interface" -I"D:\Proyects\REDES191023\frdmkw41z_wireless_examples_ieee_802_15_4_mwa_end_device_freertos\framework\XCVR\MKW41Z4" -I"D:\Proyects\REDES191023\frdmkw41z_wireless_examples_ieee_802_15_4_mwa_end_device_freertos\ieee_802.15.4\phy\source\MKW41Z" -I"D:\Proyects\REDES191023\frdmkw41z_wireless_examples_ieee_802_15_4_mwa_end_device_freertos\CMSIS" -I"D:\Proyects\REDES191023\frdmkw41z_wireless_examples_ieee_802_15_4_mwa_end_device_freertos\utilities" -I"D:\Proyects\REDES191023\frdmkw41z_wireless_examples_ieee_802_15_4_mwa_end_device_freertos\board" -O0 -fno-common -g -Wall -c  -ffunction-sections  -fdata-sections  -ffreestanding  -fno-builtin -imacros "D:/Proyects/REDES191023/frdmkw41z_wireless_examples_ieee_802_15_4_mwa_end_device_freertos/source/app_preinclude.h" -fmerge-constants -fmacro-prefix-map="../source/"= -mcpu=cortex-m0plus -mthumb -D__REDLIB__ -fstack-usage -specs=redlib.specs -MMD -MP -MF"source/mwa_end_device.d" -MT"source/mwa_end_device.o" -MT"source/mwa_end_device.d" -o "source/mwa_end_device.o" "../source/mwa_end_device.c"
In file included from ../source/mwa_end_device.c:30:
../source/MyNewTask.h:30:13: warning: 'myTaskTimerCallback' declared 'static' but never defined [-Wunused-function]
   30 | static void myTaskTimerCallback(void *param);
      |             ^~~~~~~~~~~~~~~~~~~
Finished building: ../source/mwa_end_device.c
 
Building target: frdmkw41z_wireless_examples_ieee_802_15_4_mwa_end_device_freertos.axf
Invoking: MCU Linker
arm-none-eabi-gcc -L"D:\Proyects\REDES191023\frdmkw41z_wireless_examples_ieee_802_15_4_mwa_end_device_freertos\libs" -Xlinker -Map="frdmkw41z_wireless_examples_ieee_802_15_4_mwa_end_device_freertos.map" -Xlinker --gc-sections -Xlinker -print-memory-usage -Xlinker --sort-section=alignment -Xlinker --cref -mcpu=cortex-m0plus -mthumb -T MKW41Z512xxx4_connectivity.ld -L ../source -o "frdmkw41z_wireless_examples_ieee_802_15_4_mwa_end_device_freertos.axf" ./utilities/fsl_debug_console.o  ./startup/startup_MKW41Z4.o  ./source/MyNewTask.o ./source/mtb.o ./source/mwa_end_device.o ./source/semihost_hardfault.o  ./ieee_802.15.4/phy/source/MKW41Z/ASP.o ./ieee_802.15.4/phy/source/MKW41Z/MPM.o ./ieee_802.15.4/phy/source/MKW41Z/PhyISR.o ./ieee_802.15.4/phy/source/MKW41Z/PhyPacketProcessor.o ./ieee_802.15.4/phy/source/MKW41Z/PhyPlmeData.o ./ieee_802.15.4/phy/source/MKW41Z/PhyStateMachine.o ./ieee_802.15.4/phy/source/MKW41Z/PhyTime.o  ./ieee_802.15.4/mac/source/App/FsciAspCommands.o ./ieee_802.15.4/mac/source/App/FsciMacCommands.o ./ieee_802.15.4/mac/source/App/MacGlobals.o  ./freertos/croutine.o ./freertos/event_groups.o ./freertos/fsl_tickless_lptmr.o ./freertos/fsl_tickless_systick.o ./freertos/heap_4.o ./freertos/list.o ./freertos/port.o ./freertos/queue.o ./freertos/tasks.o ./freertos/timers.o  ./framework/XCVR/MKW41Z4/cfgs_kw4x_3x_2x/fsl_xcvr_ant_config.o ./framework/XCVR/MKW41Z4/cfgs_kw4x_3x_2x/fsl_xcvr_ble_config.o ./framework/XCVR/MKW41Z4/cfgs_kw4x_3x_2x/fsl_xcvr_common_config.o ./framework/XCVR/MKW41Z4/cfgs_kw4x_3x_2x/fsl_xcvr_gfsk_bt_0p3_h_0p5_config.o ./framework/XCVR/MKW41Z4/cfgs_kw4x_3x_2x/fsl_xcvr_gfsk_bt_0p5_h_0p32_config.o ./framework/XCVR/MKW41Z4/cfgs_kw4x_3x_2x/fsl_xcvr_gfsk_bt_0p5_h_0p5_config.o ./framework/XCVR/MKW41Z4/cfgs_kw4x_3x_2x/fsl_xcvr_gfsk_bt_0p5_h_0p7_config.o ./framework/XCVR/MKW41Z4/cfgs_kw4x_3x_2x/fsl_xcvr_gfsk_bt_0p5_h_1p0_config.o ./framework/XCVR/MKW41Z4/cfgs_kw4x_3x_2x/fsl_xcvr_gfsk_bt_0p7_h_0p5_config.o ./framework/XCVR/MKW41Z4/cfgs_kw4x_3x_2x/fsl_xcvr_mode_datarate_config.o ./framework/XCVR/MKW41Z4/cfgs_kw4x_3x_2x/fsl_xcvr_msk_config.o ./framework/XCVR/MKW41Z4/cfgs_kw4x_3x_2x/fsl_xcvr_zgbe_config.o  ./framework/XCVR/MKW41Z4/dbg_ram_capture.o ./framework/XCVR/MKW41Z4/fsl_xcvr.o ./framework/XCVR/MKW41Z4/fsl_xcvr_trim.o ./framework/XCVR/MKW41Z4/ifr_radio.o  ./framework/TimersManager/Source/TMR_Adapter.o ./framework/TimersManager/Source/TimersManager.o  ./framework/SerialManager/Source/UART_Adapter/UART_Adapter.o  ./framework/SerialManager/Source/SPI_Adapter/SPI_Adapter.o  ./framework/SerialManager/Source/I2C_Adapter/I2C_Adapter.o  ./framework/SerialManager/Source/SerialManager.o  ./framework/SecLib/SecLib.o  ./framework/Reset/Reset.o  ./framework/RNG/Source/RNG.o  ./framework/Panic/Source/Panic.o  ./framework/OSAbstraction/Source/fsl_os_abstraction_free_rtos.o  ./framework/NVM/Source/NV_Flash.o ./framework/NVM/Source/NV_FsciCommands.o  ./framework/ModuleInfo/ModuleInfo.o  ./framework/Messaging/Source/Messaging.o  ./framework/MemManager/Source/MemManager.o  ./framework/MWSCoexistence/Source/MWS.o  ./framework/LowPower/Source/MKW41Z/PWR.o ./framework/LowPower/Source/MKW41Z/PWRLib.o  ./framework/Lists/GenericList.o  ./framework/LED/Source/LED.o  ./framework/Keyboard/Source/Keyboard.o  ./framework/GPIO/GPIO_Adapter.o  ./framework/FunctionLib/FunctionLib.o  ./framework/Flash/Internal/Flash_Adapter.o  ./framework/DCDC/Source/DCDC.o  ./drivers/fsl_adc16.o ./drivers/fsl_clock.o ./drivers/fsl_common.o ./drivers/fsl_dspi.o ./drivers/fsl_dspi_freertos.o ./drivers/fsl_flash.o ./drivers/fsl_gpio.o ./drivers/fsl_i2c.o ./drivers/fsl_i2c_freertos.o ./drivers/fsl_llwu.o ./drivers/fsl_lptmr.o ./drivers/fsl_lpuart.o ./drivers/fsl_lpuart_freertos.o ./drivers/fsl_ltc.o ./drivers/fsl_pmc.o ./drivers/fsl_rtc.o ./drivers/fsl_smc.o ./drivers/fsl_tpm.o ./drivers/fsl_trng.o ./drivers/fsl_tsi_v4.o  ./board/board.o ./board/clock_config.o ./board/gpio_pins.o ./board/pin_mux.o  ./CMSIS/system_MKW41Z4.o   -lm -lc -lgcc -lnosys -l_crypto_m0 -l802.15.4_mac_06_cm0
Memory region         Used Size  Region Size  %age Used
    TEXT_region1:         192 B         1 KB     18.75%
m_flash_config_region:          16 B         16 B    100.00%
    TEXT_region2:      129891 B     513006 B     25.32%
      NVM_region:        8191 B       8191 B    100.00%
    DATA1_region:          0 GB        32 KB      0.00%
    DATA2_region:       20488 B        96 KB     20.84%
PRODUCT_INFO_region:          0 GB       2047 B      0.00%
Finished building target: frdmkw41z_wireless_examples_ieee_802_15_4_mwa_end_device_freertos.axf
 
Performing post-build steps
arm-none-eabi-size "frdmkw41z_wireless_examples_ieee_802_15_4_mwa_end_device_freertos.axf"; # arm-none-eabi-objcopy -v -O binary "frdmkw41z_wireless_examples_ieee_802_15_4_mwa_end_device_freertos.axf" "frdmkw41z_wireless_examples_ieee_802_15_4_mwa_end_device_freertos.bin" ; # checksum -p MKW41Z512xxx4 -d "frdmkw41z_wireless_examples_ieee_802_15_4_mwa_end_device_freertos.bin";
   text	   data	    bss	    dec	    hex	filename
 130072	   9759	  18928	 158759	  26c27	frdmkw41z_wireless_examples_ieee_802_15_4_mwa_end_device_freertos.axf
 
12:26:44 **** Incremental Build of configuration Debug for project frdmkw41z_wireless_examples_ieee_802_15_4_mwa_end_device_freertos ****
make -r -j8 all 
Building file: ../source/mwa_end_device.c
Invoking: MCU C Compiler
arm-none-eabi-gcc -std=gnu99 -D__REDLIB__ -DCPU_MKW41Z512VHT4 -DCPU_MKW41Z512VHT4_cm0plus -DFSL_RTOS_FREE_RTOS -DFRDM_KW41Z -DFREEDOM -DSDK_DEBUGCONSOLE=1 -DCR_INTEGER_PRINTF -DPRINTF_FLOAT_ENABLE=0 -D__MCUXPRESSO -D__USE_CMSIS -DDEBUG -I"D:\Proyects\REDES191023\frdmkw41z_wireless_examples_ieee_802_15_4_mwa_end_device_freertos\source" -I"D:\Proyects\REDES191023\frdmkw41z_wireless_examples_ieee_802_15_4_mwa_end_device_freertos" -I"D:\Proyects\REDES191023\frdmkw41z_wireless_examples_ieee_802_15_4_mwa_end_device_freertos\framework\OSAbstraction\Interface" -I"D:\Proyects\REDES191023\frdmkw41z_wireless_examples_ieee_802_15_4_mwa_end_device_freertos\freertos" -I"D:\Proyects\REDES191023\frdmkw41z_wireless_examples_ieee_802_15_4_mwa_end_device_freertos\ieee_802.15.4\mac\source\App" -I"D:\Proyects\REDES191023\frdmkw41z_wireless_examples_ieee_802_15_4_mwa_end_device_freertos\ieee_802.15.4\mac\interface" -I"D:\Proyects\REDES191023\frdmkw41z_wireless_examples_ieee_802_15_4_mwa_end_device_freertos\ieee_802.15.4\phy\interface" -I"D:\Proyects\REDES191023\frdmkw41z_wireless_examples_ieee_802_15_4_mwa_end_device_freertos\framework\GPIO" -I"D:\Proyects\REDES191023\frdmkw41z_wireless_examples_ieee_802_15_4_mwa_end_device_freertos\framework\Keyboard\Interface" -I"D:\Proyects\REDES191023\frdmkw41z_wireless_examples_ieee_802_15_4_mwa_end_device_freertos\framework\LED\Interface" -I"D:\Proyects\REDES191023\frdmkw41z_wireless_examples_ieee_802_15_4_mwa_end_device_freertos\framework\SerialManager\Source\SPI_Adapter" -I"D:\Proyects\REDES191023\frdmkw41z_wireless_examples_ieee_802_15_4_mwa_end_device_freertos\framework\SerialManager\Source\UART_Adapter" -I"D:\Proyects\REDES191023\frdmkw41z_wireless_examples_ieee_802_15_4_mwa_end_device_freertos\framework\SerialManager\Source\I2C_Adapter" -I"D:\Proyects\REDES191023\frdmkw41z_wireless_examples_ieee_802_15_4_mwa_end_device_freertos\framework\Flash\Internal" -I"D:\Proyects\REDES191023\frdmkw41z_wireless_examples_ieee_802_15_4_mwa_end_device_freertos\framework\common" -I"D:\Proyects\REDES191023\frdmkw41z_wireless_examples_ieee_802_15_4_mwa_end_device_freertos\framework\MemManager\Interface" -I"D:\Proyects\REDES191023\frdmkw41z_wireless_examples_ieee_802_15_4_mwa_end_device_freertos\framework\Messaging\Interface" -I"D:\Proyects\REDES191023\frdmkw41z_wireless_examples_ieee_802_15_4_mwa_end_device_freertos\framework\Panic\Interface" -I"D:\Proyects\REDES191023\frdmkw41z_wireless_examples_ieee_802_15_4_mwa_end_device_freertos\framework\RNG\Interface" -I"D:\Proyects\REDES191023\frdmkw41z_wireless_examples_ieee_802_15_4_mwa_end_device_freertos\framework\SerialManager\Interface" -I"D:\Proyects\REDES191023\frdmkw41z_wireless_examples_ieee_802_15_4_mwa_end_device_freertos\framework\TimersManager\Interface" -I"D:\Proyects\REDES191023\frdmkw41z_wireless_examples_ieee_802_15_4_mwa_end_device_freertos\framework\TimersManager\Source" -I"D:\Proyects\REDES191023\frdmkw41z_wireless_examples_ieee_802_15_4_mwa_end_device_freertos\framework\ModuleInfo" -I"D:\Proyects\REDES191023\frdmkw41z_wireless_examples_ieee_802_15_4_mwa_end_device_freertos\framework\FunctionLib" -I"D:\Proyects\REDES191023\frdmkw41z_wireless_examples_ieee_802_15_4_mwa_end_device_freertos\framework\Lists" -I"D:\Proyects\REDES191023\frdmkw41z_wireless_examples_ieee_802_15_4_mwa_end_device_freertos\framework\SecLib" -I"D:\Proyects\REDES191023\frdmkw41z_wireless_examples_ieee_802_15_4_mwa_end_device_freertos\framework\NVM\Interface" -I"D:\Proyects\REDES191023\frdmkw41z_wireless_examples_ieee_802_15_4_mwa_end_device_freertos\framework\NVM\Source" -I"D:\Proyects\REDES191023\frdmkw41z_wireless_examples_ieee_802_15_4_mwa_end_device_freertos\framework\LowPower\Interface\MKW41Z" -I"D:\Proyects\REDES191023\frdmkw41z_wireless_examples_ieee_802_15_4_mwa_end_device_freertos\framework\LowPower\Source\MKW41Z" -I"D:\Proyects\REDES191023\frdmkw41z_wireless_examples_ieee_802_15_4_mwa_end_device_freertos\framework\MWSCoexistence\Interface" -I"D:\Proyects\REDES191023\frdmkw41z_wireless_examples_ieee_802_15_4_mwa_end_device_freertos\drivers" -I"D:\Proyects\REDES191023\frdmkw41z_wireless_examples_ieee_802_15_4_mwa_end_device_freertos\framework\DCDC\Interface" -I"D:\Proyects\REDES191023\frdmkw41z_wireless_examples_ieee_802_15_4_mwa_end_device_freertos\framework\XCVR\MKW41Z4" -I"D:\Proyects\REDES191023\frdmkw41z_wireless_examples_ieee_802_15_4_mwa_end_device_freertos\ieee_802.15.4\phy\source\MKW41Z" -I"D:\Proyects\REDES191023\frdmkw41z_wireless_examples_ieee_802_15_4_mwa_end_device_freertos\CMSIS" -I"D:\Proyects\REDES191023\frdmkw41z_wireless_examples_ieee_802_15_4_mwa_end_device_freertos\utilities" -I"D:\Proyects\REDES191023\frdmkw41z_wireless_examples_ieee_802_15_4_mwa_end_device_freertos\board" -O0 -fno-common -g -Wall -c  -ffunction-sections  -fdata-sections  -ffreestanding  -fno-builtin -imacros "D:/Proyects/REDES191023/frdmkw41z_wireless_examples_ieee_802_15_4_mwa_end_device_freertos/source/app_preinclude.h" -fmerge-constants -fmacro-prefix-map="../source/"= -mcpu=cortex-m0plus -mthumb -D__REDLIB__ -fstack-usage -specs=redlib.specs -MMD -MP -MF"source/mwa_end_device.d" -MT"source/mwa_end_device.o" -MT"source/mwa_end_device.d" -o "source/mwa_end_device.o" "../source/mwa_end_device.c"
In file included from ../source/mwa_end_device.c:30:
../source/MyNewTask.h:30:13: warning: 'myTaskTimerCallback' declared 'static' but never defined [-Wunused-function]
   30 | static void myTaskTimerCallback(void *param);
      |             ^~~~~~~~~~~~~~~~~~~
Finished building: ../source/mwa_end_device.c
 
Building target: frdmkw41z_wireless_examples_ieee_802_15_4_mwa_end_device_freertos.axf
Invoking: MCU Linker
arm-none-eabi-gcc -L"D:\Proyects\REDES191023\frdmkw41z_wireless_examples_ieee_802_15_4_mwa_end_device_freertos\libs" -Xlinker -Map="frdmkw41z_wireless_examples_ieee_802_15_4_mwa_end_device_freertos.map" -Xlinker --gc-sections -Xlinker -print-memory-usage -Xlinker --sort-section=alignment -Xlinker --cref -mcpu=cortex-m0plus -mthumb -T MKW41Z512xxx4_connectivity.ld -L ../source -o "frdmkw41z_wireless_examples_ieee_802_15_4_mwa_end_device_freertos.axf" ./utilities/fsl_debug_console.o  ./startup/startup_MKW41Z4.o  ./source/MyNewTask.o ./source/mtb.o ./source/mwa_end_device.o ./source/semihost_hardfault.o  ./ieee_802.15.4/phy/source/MKW41Z/ASP.o ./ieee_802.15.4/phy/source/MKW41Z/MPM.o ./ieee_802.15.4/phy/source/MKW41Z/PhyISR.o ./ieee_802.15.4/phy/source/MKW41Z/PhyPacketProcessor.o ./ieee_802.15.4/phy/source/MKW41Z/PhyPlmeData.o ./ieee_802.15.4/phy/source/MKW41Z/PhyStateMachine.o ./ieee_802.15.4/phy/source/MKW41Z/PhyTime.o  ./ieee_802.15.4/mac/source/App/FsciAspCommands.o ./ieee_802.15.4/mac/source/App/FsciMacCommands.o ./ieee_802.15.4/mac/source/App/MacGlobals.o  ./freertos/croutine.o ./freertos/event_groups.o ./freertos/fsl_tickless_lptmr.o ./freertos/fsl_tickless_systick.o ./freertos/heap_4.o ./freertos/list.o ./freertos/port.o ./freertos/queue.o ./freertos/tasks.o ./freertos/timers.o  ./framework/XCVR/MKW41Z4/cfgs_kw4x_3x_2x/fsl_xcvr_ant_config.o ./framework/XCVR/MKW41Z4/cfgs_kw4x_3x_2x/fsl_xcvr_ble_config.o ./framework/XCVR/MKW41Z4/cfgs_kw4x_3x_2x/fsl_xcvr_common_config.o ./framework/XCVR/MKW41Z4/cfgs_kw4x_3x_2x/fsl_xcvr_gfsk_bt_0p3_h_0p5_config.o ./framework/XCVR/MKW41Z4/cfgs_kw4x_3x_2x/fsl_xcvr_gfsk_bt_0p5_h_0p32_config.o ./framework/XCVR/MKW41Z4/cfgs_kw4x_3x_2x/fsl_xcvr_gfsk_bt_0p5_h_0p5_config.o ./framework/XCVR/MKW41Z4/cfgs_kw4x_3x_2x/fsl_xcvr_gfsk_bt_0p5_h_0p7_config.o ./framework/XCVR/MKW41Z4/cfgs_kw4x_3x_2x/fsl_xcvr_gfsk_bt_0p5_h_1p0_config.o ./framework/XCVR/MKW41Z4/cfgs_kw4x_3x_2x/fsl_xcvr_gfsk_bt_0p7_h_0p5_config.o ./framework/XCVR/MKW41Z4/cfgs_kw4x_3x_2x/fsl_xcvr_mode_datarate_config.o ./framework/XCVR/MKW41Z4/cfgs_kw4x_3x_2x/fsl_xcvr_msk_config.o ./framework/XCVR/MKW41Z4/cfgs_kw4x_3x_2x/fsl_xcvr_zgbe_config.o  ./framework/XCVR/MKW41Z4/dbg_ram_capture.o ./framework/XCVR/MKW41Z4/fsl_xcvr.o ./framework/XCVR/MKW41Z4/fsl_xcvr_trim.o ./framework/XCVR/MKW41Z4/ifr_radio.o  ./framework/TimersManager/Source/TMR_Adapter.o ./framework/TimersManager/Source/TimersManager.o  ./framework/SerialManager/Source/UART_Adapter/UART_Adapter.o  ./framework/SerialManager/Source/SPI_Adapter/SPI_Adapter.o  ./framework/SerialManager/Source/I2C_Adapter/I2C_Adapter.o  ./framework/SerialManager/Source/SerialManager.o  ./framework/SecLib/SecLib.o  ./framework/Reset/Reset.o  ./framework/RNG/Source/RNG.o  ./framework/Panic/Source/Panic.o  ./framework/OSAbstraction/Source/fsl_os_abstraction_free_rtos.o  ./framework/NVM/Source/NV_Flash.o ./framework/NVM/Source/NV_FsciCommands.o  ./framework/ModuleInfo/ModuleInfo.o  ./framework/Messaging/Source/Messaging.o  ./framework/MemManager/Source/MemManager.o  ./framework/MWSCoexistence/Source/MWS.o  ./framework/LowPower/Source/MKW41Z/PWR.o ./framework/LowPower/Source/MKW41Z/PWRLib.o  ./framework/Lists/GenericList.o  ./framework/LED/Source/LED.o  ./framework/Keyboard/Source/Keyboard.o  ./framework/GPIO/GPIO_Adapter.o  ./framework/FunctionLib/FunctionLib.o  ./framework/Flash/Internal/Flash_Adapter.o  ./framework/DCDC/Source/DCDC.o  ./drivers/fsl_adc16.o ./drivers/fsl_clock.o ./drivers/fsl_common.o ./drivers/fsl_dspi.o ./drivers/fsl_dspi_freertos.o ./drivers/fsl_flash.o ./drivers/fsl_gpio.o ./drivers/fsl_i2c.o ./drivers/fsl_i2c_freertos.o ./drivers/fsl_llwu.o ./drivers/fsl_lptmr.o ./drivers/fsl_lpuart.o ./drivers/fsl_lpuart_freertos.o ./drivers/fsl_ltc.o ./drivers/fsl_pmc.o ./drivers/fsl_rtc.o ./drivers/fsl_smc.o ./drivers/fsl_tpm.o ./drivers/fsl_trng.o ./drivers/fsl_tsi_v4.o  ./board/board.o ./board/clock_config.o ./board/gpio_pins.o ./board/pin_mux.o  ./CMSIS/system_MKW41Z4.o   -lm -lc -lgcc -lnosys -l_crypto_m0 -l802.15.4_mac_06_cm0
Memory region         Used Size  Region Size  %age Used
    TEXT_region1:         192 B         1 KB     18.75%
m_flash_config_region:          16 B         16 B    100.00%
    TEXT_region2:      129891 B     513006 B     25.32%
      NVM_region:        8191 B       8191 B    100.00%
    DATA1_region:          0 GB        32 KB      0.00%
    DATA2_region:       20488 B        96 KB     20.84%
PRODUCT_INFO_region:          0 GB       2047 B      0.00%
Finished building target: frdmkw41z_wireless_examples_ieee_802_15_4_mwa_end_device_freertos.axf
 
Performing post-build steps
arm-none-eabi-size "frdmkw41z_wireless_examples_ieee_802_15_4_mwa_end_device_freertos.axf"; # arm-none-eabi-objcopy -v -O binary "frdmkw41z_wireless_examples_ieee_802_15_4_mwa_end_device_freertos.axf" "frdmkw41z_wireless_examples_ieee_802_15_4_mwa_end_device_freertos.bin" ; # checksum -p MKW41Z512xxx4 -d "frdmkw41z_wireless_examples_ieee_802_15_4_mwa_end_device_freertos.bin";
   text	   data	    bss	    dec	    hex	filename
 130072	   9759	  18928	 158759	  26c27	frdmkw41z_wireless_examples_ieee_802_15_4_mwa_end_device_freertos.axf
 
12:27:57 **** Incremental Build of configuration Debug for project frdmkw41z_wireless_examples_ieee_802_15_4_mwa_end_device_freertos ****
make -r -j8 all 
Building file: ../source/mwa_end_device.c
Invoking: MCU C Compiler
arm-none-eabi-gcc -std=gnu99 -D__REDLIB__ -DCPU_MKW41Z512VHT4 -DCPU_MKW41Z512VHT4_cm0plus -DFSL_RTOS_FREE_RTOS -DFRDM_KW41Z -DFREEDOM -DSDK_DEBUGCONSOLE=1 -DCR_INTEGER_PRINTF -DPRINTF_FLOAT_ENABLE=0 -D__MCUXPRESSO -D__USE_CMSIS -DDEBUG -I"D:\Proyects\REDES191023\frdmkw41z_wireless_examples_ieee_802_15_4_mwa_end_device_freertos\source" -I"D:\Proyects\REDES191023\frdmkw41z_wireless_examples_ieee_802_15_4_mwa_end_device_freertos" -I"D:\Proyects\REDES191023\frdmkw41z_wireless_examples_ieee_802_15_4_mwa_end_device_freertos\framework\OSAbstraction\Interface" -I"D:\Proyects\REDES191023\frdmkw41z_wireless_examples_ieee_802_15_4_mwa_end_device_freertos\freertos" -I"D:\Proyects\REDES191023\frdmkw41z_wireless_examples_ieee_802_15_4_mwa_end_device_freertos\ieee_802.15.4\mac\source\App" -I"D:\Proyects\REDES191023\frdmkw41z_wireless_examples_ieee_802_15_4_mwa_end_device_freertos\ieee_802.15.4\mac\interface" -I"D:\Proyects\REDES191023\frdmkw41z_wireless_examples_ieee_802_15_4_mwa_end_device_freertos\ieee_802.15.4\phy\interface" -I"D:\Proyects\REDES191023\frdmkw41z_wireless_examples_ieee_802_15_4_mwa_end_device_freertos\framework\GPIO" -I"D:\Proyects\REDES191023\frdmkw41z_wireless_examples_ieee_802_15_4_mwa_end_device_freertos\framework\Keyboard\Interface" -I"D:\Proyects\REDES191023\frdmkw41z_wireless_examples_ieee_802_15_4_mwa_end_device_freertos\framework\LED\Interface" -I"D:\Proyects\REDES191023\frdmkw41z_wireless_examples_ieee_802_15_4_mwa_end_device_freertos\framework\SerialManager\Source\SPI_Adapter" -I"D:\Proyects\REDES191023\frdmkw41z_wireless_examples_ieee_802_15_4_mwa_end_device_freertos\framework\SerialManager\Source\UART_Adapter" -I"D:\Proyects\REDES191023\frdmkw41z_wireless_examples_ieee_802_15_4_mwa_end_device_freertos\framework\SerialManager\Source\I2C_Adapter" -I"D:\Proyects\REDES191023\frdmkw41z_wireless_examples_ieee_802_15_4_mwa_end_device_freertos\framework\Flash\Internal" -I"D:\Proyects\REDES191023\frdmkw41z_wireless_examples_ieee_802_15_4_mwa_end_device_freertos\framework\common" -I"D:\Proyects\REDES191023\frdmkw41z_wireless_examples_ieee_802_15_4_mwa_end_device_freertos\framework\MemManager\Interface" -I"D:\Proyects\REDES191023\frdmkw41z_wireless_examples_ieee_802_15_4_mwa_end_device_freertos\framework\Messaging\Interface" -I"D:\Proyects\REDES191023\frdmkw41z_wireless_examples_ieee_802_15_4_mwa_end_device_freertos\framework\Panic\Interface" -I"D:\Proyects\REDES191023\frdmkw41z_wireless_examples_ieee_802_15_4_mwa_end_device_freertos\framework\RNG\Interface" -I"D:\Proyects\REDES191023\frdmkw41z_wireless_examples_ieee_802_15_4_mwa_end_device_freertos\framework\SerialManager\Interface" -I"D:\Proyects\REDES191023\frdmkw41z_wireless_examples_ieee_802_15_4_mwa_end_device_freertos\framework\TimersManager\Interface" -I"D:\Proyects\REDES191023\frdmkw41z_wireless_examples_ieee_802_15_4_mwa_end_device_freertos\framework\TimersManager\Source" -I"D:\Proyects\REDES191023\frdmkw41z_wireless_examples_ieee_802_15_4_mwa_end_device_freertos\framework\ModuleInfo" -I"D:\Proyects\REDES191023\frdmkw41z_wireless_examples_ieee_802_15_4_mwa_end_device_freertos\framework\FunctionLib" -I"D:\Proyects\REDES191023\frdmkw41z_wireless_examples_ieee_802_15_4_mwa_end_device_freertos\framework\Lists" -I"D:\Proyects\REDES191023\frdmkw41z_wireless_examples_ieee_802_15_4_mwa_end_device_freertos\framework\SecLib" -I"D:\Proyects\REDES191023\frdmkw41z_wireless_examples_ieee_802_15_4_mwa_end_device_freertos\framework\NVM\Interface" -I"D:\Proyects\REDES191023\frdmkw41z_wireless_examples_ieee_802_15_4_mwa_end_device_freertos\framework\NVM\Source" -I"D:\Proyects\REDES191023\frdmkw41z_wireless_examples_ieee_802_15_4_mwa_end_device_freertos\framework\LowPower\Interface\MKW41Z" -I"D:\Proyects\REDES191023\frdmkw41z_wireless_examples_ieee_802_15_4_mwa_end_device_freertos\framework\LowPower\Source\MKW41Z" -I"D:\Proyects\REDES191023\frdmkw41z_wireless_examples_ieee_802_15_4_mwa_end_device_freertos\framework\MWSCoexistence\Interface" -I"D:\Proyects\REDES191023\frdmkw41z_wireless_examples_ieee_802_15_4_mwa_end_device_freertos\drivers" -I"D:\Proyects\REDES191023\frdmkw41z_wireless_examples_ieee_802_15_4_mwa_end_device_freertos\framework\DCDC\Interface" -I"D:\Proyects\REDES191023\frdmkw41z_wireless_examples_ieee_802_15_4_mwa_end_device_freertos\framework\XCVR\MKW41Z4" -I"D:\Proyects\REDES191023\frdmkw41z_wireless_examples_ieee_802_15_4_mwa_end_device_freertos\ieee_802.15.4\phy\source\MKW41Z" -I"D:\Proyects\REDES191023\frdmkw41z_wireless_examples_ieee_802_15_4_mwa_end_device_freertos\CMSIS" -I"D:\Proyects\REDES191023\frdmkw41z_wireless_examples_ieee_802_15_4_mwa_end_device_freertos\utilities" -I"D:\Proyects\REDES191023\frdmkw41z_wireless_examples_ieee_802_15_4_mwa_end_device_freertos\board" -O0 -fno-common -g -Wall -c  -ffunction-sections  -fdata-sections  -ffreestanding  -fno-builtin -imacros "D:/Proyects/REDES191023/frdmkw41z_wireless_examples_ieee_802_15_4_mwa_end_device_freertos/source/app_preinclude.h" -fmerge-constants -fmacro-prefix-map="../source/"= -mcpu=cortex-m0plus -mthumb -D__REDLIB__ -fstack-usage -specs=redlib.specs -MMD -MP -MF"source/mwa_end_device.d" -MT"source/mwa_end_device.o" -MT"source/mwa_end_device.d" -o "source/mwa_end_device.o" "../source/mwa_end_device.c"
In file included from ../source/mwa_end_device.c:30:
../source/MyNewTask.h:30:13: warning: 'myTaskTimerCallback' declared 'static' but never defined [-Wunused-function]
   30 | static void myTaskTimerCallback(void *param);
      |             ^~~~~~~~~~~~~~~~~~~
Finished building: ../source/mwa_end_device.c
 
Building target: frdmkw41z_wireless_examples_ieee_802_15_4_mwa_end_device_freertos.axf
Invoking: MCU Linker
arm-none-eabi-gcc -L"D:\Proyects\REDES191023\frdmkw41z_wireless_examples_ieee_802_15_4_mwa_end_device_freertos\libs" -Xlinker -Map="frdmkw41z_wireless_examples_ieee_802_15_4_mwa_end_device_freertos.map" -Xlinker --gc-sections -Xlinker -print-memory-usage -Xlinker --sort-section=alignment -Xlinker --cref -mcpu=cortex-m0plus -mthumb -T MKW41Z512xxx4_connectivity.ld -L ../source -o "frdmkw41z_wireless_examples_ieee_802_15_4_mwa_end_device_freertos.axf" ./utilities/fsl_debug_console.o  ./startup/startup_MKW41Z4.o  ./source/MyNewTask.o ./source/mtb.o ./source/mwa_end_device.o ./source/semihost_hardfault.o  ./ieee_802.15.4/phy/source/MKW41Z/ASP.o ./ieee_802.15.4/phy/source/MKW41Z/MPM.o ./ieee_802.15.4/phy/source/MKW41Z/PhyISR.o ./ieee_802.15.4/phy/source/MKW41Z/PhyPacketProcessor.o ./ieee_802.15.4/phy/source/MKW41Z/PhyPlmeData.o ./ieee_802.15.4/phy/source/MKW41Z/PhyStateMachine.o ./ieee_802.15.4/phy/source/MKW41Z/PhyTime.o  ./ieee_802.15.4/mac/source/App/FsciAspCommands.o ./ieee_802.15.4/mac/source/App/FsciMacCommands.o ./ieee_802.15.4/mac/source/App/MacGlobals.o  ./freertos/croutine.o ./freertos/event_groups.o ./freertos/fsl_tickless_lptmr.o ./freertos/fsl_tickless_systick.o ./freertos/heap_4.o ./freertos/list.o ./freertos/port.o ./freertos/queue.o ./freertos/tasks.o ./freertos/timers.o  ./framework/XCVR/MKW41Z4/cfgs_kw4x_3x_2x/fsl_xcvr_ant_config.o ./framework/XCVR/MKW41Z4/cfgs_kw4x_3x_2x/fsl_xcvr_ble_config.o ./framework/XCVR/MKW41Z4/cfgs_kw4x_3x_2x/fsl_xcvr_common_config.o ./framework/XCVR/MKW41Z4/cfgs_kw4x_3x_2x/fsl_xcvr_gfsk_bt_0p3_h_0p5_config.o ./framework/XCVR/MKW41Z4/cfgs_kw4x_3x_2x/fsl_xcvr_gfsk_bt_0p5_h_0p32_config.o ./framework/XCVR/MKW41Z4/cfgs_kw4x_3x_2x/fsl_xcvr_gfsk_bt_0p5_h_0p5_config.o ./framework/XCVR/MKW41Z4/cfgs_kw4x_3x_2x/fsl_xcvr_gfsk_bt_0p5_h_0p7_config.o ./framework/XCVR/MKW41Z4/cfgs_kw4x_3x_2x/fsl_xcvr_gfsk_bt_0p5_h_1p0_config.o ./framework/XCVR/MKW41Z4/cfgs_kw4x_3x_2x/fsl_xcvr_gfsk_bt_0p7_h_0p5_config.o ./framework/XCVR/MKW41Z4/cfgs_kw4x_3x_2x/fsl_xcvr_mode_datarate_config.o ./framework/XCVR/MKW41Z4/cfgs_kw4x_3x_2x/fsl_xcvr_msk_config.o ./framework/XCVR/MKW41Z4/cfgs_kw4x_3x_2x/fsl_xcvr_zgbe_config.o  ./framework/XCVR/MKW41Z4/dbg_ram_capture.o ./framework/XCVR/MKW41Z4/fsl_xcvr.o ./framework/XCVR/MKW41Z4/fsl_xcvr_trim.o ./framework/XCVR/MKW41Z4/ifr_radio.o  ./framework/TimersManager/Source/TMR_Adapter.o ./framework/TimersManager/Source/TimersManager.o  ./framework/SerialManager/Source/UART_Adapter/UART_Adapter.o  ./framework/SerialManager/Source/SPI_Adapter/SPI_Adapter.o  ./framework/SerialManager/Source/I2C_Adapter/I2C_Adapter.o  ./framework/SerialManager/Source/SerialManager.o  ./framework/SecLib/SecLib.o  ./framework/Reset/Reset.o  ./framework/RNG/Source/RNG.o  ./framework/Panic/Source/Panic.o  ./framework/OSAbstraction/Source/fsl_os_abstraction_free_rtos.o  ./framework/NVM/Source/NV_Flash.o ./framework/NVM/Source/NV_FsciCommands.o  ./framework/ModuleInfo/ModuleInfo.o  ./framework/Messaging/Source/Messaging.o  ./framework/MemManager/Source/MemManager.o  ./framework/MWSCoexistence/Source/MWS.o  ./framework/LowPower/Source/MKW41Z/PWR.o ./framework/LowPower/Source/MKW41Z/PWRLib.o  ./framework/Lists/GenericList.o  ./framework/LED/Source/LED.o  ./framework/Keyboard/Source/Keyboard.o  ./framework/GPIO/GPIO_Adapter.o  ./framework/FunctionLib/FunctionLib.o  ./framework/Flash/Internal/Flash_Adapter.o  ./framework/DCDC/Source/DCDC.o  ./drivers/fsl_adc16.o ./drivers/fsl_clock.o ./drivers/fsl_common.o ./drivers/fsl_dspi.o ./drivers/fsl_dspi_freertos.o ./drivers/fsl_flash.o ./drivers/fsl_gpio.o ./drivers/fsl_i2c.o ./drivers/fsl_i2c_freertos.o ./drivers/fsl_llwu.o ./drivers/fsl_lptmr.o ./drivers/fsl_lpuart.o ./drivers/fsl_lpuart_freertos.o ./drivers/fsl_ltc.o ./drivers/fsl_pmc.o ./drivers/fsl_rtc.o ./drivers/fsl_smc.o ./drivers/fsl_tpm.o ./drivers/fsl_trng.o ./drivers/fsl_tsi_v4.o  ./board/board.o ./board/clock_config.o ./board/gpio_pins.o ./board/pin_mux.o  ./CMSIS/system_MKW41Z4.o   -lm -lc -lgcc -lnosys -l_crypto_m0 -l802.15.4_mac_06_cm0
Memory region         Used Size  Region Size  %age Used
    TEXT_region1:         192 B         1 KB     18.75%
m_flash_config_region:          16 B         16 B    100.00%
    TEXT_region2:      129939 B     513006 B     25.33%
      NVM_region:        8191 B       8191 B    100.00%
    DATA1_region:          0 GB        32 KB      0.00%
    DATA2_region:       20488 B        96 KB     20.84%
PRODUCT_INFO_region:          0 GB       2047 B      0.00%
Finished building target: frdmkw41z_wireless_examples_ieee_802_15_4_mwa_end_device_freertos.axf
 
Performing post-build steps
arm-none-eabi-size "frdmkw41z_wireless_examples_ieee_802_15_4_mwa_end_device_freertos.axf"; # arm-none-eabi-objcopy -v -O binary "frdmkw41z_wireless_examples_ieee_802_15_4_mwa_end_device_freertos.axf" "frdmkw41z_wireless_examples_ieee_802_15_4_mwa_end_device_freertos.bin" ; # checksum -p MKW41Z512xxx4 -d "frdmkw41z_wireless_examples_ieee_802_15_4_mwa_end_device_freertos.bin";
   text	   data	    bss	    dec	    hex	filename
 130120	   9759	  18928	 158807	  26c57	frdmkw41z_wireless_examples_ieee_802_15_4_mwa_end_device_freertos.axf
 
12:30:57 **** Incremental Build of configuration Debug for project frdmkw41z_wireless_examples_ieee_802_15_4_mwa_end_device_freertos ****
make -r -j8 all 
Building file: ../source/MyNewTask.c
Invoking: MCU C Compiler
arm-none-eabi-gcc -std=gnu99 -D__REDLIB__ -DCPU_MKW41Z512VHT4 -DCPU_MKW41Z512VHT4_cm0plus -DFSL_RTOS_FREE_RTOS -DFRDM_KW41Z -DFREEDOM -DSDK_DEBUGCONSOLE=1 -DCR_INTEGER_PRINTF -DPRINTF_FLOAT_ENABLE=0 -D__MCUXPRESSO -D__USE_CMSIS -DDEBUG -I"D:\Proyects\REDES191023\frdmkw41z_wireless_examples_ieee_802_15_4_mwa_end_device_freertos\source" -I"D:\Proyects\REDES191023\frdmkw41z_wireless_examples_ieee_802_15_4_mwa_end_device_freertos" -I"D:\Proyects\REDES191023\frdmkw41z_wireless_examples_ieee_802_15_4_mwa_end_device_freertos\framework\OSAbstraction\Interface" -I"D:\Proyects\REDES191023\frdmkw41z_wireless_examples_ieee_802_15_4_mwa_end_device_freertos\freertos" -I"D:\Proyects\REDES191023\frdmkw41z_wireless_examples_ieee_802_15_4_mwa_end_device_freertos\ieee_802.15.4\mac\source\App" -I"D:\Proyects\REDES191023\frdmkw41z_wireless_examples_ieee_802_15_4_mwa_end_device_freertos\ieee_802.15.4\mac\interface" -I"D:\Proyects\REDES191023\frdmkw41z_wireless_examples_ieee_802_15_4_mwa_end_device_freertos\ieee_802.15.4\phy\interface" -I"D:\Proyects\REDES191023\frdmkw41z_wireless_examples_ieee_802_15_4_mwa_end_device_freertos\framework\GPIO" -I"D:\Proyects\REDES191023\frdmkw41z_wireless_examples_ieee_802_15_4_mwa_end_device_freertos\framework\Keyboard\Interface" -I"D:\Proyects\REDES191023\frdmkw41z_wireless_examples_ieee_802_15_4_mwa_end_device_freertos\framework\LED\Interface" -I"D:\Proyects\REDES191023\frdmkw41z_wireless_examples_ieee_802_15_4_mwa_end_device_freertos\framework\SerialManager\Source\SPI_Adapter" -I"D:\Proyects\REDES191023\frdmkw41z_wireless_examples_ieee_802_15_4_mwa_end_device_freertos\framework\SerialManager\Source\UART_Adapter" -I"D:\Proyects\REDES191023\frdmkw41z_wireless_examples_ieee_802_15_4_mwa_end_device_freertos\framework\SerialManager\Source\I2C_Adapter" -I"D:\Proyects\REDES191023\frdmkw41z_wireless_examples_ieee_802_15_4_mwa_end_device_freertos\framework\Flash\Internal" -I"D:\Proyects\REDES191023\frdmkw41z_wireless_examples_ieee_802_15_4_mwa_end_device_freertos\framework\common" -I"D:\Proyects\REDES191023\frdmkw41z_wireless_examples_ieee_802_15_4_mwa_end_device_freertos\framework\MemManager\Interface" -I"D:\Proyects\REDES191023\frdmkw41z_wireless_examples_ieee_802_15_4_mwa_end_device_freertos\framework\Messaging\Interface" -I"D:\Proyects\REDES191023\frdmkw41z_wireless_examples_ieee_802_15_4_mwa_end_device_freertos\framework\Panic\Interface" -I"D:\Proyects\REDES191023\frdmkw41z_wireless_examples_ieee_802_15_4_mwa_end_device_freertos\framework\RNG\Interface" -I"D:\Proyects\REDES191023\frdmkw41z_wireless_examples_ieee_802_15_4_mwa_end_device_freertos\framework\SerialManager\Interface" -I"D:\Proyects\REDES191023\frdmkw41z_wireless_examples_ieee_802_15_4_mwa_end_device_freertos\framework\TimersManager\Interface" -I"D:\Proyects\REDES191023\frdmkw41z_wireless_examples_ieee_802_15_4_mwa_end_device_freertos\framework\TimersManager\Source" -I"D:\Proyects\REDES191023\frdmkw41z_wireless_examples_ieee_802_15_4_mwa_end_device_freertos\framework\ModuleInfo" -I"D:\Proyects\REDES191023\frdmkw41z_wireless_examples_ieee_802_15_4_mwa_end_device_freertos\framework\FunctionLib" -I"D:\Proyects\REDES191023\frdmkw41z_wireless_examples_ieee_802_15_4_mwa_end_device_freertos\framework\Lists" -I"D:\Proyects\REDES191023\frdmkw41z_wireless_examples_ieee_802_15_4_mwa_end_device_freertos\framework\SecLib" -I"D:\Proyects\REDES191023\frdmkw41z_wireless_examples_ieee_802_15_4_mwa_end_device_freertos\framework\NVM\Interface" -I"D:\Proyects\REDES191023\frdmkw41z_wireless_examples_ieee_802_15_4_mwa_end_device_freertos\framework\NVM\Source" -I"D:\Proyects\REDES191023\frdmkw41z_wireless_examples_ieee_802_15_4_mwa_end_device_freertos\framework\LowPower\Interface\MKW41Z" -I"D:\Proyects\REDES191023\frdmkw41z_wireless_examples_ieee_802_15_4_mwa_end_device_freertos\framework\LowPower\Source\MKW41Z" -I"D:\Proyects\REDES191023\frdmkw41z_wireless_examples_ieee_802_15_4_mwa_end_device_freertos\framework\MWSCoexistence\Interface" -I"D:\Proyects\REDES191023\frdmkw41z_wireless_examples_ieee_802_15_4_mwa_end_device_freertos\drivers" -I"D:\Proyects\REDES191023\frdmkw41z_wireless_examples_ieee_802_15_4_mwa_end_device_freertos\framework\DCDC\Interface" -I"D:\Proyects\REDES191023\frdmkw41z_wireless_examples_ieee_802_15_4_mwa_end_device_freertos\framework\XCVR\MKW41Z4" -I"D:\Proyects\REDES191023\frdmkw41z_wireless_examples_ieee_802_15_4_mwa_end_device_freertos\ieee_802.15.4\phy\source\MKW41Z" -I"D:\Proyects\REDES191023\frdmkw41z_wireless_examples_ieee_802_15_4_mwa_end_device_freertos\CMSIS" -I"D:\Proyects\REDES191023\frdmkw41z_wireless_examples_ieee_802_15_4_mwa_end_device_freertos\utilities" -I"D:\Proyects\REDES191023\frdmkw41z_wireless_examples_ieee_802_15_4_mwa_end_device_freertos\board" -O0 -fno-common -g -Wall -c  -ffunction-sections  -fdata-sections  -ffreestanding  -fno-builtin -imacros "D:/Proyects/REDES191023/frdmkw41z_wireless_examples_ieee_802_15_4_mwa_end_device_freertos/source/app_preinclude.h" -fmerge-constants -fmacro-prefix-map="../source/"= -mcpu=cortex-m0plus -mthumb -D__REDLIB__ -fstack-usage -specs=redlib.specs -MMD -MP -MF"source/MyNewTask.d" -MT"source/MyNewTask.o" -MT"source/MyNewTask.d" -o "source/MyNewTask.o" "../source/MyNewTask.c"
Finished building: ../source/MyNewTask.c
 
Building target: frdmkw41z_wireless_examples_ieee_802_15_4_mwa_end_device_freertos.axf
Invoking: MCU Linker
arm-none-eabi-gcc -L"D:\Proyects\REDES191023\frdmkw41z_wireless_examples_ieee_802_15_4_mwa_end_device_freertos\libs" -Xlinker -Map="frdmkw41z_wireless_examples_ieee_802_15_4_mwa_end_device_freertos.map" -Xlinker --gc-sections -Xlinker -print-memory-usage -Xlinker --sort-section=alignment -Xlinker --cref -mcpu=cortex-m0plus -mthumb -T MKW41Z512xxx4_connectivity.ld -L ../source -o "frdmkw41z_wireless_examples_ieee_802_15_4_mwa_end_device_freertos.axf" ./utilities/fsl_debug_console.o  ./startup/startup_MKW41Z4.o  ./source/MyNewTask.o ./source/mtb.o ./source/mwa_end_device.o ./source/semihost_hardfault.o  ./ieee_802.15.4/phy/source/MKW41Z/ASP.o ./ieee_802.15.4/phy/source/MKW41Z/MPM.o ./ieee_802.15.4/phy/source/MKW41Z/PhyISR.o ./ieee_802.15.4/phy/source/MKW41Z/PhyPacketProcessor.o ./ieee_802.15.4/phy/source/MKW41Z/PhyPlmeData.o ./ieee_802.15.4/phy/source/MKW41Z/PhyStateMachine.o ./ieee_802.15.4/phy/source/MKW41Z/PhyTime.o  ./ieee_802.15.4/mac/source/App/FsciAspCommands.o ./ieee_802.15.4/mac/source/App/FsciMacCommands.o ./ieee_802.15.4/mac/source/App/MacGlobals.o  ./freertos/croutine.o ./freertos/event_groups.o ./freertos/fsl_tickless_lptmr.o ./freertos/fsl_tickless_systick.o ./freertos/heap_4.o ./freertos/list.o ./freertos/port.o ./freertos/queue.o ./freertos/tasks.o ./freertos/timers.o  ./framework/XCVR/MKW41Z4/cfgs_kw4x_3x_2x/fsl_xcvr_ant_config.o ./framework/XCVR/MKW41Z4/cfgs_kw4x_3x_2x/fsl_xcvr_ble_config.o ./framework/XCVR/MKW41Z4/cfgs_kw4x_3x_2x/fsl_xcvr_common_config.o ./framework/XCVR/MKW41Z4/cfgs_kw4x_3x_2x/fsl_xcvr_gfsk_bt_0p3_h_0p5_config.o ./framework/XCVR/MKW41Z4/cfgs_kw4x_3x_2x/fsl_xcvr_gfsk_bt_0p5_h_0p32_config.o ./framework/XCVR/MKW41Z4/cfgs_kw4x_3x_2x/fsl_xcvr_gfsk_bt_0p5_h_0p5_config.o ./framework/XCVR/MKW41Z4/cfgs_kw4x_3x_2x/fsl_xcvr_gfsk_bt_0p5_h_0p7_config.o ./framework/XCVR/MKW41Z4/cfgs_kw4x_3x_2x/fsl_xcvr_gfsk_bt_0p5_h_1p0_config.o ./framework/XCVR/MKW41Z4/cfgs_kw4x_3x_2x/fsl_xcvr_gfsk_bt_0p7_h_0p5_config.o ./framework/XCVR/MKW41Z4/cfgs_kw4x_3x_2x/fsl_xcvr_mode_datarate_config.o ./framework/XCVR/MKW41Z4/cfgs_kw4x_3x_2x/fsl_xcvr_msk_config.o ./framework/XCVR/MKW41Z4/cfgs_kw4x_3x_2x/fsl_xcvr_zgbe_config.o  ./framework/XCVR/MKW41Z4/dbg_ram_capture.o ./framework/XCVR/MKW41Z4/fsl_xcvr.o ./framework/XCVR/MKW41Z4/fsl_xcvr_trim.o ./framework/XCVR/MKW41Z4/ifr_radio.o  ./framework/TimersManager/Source/TMR_Adapter.o ./framework/TimersManager/Source/TimersManager.o  ./framework/SerialManager/Source/UART_Adapter/UART_Adapter.o  ./framework/SerialManager/Source/SPI_Adapter/SPI_Adapter.o  ./framework/SerialManager/Source/I2C_Adapter/I2C_Adapter.o  ./framework/SerialManager/Source/SerialManager.o  ./framework/SecLib/SecLib.o  ./framework/Reset/Reset.o  ./framework/RNG/Source/RNG.o  ./framework/Panic/Source/Panic.o  ./framework/OSAbstraction/Source/fsl_os_abstraction_free_rtos.o  ./framework/NVM/Source/NV_Flash.o ./framework/NVM/Source/NV_FsciCommands.o  ./framework/ModuleInfo/ModuleInfo.o  ./framework/Messaging/Source/Messaging.o  ./framework/MemManager/Source/MemManager.o  ./framework/MWSCoexistence/Source/MWS.o  ./framework/LowPower/Source/MKW41Z/PWR.o ./framework/LowPower/Source/MKW41Z/PWRLib.o  ./framework/Lists/GenericList.o  ./framework/LED/Source/LED.o  ./framework/Keyboard/Source/Keyboard.o  ./framework/GPIO/GPIO_Adapter.o  ./framework/FunctionLib/FunctionLib.o  ./framework/Flash/Internal/Flash_Adapter.o  ./framework/DCDC/Source/DCDC.o  ./drivers/fsl_adc16.o ./drivers/fsl_clock.o ./drivers/fsl_common.o ./drivers/fsl_dspi.o ./drivers/fsl_dspi_freertos.o ./drivers/fsl_flash.o ./drivers/fsl_gpio.o ./drivers/fsl_i2c.o ./drivers/fsl_i2c_freertos.o ./drivers/fsl_llwu.o ./drivers/fsl_lptmr.o ./drivers/fsl_lpuart.o ./drivers/fsl_lpuart_freertos.o ./drivers/fsl_ltc.o ./drivers/fsl_pmc.o ./drivers/fsl_rtc.o ./drivers/fsl_smc.o ./drivers/fsl_tpm.o ./drivers/fsl_trng.o ./drivers/fsl_tsi_v4.o  ./board/board.o ./board/clock_config.o ./board/gpio_pins.o ./board/pin_mux.o  ./CMSIS/system_MKW41Z4.o   -lm -lc -lgcc -lnosys -l_crypto_m0 -l802.15.4_mac_06_cm0
Memory region         Used Size  Region Size  %age Used
    TEXT_region1:         192 B         1 KB     18.75%
m_flash_config_region:          16 B         16 B    100.00%
    TEXT_region2:      129947 B     513006 B     25.33%
      NVM_region:        8191 B       8191 B    100.00%
    DATA1_region:          0 GB        32 KB      0.00%
    DATA2_region:       20488 B        96 KB     20.84%
PRODUCT_INFO_region:          0 GB       2047 B      0.00%
Finished building target: frdmkw41z_wireless_examples_ieee_802_15_4_mwa_end_device_freertos.axf
 
Performing post-build steps
arm-none-eabi-size "frdmkw41z_wireless_examples_ieee_802_15_4_mwa_end_device_freertos.axf"; # arm-none-eabi-objcopy -v -O binary "frdmkw41z_wireless_examples_ieee_802_15_4_mwa_end_device_freertos.axf" "frdmkw41z_wireless_examples_ieee_802_15_4_mwa_end_device_freertos.bin" ; # checksum -p MKW41Z512xxx4 -d "frdmkw41z_wireless_examples_ieee_802_15_4_mwa_end_device_freertos.bin";
   text	   data	    bss	    dec	    hex	filename
 130128	   9759	  18928	 158815	  26c5f	frdmkw41z_wireless_examples_ieee_802_15_4_mwa_end_device_freertos.axf
 
